ARM Linker, 5.03 [Build 24] [MDK-ARM Professional]

==============================================================================

Section Cross References

    startup_stm32f10x_md.o(RESET) refers to startup_stm32f10x_md.o(STACK) for __initial_sp
    startup_stm32f10x_md.o(RESET) refers to startup_stm32f10x_md.o(.text) for Reset_Handler
    startup_stm32f10x_md.o(RESET) refers to stm32f10x_it.o(.text) for NMI_Handler
    startup_stm32f10x_md.o(RESET) refers to hal_cm3.o(.emb_text) for SVC_Handler
    startup_stm32f10x_md.o(RESET) refers to can_stm32f103.o(.text) for USB_HP_CAN1_TX_IRQHandler
    startup_stm32f10x_md.o(.text) refers to system_stm32f10x.o(.text) for SystemInit
    startup_stm32f10x_md.o(.text) refers to entry.o(.ARM.Collect$$$$00000000) for __main
    rtx_config.o(.data) refers to rtx_config.o(.bss) for mp_tmr
    main.o(.text) refers to init.o(.text) for SWITs_Enable
    main.o(.text) refers to stm32f10x_gpio.o(.text) for GPIO_WriteBit
    main.o(.text) refers to main.o(.constdata) for .constdata
    main.o(.text) refers to main.o(.data) for ID_Num
    main.o(.text) refers to rt_event.o(i.rt_evt_wait) for rt_evt_wait
    main.o(.text) refers to main.o(.bss) for CAN_send_mailbox
    main.o(.text) refers to rt_mailbox.o(i.rt_mbx_send) for rt_mbx_send
    main.o(.text) refers to rt_time.o(i.rt_dly_wait) for rt_dly_wait
    main.o(.text) refers to rt_event.o(i.rt_evt_set) for rt_evt_set
    main.o(.text) refers to rt_time.o(i.rt_itv_set) for rt_itv_set
    main.o(.text) refers to rt_time.o(i.rt_itv_wait) for rt_itv_wait
    main.o(.text) refers to rtx_can.o(.text) for CAN_receive
    main.o(.text) refers to hal_cm3.o(.emb_text) for os_set_env
    main.o(.text) refers to rt_event.o(i.rt_evt_clr) for rt_evt_clr
    main.o(.text) refers to rt_mailbox.o(i.rt_mbx_wait) for rt_mbx_wait
    main.o(.text) refers to rt_mailbox.o(i.rt_mbx_init) for rt_mbx_init
    main.o(.text) refers to rt_task.o(i.rt_tsk_create) for rt_tsk_create
    main.o(.text) refers to rt_task.o(i.rt_tsk_delete) for rt_tsk_delete
    main.o(.text) refers to rt_task.o(i.rt_sys_init) for rt_sys_init
    init.o(.text) refers to stm32f10x_rcc.o(.text) for RCC_DeInit
    init.o(.text) refers to stm32f10x_flash.o(.text) for FLASH_PrefetchBufferCmd
    init.o(.text) refers to misc.o(.text) for NVIC_SetVectorTable
    init.o(.text) refers to stm32f10x_gpio.o(.text) for GPIO_Init
    init.o(.text) refers to stm32f10x_can.o(.text) for CAN_DeInit
    init.o(.text) refers to stm32f10x_dma.o(.text) for DMA_DeInit
    init.o(.text) refers to stm32f10x_adc.o(.text) for ADC_Init
    init.o(.text) refers to init.o(.bss) for ADC_BUFFER
    init.o(.text) refers to main.o(.bss) for ADC_buffer
    init.o(.text) refers to stm32f10x_tim.o(.text) for TIM_DeInit
    init.o(.text) refers to stm32f10x_iwdg.o(.text) for IWDG_WriteAccessCmd
    init.o(.text) refers to stm32f10x_exti.o(.text) for EXTI_Init
    init.o(.text) refers to stm32f10x_pwr.o(.text) for PWR_BackupAccessCmd
    init.o(.text) refers to stm32f10x_bkp.o(.text) for BKP_ClearFlag
    system_stm32f10x.o(.text) refers to system_stm32f10x.o(.data) for SystemCoreClock
    stm32f10x_it.o(.text) refers to stm32f10x_exti.o(.text) for EXTI_GetITStatus
    stm32f10x_it.o(.text) refers to stm32f10x_dma.o(.text) for DMA_GetITStatus
    stm32f10x_it.o(.text) refers to rt_event.o(i.isr_evt_set) for isr_evt_set
    stm32f10x_it.o(.text) refers to main.o(.bss) for test_n
    stm32f10x_it.o(.text) refers to main.o(.data) for tid_conflict_monitor
    stm32f10x_adc.o(.text) refers to stm32f10x_rcc.o(.text) for RCC_APB2PeriphResetCmd
    stm32f10x_bkp.o(.text) refers to stm32f10x_rcc.o(.text) for RCC_BackupResetCmd
    stm32f10x_can.o(.text) refers to stm32f10x_rcc.o(.text) for RCC_APB1PeriphResetCmd
    stm32f10x_cec.o(.text) refers to stm32f10x_rcc.o(.text) for RCC_APB1PeriphResetCmd
    stm32f10x_dac.o(.text) refers to stm32f10x_rcc.o(.text) for RCC_APB1PeriphResetCmd
    stm32f10x_gpio.o(.text) refers to stm32f10x_rcc.o(.text) for RCC_APB2PeriphResetCmd
    stm32f10x_i2c.o(.text) refers to stm32f10x_rcc.o(.text) for RCC_APB1PeriphResetCmd
    stm32f10x_pwr.o(.text) refers to stm32f10x_rcc.o(.text) for RCC_APB1PeriphResetCmd
    stm32f10x_rcc.o(.text) refers to stm32f10x_rcc.o(.data) for APBAHBPrescTable
    stm32f10x_spi.o(.text) refers to stm32f10x_rcc.o(.text) for RCC_APB2PeriphResetCmd
    stm32f10x_tim.o(.text) refers to stm32f10x_rcc.o(.text) for RCC_APB2PeriphResetCmd
    stm32f10x_usart.o(.text) refers to stm32f10x_rcc.o(.text) for RCC_APB2PeriphResetCmd
    stm32f10x_wwdg.o(.text) refers to stm32f10x_rcc.o(.text) for RCC_APB1PeriphResetCmd
    can_stm32f103.o(.text) refers to can_stm32f103.o(.data) for CAN_CTRL
    can_stm32f103.o(.text) refers to rtx_can.o(.bss) for wr_sem
    can_stm32f103.o(.text) refers to rt_semaphore.o(i.rt_sem_wait) for rt_sem_wait
    can_stm32f103.o(.text) refers to rt_semaphore.o(i.rt_sem_send) for rt_sem_send
[...]
    rt_list.o(i.rt_dec_dly) refers to rt_list.o(.bss) for .bss
    rt_list.o(i.rt_dec_dly) refers to rt_time.o(.data) for os_time
    rt_list.o(i.rt_get_same_rdy_prio) refers to rt_list.o(.bss) for .bss
    rt_list.o(i.rt_get_same_rdy_prio) refers to rt_task.o(.data) for os_tsk
    rt_list.o(i.rt_psq_enq) refers to rtx_config.o(.text) for os_error
    rt_list.o(i.rt_psq_enq) refers to rtx_config.o(.bss) for os_fifo
    rt_list.o(i.rt_put_dly) refers to rt_list.o(.bss) for .bss
    rt_list.o(i.rt_put_rdy_first) refers to rt_list.o(.bss) for .bss
    rt_list.o(i.rt_resort_prio) refers to rt_list.o(i.rt_rmv_list) for rt_rmv_list
    rt_list.o(i.rt_resort_prio) refers to rt_list.o(i.rt_put_prio) for rt_put_prio
    rt_list.o(i.rt_resort_prio) refers to rt_list.o(.bss) for .bss
    rt_list.o(i.rt_rmv_list) refers to rt_list.o(.bss) for .bss
    rt_robin.o(i.rt_chk_robin) refers to rt_list.o(i.rt_get_first) for rt_get_first
    rt_robin.o(i.rt_chk_robin) refers to rt_list.o(i.rt_put_prio) for rt_put_prio
    rt_robin.o(i.rt_chk_robin) refers to rt_robin.o(.data) for .data
    rt_robin.o(i.rt_chk_robin) refers to rt_list.o(.bss) for os_rdy
    rt_robin.o(i.rt_chk_robin) refers to rt_time.o(.data) for os_time
    rt_robin.o(i.rt_init_robin) refers to rt_robin.o(.data) for .data
    rt_robin.o(i.rt_init_robin) refers to rtx_config.o(.constdata) for os_rrobin
    rt_timer.o(i.rt_tmr_create) refers to rt_membox.o(i.rt_alloc_box) for rt_alloc_box
    rt_timer.o(i.rt_tmr_create) refers to rtx_config.o(.data) for m_tmr
    rt_timer.o(i.rt_tmr_create) refers to rt_timer.o(.data) for .data
    rt_timer.o(i.rt_tmr_kill) refers to rt_membox.o(i.rt_free_box) for rt_free_box
    rt_timer.o(i.rt_tmr_kill) refers to rt_timer.o(.data) for .data
    rt_timer.o(i.rt_tmr_kill) refers to rtx_config.o(.data) for m_tmr
    rt_timer.o(i.rt_tmr_tick) refers to rtx_config.o(.text) for os_tmr_call
    rt_timer.o(i.rt_tmr_tick) refers to rt_membox.o(i.rt_free_box) for rt_free_box
    rt_timer.o(i.rt_tmr_tick) refers to rt_timer.o(.data) for .data
    rt_timer.o(i.rt_tmr_tick) refers to rtx_config.o(.data) for m_tmr
    entry.o(.ARM.Collect$$$$00000000) refers (Special) to entry10a.o(.ARM.Collect$$$$0000000D) for __rt_final_cpp
    entry.o(.ARM.Collect$$$$00000000) refers (Special) to entry11a.o(.ARM.Collect$$$$0000000F) for __rt_final_exit
    entry.o(.ARM.Collect$$$$00000000) refers (Special) to entry7b.o(.ARM.Collect$$$$00000008) for _main_clock
    entry.o(.ARM.Collect$$$$00000000) refers (Special) to entry8b.o(.ARM.Collect$$$$0000000A) for _main_cpp_init
    entry.o(.ARM.Collect$$$$00000000) refers (Special) to entry9a.o(.ARM.Collect$$$$0000000B) for _main_init
    entry.o(.ARM.Collect$$$$00000000) refers (Special) to entry5.o(.ARM.Collect$$$$00000004) for _main_scatterload
    entry.o(.ARM.Collect$$$$00000000) refers (Special) to entry2.o(.ARM.Collect$$$$00000001) for _main_stk
    entry2.o(.ARM.Collect$$$$00000001) refers to entry2.o(.ARM.Collect$$$$00002712) for __lit__00000000
    entry2.o(.ARM.Collect$$$$00002712) refers to startup_stm32f10x_md.o(STACK) for __initial_sp
    entry2.o(__vectab_stack_and_reset_area) refers to startup_stm32f10x_md.o(STACK) for __initial_sp
    entry2.o(__vectab_stack_and_reset_area) refers to entry.o(.ARM.Collect$$$$00000000) for __main
    entry5.o(.ARM.Collect$$$$00000004) refers to init.o(.text) for __scatterload
    entry9a.o(.ARM.Collect$$$$0000000B) refers to main.o(.text) for main
    entry9b.o(.ARM.Collect$$$$0000000C) refers to main.o(.text) for main
    init.o(.text) refers to entry5.o(.ARM.Collect$$$$00000004) for __main_after_scatterload


==============================================================================

Removing Unused input sections from the image.

    Removing startup_stm32f10x_md.o(HEAP), (512 bytes).
    Removing stm32f10x_it.o(.data), (4 bytes).
    Removing core_cm3.o(.emb_text), (32 bytes).
    Removing stm32f10x_cec.o(.text), (288 bytes).
    Removing stm32f10x_crc.o(.text), (72 bytes).
    Removing stm32f10x_dac.o(.text), (396 bytes).
    Removing stm32f10x_dbgmcu.o(.text), (48 bytes).
    Removing stm32f10x_fsmc.o(.text), (1560 bytes).
    Removing stm32f10x_i2c.o(.text), (1028 bytes).
    Removing stm32f10x_rtc.o(.text), (324 bytes).
    Removing stm32f10x_sdio.o(.text), (472 bytes).
    Removing stm32f10x_spi.o(.text), (780 bytes).
    Removing stm32f10x_usart.o(.text), (1032 bytes).
    Removing stm32f10x_wwdg.o(.text), (136 bytes).
    Removing rt_task.o(i.rt_tsk_pass), (48 bytes).
    Removing rt_task.o(i.rt_tsk_prio), (128 bytes).
    Removing rt_task.o(i.rt_tsk_self), (16 bytes).
    Removing rt_event.o(i.rt_evt_get), (12 bytes).
    Removing rt_time.o(i.rt_time_get), (12 bytes).
    Removing rt_membox.o(i._calloc_box), (30 bytes).
    Removing rt_system.o(.emb_text), (0 bytes).
    Removing rt_system.o(i.rt_resume), (176 bytes).
    Removing rt_system.o(i.rt_suspend), (44 bytes).
    Removing rt_system.o(i.rt_tsk_lock), (80 bytes).
    Removing rt_system.o(i.rt_tsk_unlock), (80 bytes).
    Removing rt_list.o(i.rt_get_same_rdy_prio), (36 bytes).
    Removing rt_list.o(i.rt_resort_prio), (52 bytes).
    Removing rt_timer.o(i.rt_tmr_create), (80 bytes).
    Removing rt_timer.o(i.rt_tmr_kill), (52 bytes).

29 unused section(s) (total 7530 bytes) removed from the image.

==============================================================================

Image Symbol Table

    Local Symbols

    Symbol Name                              Value     Ov Type        Size  Object(Section)

    ../clib/microlib/init/entry.s            0x00000000   Number         0  entry5.o ABSOLUTE
    ../clib/microlib/init/entry.s            0x00000000   Number         0  entry8b.o ABSOLUTE
    ../clib/microlib/init/entry.s            0x00000000   Number         0  entry8a.o ABSOLUTE
    ../clib/microlib/init/entry.s            0x00000000   Number         0  entry7b.o ABSOLUTE
    ../clib/microlib/init/entry.s            0x00000000   Number         0  entry7a.o ABSOLUTE
    ../clib/microlib/init/entry.s            0x00000000   Number         0  entry2.o ABSOLUTE
    ../clib/microlib/init/entry.s            0x00000000   Number         0  entry.o ABSOLUTE
    ../clib/microlib/init/entry.s            0x00000000   Number         0  entry9a.o ABSOLUTE
    ../clib/microlib/init/entry.s            0x00000000   Number         0  entry9b.o ABSOLUTE
    ../clib/microlib/init/entry.s            0x00000000   Number         0  entry10a.o ABSOLUTE
    ../clib/microlib/init/entry.s            0x00000000   Number         0  entry10b.o ABSOLUTE
    ../clib/microlib/init/entry.s            0x00000000   Number         0  entry11a.o ABSOLUTE
    ../clib/microlib/init/entry.s            0x00000000   Number         0  entry11b.o ABSOLUTE
    ..\CAN_Core\RTX_CAN.c                    0x00000000   Number         0  rtx_can.o ABSOLUTE
    ..\CAN_Driver\CAN_STM32F103.c            0x00000000   Number         0  can_stm32f103.o ABSOLUTE
    ..\Libraries\CMSIS\CM3\CoreSupport\core_cm3.c 0x00000000   Number         0  core_cm3.o ABSOLUTE
    ..\Libraries\CMSIS\CM3\DeviceSupport\ST\STM32F10x\startup\arm\startup_stm32f10x_md.s 0x00000000   Number         0  startup_stm32f10x_md.o ABSOLUTE
    ..\Libraries\STM32F10x_StdPeriph_Driver\src\misc.c 0x00000000   Number         0  misc.o ABSOLUTE
    ..\Libraries\STM32F10x_StdPeriph_Driver\src\stm32f10x_adc.c 0x00000000   Number         0  stm32f10x_adc.o ABSOLUTE
    ..\Libraries\STM32F10x_StdPeriph_Driver\src\stm32f10x_bkp.c 0x00000000   Number         0  stm32f10x_bkp.o ABSOLUTE
    ..\Libraries\STM32F10x_StdPeriph_Driver\src\stm32f10x_can.c 0x00000000   Number         0  stm32f10x_can.o ABSOLUTE
    ..\Libraries\STM32F10x_StdPeriph_Driver\src\stm32f10x_cec.c 0x00000000   Number         0  stm32f10x_cec.o ABSOLUTE
    ..\Libraries\STM32F10x_StdPeriph_Driver\src\stm32f10x_crc.c 0x00000000   Number         0  stm32f10x_crc.o ABSOLUTE
    ..\Libraries\STM32F10x_StdPeriph_Driver\src\stm32f10x_dac.c 0x00000000   Number         0  stm32f10x_dac.o ABSOLUTE
    ..\Libraries\STM32F10x_StdPeriph_Driver\src\stm32f10x_dbgmcu.c 0x00000000   Number         0  stm32f10x_dbgmcu.o ABSOLUTE
    ..\Libraries\STM32F10x_StdPeriph_Driver\src\stm32f10x_dma.c 0x00000000   Number         0  stm32f10x_dma.o ABSOLUTE
    ..\Libraries\STM32F10x_StdPeriph_Driver\src\stm32f10x_exti.c 0x00000000   Number         0  stm32f10x_exti.o ABSOLUTE
    ..\Libraries\STM32F10x_StdPeriph_Driver\src\stm32f10x_flash.c 0x00000000   Number         0  stm32f10x_flash.o ABSOLUTE
    ..\Libraries\STM32F10x_StdPeriph_Driver\src\stm32f10x_fsmc.c 0x00000000   Number         0  stm32f10x_fsmc.o ABSOLUTE
    ..\Libraries\STM32F10x_StdPeriph_Driver\src\stm32f10x_gpio.c 0x00000000   Number         0  stm32f10x_gpio.o ABSOLUTE
    ..\Libraries\STM32F10x_StdPeriph_Driver\src\stm32f10x_i2c.c 0x00000000   Number         0  stm32f10x_i2c.o ABSOLUTE
    ..\Libraries\STM32F10x_StdPeriph_Driver\src\stm32f10x_iwdg.c 0x00000000   Number         0  stm32f10x_iwdg.o ABSOLUTE
    ..\Libraries\STM32F10x_StdPeriph_Driver\src\stm32f10x_pwr.c 0x00000000   Number         0  stm32f10x_pwr.o ABSOLUTE
    ..\Libraries\STM32F10x_StdPeriph_Driver\src\stm32f10x_rcc.c 0x00000000   Number         0  stm32f10x_rcc.o ABSOLUTE
    ..\Libraries\STM32F10x_StdPeriph_Driver\src\stm32f10x_rtc.c 0x00000000   Number         0  stm32f10x_rtc.o ABSOLUTE
    ..\Libraries\STM32F10x_StdPeriph_Driver\src\stm32f10x_sdio.c 0x00000000   Number         0  stm32f10x_sdio.o ABSOLUTE
    ..\Libraries\STM32F10x_StdPeriph_Driver\src\stm32f10x_spi.c 0x00000000   Number         0  stm32f10x_spi.o ABSOLUTE
    ..\Libraries\STM32F10x_StdPeriph_Driver\src\stm32f10x_tim.c 0x00000000   Number         0  stm32f10x_tim.o ABSOLUTE
    ..\Libraries\STM32F10x_StdPeriph_Driver\src\stm32f10x_usart.c 0x00000000   Number         0  stm32f10x_usart.o ABSOLUTE
    ..\Libraries\STM32F10x_StdPeriph_Driver\src\stm32f10x_wwdg.c 0x00000000   Number         0  stm32f10x_wwdg.o ABSOLUTE
    ..\RTXConfig\RTX_Config.c                0x00000000   Number         0  rtx_config.o ABSOLUTE
    ..\User\Init.c                           0x00000000   Number         0  init.o ABSOLUTE
    ..\User\main.c                           0x00000000   Number         0  main.o ABSOLUTE
    ..\User\stm32f10x_it.c                   0x00000000   Number         0  stm32f10x_it.o ABSOLUTE
    ..\User\system_stm32f10x.c               0x00000000   Number         0  system_stm32f10x.o ABSOLUTE
    ..\\Libraries\\CMSIS\\CM3\\CoreSupport\\core_cm3.c 0x00000000   Number         0  core_cm3.o ABSOLUTE
    SRC\CM\HAL_CM3.c                         0x00000000   Number         0  hal_cm3.o ABSOLUTE
    SRC\CM\SVC_Table.s                       0x00000000   Number         0  SVC_Table.o ABSOLUTE
    SRC\CM\rt_Event.c                        0x00000000   Number         0  rt_event.o ABSOLUTE
    SRC\CM\rt_List.c                         0x00000000   Number         0  rt_list.o ABSOLUTE
    SRC\CM\rt_Mailbox.c                      0x00000000   Number         0  rt_mailbox.o ABSOLUTE
    SRC\CM\rt_MemBox.c                       0x00000000   Number         0  rt_membox.o ABSOLUTE
    SRC\CM\rt_Robin.c                        0x00000000   Number         0  rt_robin.o ABSOLUTE
    SRC\CM\rt_Semaphore.c                    0x00000000   Number         0  rt_semaphore.o ABSOLUTE
    SRC\CM\rt_System.c                       0x00000000   Number         0  rt_system.o ABSOLUTE
    SRC\CM\rt_Task.c                         0x00000000   Number         0  rt_task.o ABSOLUTE
    SRC\CM\rt_Time.c                         0x00000000   Number         0  rt_time.o ABSOLUTE
    SRC\CM\rt_Timer.c                        0x00000000   Number         0  rt_timer.o ABSOLUTE
    SRC\\CM\\HAL_CM3.c                       0x00000000   Number         0  hal_cm3.o ABSOLUTE
    SRC\\CM\\rt_System.c                     0x00000000   Number         0  rt_system.o ABSOLUTE
    dc.s                                     0x00000000   Number         0  dc.o ABSOLUTE
    handlers.s                               0x00000000   Number         0  handlers.o ABSOLUTE
    init.s                                   0x00000000   Number         0  init.o ABSOLUTE
    RESET                                    0x08000000   Section      236  startup_stm32f10x_md.o(RESET)
    .ARM.Collect$$$$00000000                 0x080000ec   Section        0  entry.o(.ARM.Collect$$$$00000000)
    .ARM.Collect$$$$00000001                 0x080000ec   Section        4  entry2.o(.ARM.Collect$$$$00000001)
    .ARM.Collect$$$$00000004                 0x080000f0   Section        4  entry5.o(.ARM.Collect$$$$00000004)
    .ARM.Collect$$$$00000008                 0x080000f4   Section        0  entry7b.o(.ARM.Collect$$$$00000008)
    .ARM.Collect$$$$0000000A                 0x080000f4   Section        0  entry8b.o(.ARM.Collect$$$$0000000A)
    .ARM.Collect$$$$0000000B                 0x080000f4   Section        8  entry9a.o(.ARM.Collect$$$$0000000B)
    .ARM.Collect$$$$0000000D                 0x080000fc   Section        0  entry10a.o(.ARM.Collect$$$$0000000D)
    .ARM.Collect$$$$0000000F                 0x080000fc   Section        0  entry11a.o(.ARM.Collect$$$$0000000F)
    .ARM.Collect$$$$00002712                 0x080000fc   Section        4  entry2.o(.ARM.Collect$$$$00002712)
    __lit__00000000                          0x080000fc   Data           4  entry2.o(.ARM.Collect$$$$00002712)
    .emb_text                                0x08000100   Section      340  hal_cm3.o(.emb_text)
    .text                                    0x08000254   Section       36  startup_stm32f10x_md.o(.text)
    .text                                    0x08000278   Section        0  rtx_config.o(.text)
    .text                                    0x08000294   Section        0  main.o(.text)
    .text                                    0x08000aec   Section        0  init.o(.text)
    .text                                    0x08001618   Section        0  system_stm32f10x.o(.text)
    SetSysClockTo72                          0x08001619   Thumb Code   212  system_stm32f10x.o(.text)
    SetSysClock                              0x080016ed   Thumb Code     8  system_stm32f10x.o(.text)
    .text                                    0x080017f4   Section        0  stm32f10x_it.o(.text)
    .text                                    0x080019a8   Section        0  misc.o(.text)
    .text                                    0x08001a84   Section        0  stm32f10x_adc.o(.text)
    .text                                    0x08001ed4   Section        0  stm32f10x_bkp.o(.text)
    .text                                    0x08001f98   Section        0  stm32f10x_can.o(.text)
    CheckITStatus                            0x08002799   Thumb Code    16  stm32f10x_can.o(.text)
    .text                                    0x08002980   Section        0  stm32f10x_dma.o(.text)
    .text                                    0x08002bd0   Section        0  stm32f10x_exti.o(.text)
    .text                                    0x08002cec   Section        0  stm32f10x_flash.o(.text)
    .text                                    0x080032a8   Section        0  stm32f10x_gpio.o(.text)
    .text                                    0x08003600   Section        0  stm32f10x_iwdg.o(.text)
    .text                                    0x08003640   Section        0  stm32f10x_pwr.o(.text)
    .text                                    0x0800370c   Section        0  stm32f10x_rcc.o(.text)
    .text                                    0x08003ab0   Section        0  stm32f10x_tim.o(.text)
    TI4_Config                               0x08003f57   Thumb Code   130  stm32f10x_tim.o(.text)
    TI3_Config                               0x08003feb   Thumb Code   122  stm32f10x_tim.o(.text)
    TI2_Config                               0x0800407f   Thumb Code   130  stm32f10x_tim.o(.text)
    TI1_Config                               0x08004113   Thumb Code   108  stm32f10x_tim.o(.text)
    .text                                    0x080048cc   Section        0  can_stm32f103.o(.text)
    CAN_set_timing                           0x080048cd   Thumb Code    64  can_stm32f103.o(.text)
    CAN_hw_set_baudrate                      0x0800490d   Thumb Code    70  can_stm32f103.o(.text)
    CAN_hw_rd                                0x08004b37   Thumb Code   170  can_stm32f103.o(.text)
    CAN_hw_rx_object_chk                     0x08004be7   Thumb Code   140  can_stm32f103.o(.text)
    CAN_hw_rx_object_add                     0x08004c73   Thumb Code   494  can_stm32f103.o(.text)
    NVIC_EnableIRQ                           0x08004f9f   Thumb Code    24  can_stm32f103.o(.text)
    .text                                    0x08004fd4   Section        0  rtx_can.o(.text)
    CAN_push                                 0x08005059   Thumb Code   190  rtx_can.o(.text)
    CAN_pull                                 0x08005197   Thumb Code    66  rtx_can.o(.text)
    .text                                    0x0800524c   Section       36  init.o(.text)
    SVC_TABLE                                0x08005270   Section        4  SVC_Table.o(SVC_TABLE)
    i.__scatterload_copy                     0x08005274   Section       14  handlers.o(i.__scatterload_copy)
    i.__scatterload_null                     0x08005282   Section        2  handlers.o(i.__scatterload_null)
    i.__scatterload_zeroinit                 0x08005284   Section       14  handlers.o(i.__scatterload_zeroinit)
    i._init_box                              0x08005292   Section        0  rt_membox.o(i._init_box)
    i.dbg_init                               0x080052d8   Section        0  hal_cm3.o(i.dbg_init)
    i.dbg_task_notify                        0x08005308   Section        0  hal_cm3.o(i.dbg_task_notify)
    i.dbg_task_switch                        0x08005328   Section        0  hal_cm3.o(i.dbg_task_switch)
    i.isr_evt_set                            0x08005338   Section        0  rt_event.o(i.isr_evt_set)
    i.isr_mbx_receive                        0x08005360   Section        0  rt_mailbox.o(i.isr_mbx_receive)
    i.isr_mbx_send                           0x080053b4   Section        0  rt_mailbox.o(i.isr_mbx_send)
    i.isr_sem_send                           0x080053c2   Section        0  rt_semaphore.o(i.isr_sem_send)
    i.os_tick_init                           0x080053d4   Section        0  rt_system.o(i.os_tick_init)
    i.os_tick_irqack                         0x080053fc   Section        0  rt_system.o(i.os_tick_irqack)
    i.rt_alloc_box                           0x080053fe   Section        0  rt_membox.o(i.rt_alloc_box)
    i.rt_block                               0x08005418   Section        0  rt_task.o(i.rt_block)
    i.rt_chk_robin                           0x08005450   Section        0  rt_robin.o(i.rt_chk_robin)
    i.rt_dec_dly                             0x08005498   Section        0  rt_list.o(i.rt_dec_dly)
    i.rt_dispatch                            0x0800550c   Section        0  rt_task.o(i.rt_dispatch)
    i.rt_dly_wait                            0x08005550   Section        0  rt_time.o(i.rt_dly_wait)
    i.rt_evt_clr                             0x08005558   Section        0  rt_event.o(i.rt_evt_clr)
    i.rt_evt_psh                             0x08005574   Section        0  rt_event.o(i.rt_evt_psh)
    i.rt_evt_set                             0x080055c0   Section        0  rt_event.o(i.rt_evt_set)
    i.rt_evt_wait                            0x08005620   Section        0  rt_event.o(i.rt_evt_wait)
    i.rt_free_box                            0x0800565c   Section        0  rt_membox.o(i.rt_free_box)
    i.rt_get_first                           0x0800567c   Section        0  rt_list.o(i.rt_get_first)
    i.rt_init_context                        0x080056a4   Section        0  rt_task.o(i.rt_init_context)
    rt_init_context                          0x080056a5   Thumb Code    64  rt_task.o(i.rt_init_context)
    i.rt_init_robin                          0x080056e8   Section        0  rt_robin.o(i.rt_init_robin)
    i.rt_init_stack                          0x08005700   Section        0  hal_cm3.o(i.rt_init_stack)
    i.rt_itv_set                             0x08005750   Section        0  rt_time.o(i.rt_itv_set)
    i.rt_itv_wait                            0x08005768   Section        0  rt_time.o(i.rt_itv_wait)
    i.rt_mbx_check                           0x08005794   Section        0  rt_mailbox.o(i.rt_mbx_check)
    i.rt_mbx_init                            0x0800579c   Section        0  rt_mailbox.o(i.rt_mbx_init)
    i.rt_mbx_psh                             0x080057b8   Section        0  rt_mailbox.o(i.rt_mbx_psh)
    i.rt_mbx_send                            0x08005878   Section        0  rt_mailbox.o(i.rt_mbx_send)
    i.rt_mbx_wait                            0x08005918   Section        0  rt_mailbox.o(i.rt_mbx_wait)
    i.rt_pop_req                             0x080059d0   Section        0  rt_system.o(i.rt_pop_req)
    i.rt_psh_req                             0x08005a48   Section        0  rt_system.o(i.rt_psh_req)
    i.rt_psq_enq                             0x08005a68   Section        0  rt_list.o(i.rt_psq_enq)
    i.rt_put_dly                             0x08005ac0   Section        0  rt_list.o(i.rt_put_dly)
    i.rt_put_prio                            0x08005b08   Section        0  rt_list.o(i.rt_put_prio)
    i.rt_put_rdy_first                       0x08005b40   Section        0  rt_list.o(i.rt_put_rdy_first)
    i.rt_rmv_dly                             0x08005b54   Section        0  rt_list.o(i.rt_rmv_dly)
    i.rt_rmv_list                            0x08005b7c   Section        0  rt_list.o(i.rt_rmv_list)
    i.rt_sem_init                            0x08005bac   Section        0  rt_semaphore.o(i.rt_sem_init)
    i.rt_sem_psh                             0x08005bb8   Section        0  rt_semaphore.o(i.rt_sem_psh)
    i.rt_sem_send                            0x08005bec   Section        0  rt_semaphore.o(i.rt_sem_send)
    i.rt_sem_wait                            0x08005c24   Section        0  rt_semaphore.o(i.rt_sem_wait)
    i.rt_stk_check                           0x08005c60   Section        0  rt_system.o(i.rt_stk_check)
    i.rt_switch_req                          0x08005c84   Section        0  rt_task.o(i.rt_switch_req)
    i.rt_sys_init                            0x08005cac   Section        0  rt_task.o(i.rt_sys_init)
    i.rt_systick                             0x08005e04   Section        0  rt_system.o(i.rt_systick)
    i.rt_tmr_tick                            0x08005e40   Section        0  rt_timer.o(i.rt_tmr_tick)
    i.rt_tsk_create                          0x08005e80   Section        0  rt_task.o(i.rt_tsk_create)
    i.rt_tsk_delete                          0x08005f14   Section        0  rt_task.o(i.rt_tsk_delete)
    .constdata                               0x08005fd0   Section       40  rtx_config.o(.constdata)
    __tagsym$$used                           0x08005fe4   Number         0  rtx_config.o(.constdata)
    __tagsym$$used                           0x08005fe8   Number         0  rtx_config.o(.constdata)
    .constdata                               0x08005ff8   Section       48  main.o(.constdata)
    .data                                    0x20000000   Section        4  rtx_config.o(.data)
    .data                                    0x20000004   Section       50  main.o(.data)
    .data                                    0x20000038   Section       20  system_stm32f10x.o(.data)
    .data                                    0x2000004c   Section       20  stm32f10x_rcc.o(.data)
    APBAHBPrescTable                         0x2000004c   Data          16  stm32f10x_rcc.o(.data)
    ADCPrescTable                            0x2000005c   Data           4  stm32f10x_rcc.o(.data)
    .data                                    0x20000060   Section        8  can_stm32f103.o(.data)
    CAN1_filterIdx                           0x20000064   Data           2  can_stm32f103.o(.data)
    CAN2_filterIdx                           0x20000066   Data           2  can_stm32f103.o(.data)
    .data                                    0x20000068   Section        1  rtx_can.o(.data)
    first_run_flag                           0x20000068   Data           1  rtx_can.o(.data)
    .data                                    0x2000006c   Section        8  rt_task.o(.data)
    .data                                    0x20000074   Section        4  rt_time.o(.data)
    .data                                    0x20000078   Section        1  hal_cm3.o(.data)
    .data                                    0x2000007c   Section        8  rt_system.o(.data)
    os_lock                                  0x2000007c   Data           1  rt_system.o(.data)
    os_psh_flag                              0x2000007d   Data           1  rt_system.o(.data)
    pend_flags                               0x2000007e   Data           1  rt_system.o(.data)
    .data                                    0x20000084   Section        8  rt_robin.o(.data)
    .data                                    0x2000008c   Section        8  rt_timer.o(.data)
    .bss                                     0x20000098   Section     7048  rtx_config.o(.bss)
    .bss                                     0x20001c20   Section      196  main.o(.bss)
    .bss                                     0x20001ce4   Section      184  init.o(.bss)
    .bss                                     0x20001d9c   Section     1692  rtx_can.o(.bss)
    .bss                                     0x20002438   Section       48  rt_task.o(.bss)
    .bss                                     0x20002468   Section       48  rt_list.o(.bss)
    STACK                                    0x20002498   Section     1024  startup_stm32f10x_md.o(STACK)

    Global Symbols

    Symbol Name                              Value     Ov Type        Size  Object(Section)

    BuildAttributes$$THM_ISAv4$P$D$K$B$S$PE$A:L22UL41UL21$X:L11$S22US41US21$IEEE1$IW$USESV6$~STKCKD$USESV7$~SHL$OSPACE$EBA8$MICROLIB$REQ8$PRES8$EABIv2 0x00000000   Number         0  anon$$obj.o ABSOLUTE
    __ARM_use_no_argv                        0x00000000   Number         0  main.o ABSOLUTE
    __cpp_initialize__aeabi_                  - Undefined Weak Reference
    __cxa_finalize                            - Undefined Weak Reference
    __decompress                              - Undefined Weak Reference
    _clock_init                               - Undefined Weak Reference
    _microlib_exit                            - Undefined Weak Reference
    __Vectors_Size                           0x000000ec   Number         0  startup_stm32f10x_md.o ABSOLUTE
    __RL_RTX_VER                             0x00000470   Number         0  rt_system.o ABSOLUTE
    __Vectors                                0x08000000   Data           4  startup_stm32f10x_md.o(RESET)
    __Vectors_End                            0x080000ec   Data           0  startup_stm32f10x_md.o(RESET)
    __main                                   0x080000ed   Thumb Code     0  entry.o(.ARM.Collect$$$$00000000)
    _main_stk                                0x080000ed   Thumb Code     0  entry2.o(.ARM.Collect$$$$00000001)
    _main_scatterload                        0x080000f1   Thumb Code     0  entry5.o(.ARM.Collect$$$$00000004)
    __main_after_scatterload                 0x080000f5   Thumb Code     0  entry5.o(.ARM.Collect$$$$00000004)
    _main_clock                              0x080000f5   Thumb Code     0  entry7b.o(.ARM.Collect$$$$00000008)
    _main_cpp_init                           0x080000f5   Thumb Code     0  entry8b.o(.ARM.Collect$$$$0000000A)
    _main_init                               0x080000f5   Thumb Code     0  entry9a.o(.ARM.Collect$$$$0000000B)
    __rt_final_cpp                           0x080000fd   Thumb Code     0  entry10a.o(.ARM.Collect$$$$0000000D)
    __rt_final_exit                          0x080000fd   Thumb Code     0  entry11a.o(.ARM.Collect$$$$0000000F)
    rt_set_PSP                               0x08000101   Thumb Code     6  hal_cm3.o(.emb_text)
    rt_get_PSP                               0x08000107   Thumb Code     6  hal_cm3.o(.emb_text)
    os_set_env                               0x0800010d   Thumb Code    24  hal_cm3.o(.emb_text)
    _alloc_box                               0x08000129   Thumb Code    28  hal_cm3.o(.emb_text)
    _free_box                                0x08000149   Thumb Code    28  hal_cm3.o(.emb_text)
    SVC_Handler                              0x08000169   Thumb Code   124  hal_cm3.o(.emb_text)
    PendSV_Handler                           0x080001f1   Thumb Code    76  hal_cm3.o(.emb_text)
    SysTick_Handler                          0x08000241   Thumb Code     8  hal_cm3.o(.emb_text)
    OS_Tick_Handler                          0x08000249   Thumb Code    12  hal_cm3.o(.emb_text)
    Reset_Handler                            0x08000255   Thumb Code     8  startup_stm32f10x_md.o(.text)
    ADC1_2_IRQHandler                        0x0800026f   Thumb Code     0  startup_stm32f10x_md.o(.text)
    CAN1_RX1_IRQHandler                      0x0800026f   Thumb Code     0  startup_stm32f10x_md.o(.text)
    CAN1_SCE_IRQHandler                      0x0800026f   Thumb Code     0  startup_stm32f10x_md.o(.text)
    DMA1_Channel2_IRQHandler                 0x0800026f   Thumb Code     0  startup_stm32f10x_md.o(.text)
    DMA1_Channel3_IRQHandler                 0x0800026f   Thumb Code     0  startup_stm32f10x_md.o(.text)
    DMA1_Channel4_IRQHandler                 0x0800026f   Thumb Code     0  startup_stm32f10x_md.o(.text)
    DMA1_Channel5_IRQHandler                 0x0800026f   Thumb Code     0  startup_stm32f10x_md.o(.text)
    DMA1_Channel6_IRQHandler                 0x0800026f   Thumb Code     0  startup_stm32f10x_md.o(.text)
    DMA1_Channel7_IRQHandler                 0x0800026f   Thumb Code     0  startup_stm32f10x_md.o(.text)
    EXTI1_IRQHandler                         0x0800026f   Thumb Code     0  startup_stm32f10x_md.o(.text)
    EXTI2_IRQHandler                         0x0800026f   Thumb Code     0  startup_stm32f10x_md.o(.text)
    EXTI3_IRQHandler                         0x0800026f   Thumb Code     0  startup_stm32f10x_md.o(.text)
    FLASH_IRQHandler                         0x0800026f   Thumb Code     0  startup_stm32f10x_md.o(.text)
    I2C1_ER_IRQHandler                       0x0800026f   Thumb Code     0  startup_stm32f10x_md.o(.text)
    I2C1_EV_IRQHandler                       0x0800026f   Thumb Code     0  startup_stm32f10x_md.o(.text)
    I2C2_ER_IRQHandler                       0x0800026f   Thumb Code     0  startup_stm32f10x_md.o(.text)
    I2C2_EV_IRQHandler                       0x0800026f   Thumb Code     0  startup_stm32f10x_md.o(.text)
    PVD_IRQHandler                           0x0800026f   Thumb Code     0  startup_stm32f10x_md.o(.text)
    RCC_IRQHandler                           0x0800026f   Thumb Code     0  startup_stm32f10x_md.o(.text)
    RTCAlarm_IRQHandler                      0x0800026f   Thumb Code     0  startup_stm32f10x_md.o(.text)
    RTC_IRQHandler                           0x0800026f   Thumb Code     0  startup_stm32f10x_md.o(.text)
    SPI1_IRQHandler                          0x0800026f   Thumb Code     0  startup_stm32f10x_md.o(.text)
    SPI2_IRQHandler                          0x0800026f   Thumb Code     0  startup_stm32f10x_md.o(.text)
    TAMPER_IRQHandler                        0x0800026f   Thumb Code     0  startup_stm32f10x_md.o(.text)
    TIM1_BRK_IRQHandler                      0x0800026f   Thumb Code     0  startup_stm32f10x_md.o(.text)
    TIM1_CC_IRQHandler                       0x0800026f   Thumb Code     0  startup_stm32f10x_md.o(.text)
    TIM1_TRG_COM_IRQHandler                  0x0800026f   Thumb Code     0  startup_stm32f10x_md.o(.text)
    TIM1_UP_IRQHandler                       0x0800026f   Thumb Code     0  startup_stm32f10x_md.o(.text)
    TIM2_IRQHandler                          0x0800026f   Thumb Code     0  startup_stm32f10x_md.o(.text)
    TIM3_IRQHandler                          0x0800026f   Thumb Code     0  startup_stm32f10x_md.o(.text)
    TIM4_IRQHandler                          0x0800026f   Thumb Code     0  startup_stm32f10x_md.o(.text)
    USART1_IRQHandler                        0x0800026f   Thumb Code     0  startup_stm32f10x_md.o(.text)
    USART2_IRQHandler                        0x0800026f   Thumb Code     0  startup_stm32f10x_md.o(.text)
    USART3_IRQHandler                        0x0800026f   Thumb Code     0  startup_stm32f10x_md.o(.text)
    USBWakeUp_IRQHandler                     0x0800026f   Thumb Code     0  startup_stm32f10x_md.o(.text)
    WWDG_IRQHandler                          0x0800026f   Thumb Code     0  startup_stm32f10x_md.o(.text)
    os_idle_demon                            0x08000279   Thumb Code     4  rtx_config.o(.text)
    os_tmr_call                              0x0800027d   Thumb Code    20  rtx_config.o(.text)
    os_error                                 0x08000291   Thumb Code     4  rtx_config.o(.text)
    task_heart_beat                          0x08000295   Thumb Code    56  main.o(.text)
    task_conflict_analysis                   0x080002cd   Thumb Code   236  main.o(.text)
    task_conflict_monitor                    0x080003b9   Thumb Code   332  main.o(.text)
    task_red_led_flash                       0x08000505   Thumb Code    54  main.o(.text)
    task_green_led_flash                     0x0800053b   Thumb Code    54  main.o(.text)
    Update_lights                            0x08000571   Thumb Code   162  main.o(.text)
    Pick_channels                            0x08000613   Thumb Code   540  main.o(.text)
    task_lamp_ctl                            0x0800082f   Thumb Code    44  main.o(.text)
    task_recv_CAN                            0x0800085b   Thumb Code   252  main.o(.text)
    task_send_CAN                            0x08000957   Thumb Code    58  main.o(.text)
    init                                     0x08000991   Thumb Code   216  main.o(.text)
    main                                     0x08000a69   Thumb Code    24  main.o(.text)
    RCC_Configuration                        0x08000aed   Thumb Code   112  init.o(.text)
    NVIC_Configuration                       0x08000b5d   Thumb Code   200  init.o(.text)
    GPIO_Configuration                       0x08000c25   Thumb Code   298  init.o(.text)
    CAN_Configuration                        0x08000d4f   Thumb Code   166  init.o(.text)
    Light_Drive_Configuration                0x08000df5   Thumb Code    66  init.o(.text)
    Light_Detect_Configuration               0x08000e37   Thumb Code    74  init.o(.text)
    Button_Detect_Configuration              0x08000e81   Thumb Code    40  init.o(.text)
    DMA_Configuration                        0x08000ea9   Thumb Code    94  init.o(.text)
    ADC_GPIO_Configuration                   0x08000f07   Thumb Code    62  init.o(.text)
    ADC_Configuration_lxb                    0x08000f45   Thumb Code   446  init.o(.text)
    DMAReConfig                              0x08001103   Thumb Code    44  init.o(.text)
    ADC_Configuration                        0x0800112f   Thumb Code   150  init.o(.text)
    Timer_Configuration                      0x080011c5   Thumb Code   338  init.o(.text)
    IWDG_Configuration                       0x08001317   Thumb Code    32  init.o(.text)
    EXTI_configuration                       0x08001337   Thumb Code   554  init.o(.text)
    BKP_Configuration                        0x08001561   Thumb Code    24  init.o(.text)
    Device_Init                              0x08001579   Thumb Code    32  init.o(.text)
    SWITs_Enable                             0x08001599   Thumb Code   126  init.o(.text)
    SystemInit                               0x080016f5   Thumb Code    78  system_stm32f10x.o(.text)
    SystemCoreClockUpdate                    0x08001743   Thumb Code   142  system_stm32f10x.o(.text)
    NMI_Handler                              0x080017f5   Thumb Code     2  stm32f10x_it.o(.text)
    HardFault_Handler                        0x080017f7   Thumb Code     4  stm32f10x_it.o(.text)
    MemManage_Handler                        0x080017fb   Thumb Code     4  stm32f10x_it.o(.text)
    BusFault_Handler                         0x080017ff   Thumb Code     4  stm32f10x_it.o(.text)
    UsageFault_Handler                       0x08001803   Thumb Code     4  stm32f10x_it.o(.text)
    DebugMon_Handler                         0x08001807   Thumb Code     2  stm32f10x_it.o(.text)
    EXTI0_IRQHandler                         0x08001809   Thumb Code    28  stm32f10x_it.o(.text)
    EXTI4_IRQHandler                         0x08001825   Thumb Code    28  stm32f10x_it.o(.text)
    EXTI9_5_IRQHandler                       0x08001841   Thumb Code   140  stm32f10x_it.o(.text)
    EXTI15_10_IRQHandler                     0x080018cd   Thumb Code   182  stm32f10x_it.o(.text)
    DMA1_Channel1_IRQHandler                 0x08001983   Thumb Code    28  stm32f10x_it.o(.text)
    NVIC_PriorityGroupConfig                 0x080019a9   Thumb Code    10  misc.o(.text)
    NVIC_Init                                0x080019b3   Thumb Code   102  misc.o(.text)
    NVIC_SetVectorTable                      0x08001a19   Thumb Code    14  misc.o(.text)
    NVIC_SystemLPConfig                      0x08001a27   Thumb Code    34  misc.o(.text)
    SysTick_CLKSourceConfig                  0x08001a49   Thumb Code    40  misc.o(.text)
    ADC_DeInit                               0x08001a85   Thumb Code    78  stm32f10x_adc.o(.text)
    ADC_Init                                 0x08001ad3   Thumb Code    70  stm32f10x_adc.o(.text)
    ADC_StructInit                           0x08001b19   Thumb Code    18  stm32f10x_adc.o(.text)
    ADC_Cmd                                  0x08001b2b   Thumb Code    22  stm32f10x_adc.o(.text)
    ADC_DMACmd                               0x08001b41   Thumb Code    22  stm32f10x_adc.o(.text)
    ADC_ITConfig                             0x08001b57   Thumb Code    24  stm32f10x_adc.o(.text)
    ADC_ResetCalibration                     0x08001b6f   Thumb Code    10  stm32f10x_adc.o(.text)
    ADC_GetResetCalibrationStatus            0x08001b79   Thumb Code    20  stm32f10x_adc.o(.text)
    ADC_StartCalibration                     0x08001b8d   Thumb Code    10  stm32f10x_adc.o(.text)
    ADC_GetCalibrationStatus                 0x08001b97   Thumb Code    20  stm32f10x_adc.o(.text)
    ADC_SoftwareStartConvCmd                 0x08001bab   Thumb Code    22  stm32f10x_adc.o(.text)
    ADC_GetSoftwareStartConvStatus           0x08001bc1   Thumb Code    20  stm32f10x_adc.o(.text)
    ADC_DiscModeChannelCountConfig           0x08001bd5   Thumb Code    24  stm32f10x_adc.o(.text)
    ADC_DiscModeCmd                          0x08001bed   Thumb Code    22  stm32f10x_adc.o(.text)
    ADC_RegularChannelConfig                 0x08001c03   Thumb Code   184  stm32f10x_adc.o(.text)
    ADC_ExternalTrigConvCmd                  0x08001cbb   Thumb Code    22  stm32f10x_adc.o(.text)
    ADC_GetConversionValue                   0x08001cd1   Thumb Code     8  stm32f10x_adc.o(.text)
    ADC_GetDualModeConversionValue           0x08001cd9   Thumb Code     8  stm32f10x_adc.o(.text)
    ADC_AutoInjectedConvCmd                  0x08001ce1   Thumb Code    22  stm32f10x_adc.o(.text)
    ADC_InjectedDiscModeCmd                  0x08001cf7   Thumb Code    22  stm32f10x_adc.o(.text)
    ADC_ExternalTrigInjectedConvConfig       0x08001d0d   Thumb Code    16  stm32f10x_adc.o(.text)
    ADC_ExternalTrigInjectedConvCmd          0x08001d1d   Thumb Code    22  stm32f10x_adc.o(.text)
    ADC_SoftwareStartInjectedConvCmd         0x08001d33   Thumb Code    22  stm32f10x_adc.o(.text)
    ADC_GetSoftwareStartInjectedConvCmdStatus 0x08001d49   Thumb Code    20  stm32f10x_adc.o(.text)
    ADC_InjectedChannelConfig                0x08001d5d   Thumb Code   130  stm32f10x_adc.o(.text)
    ADC_InjectedSequencerLengthConfig        0x08001ddf   Thumb Code    24  stm32f10x_adc.o(.text)
    ADC_SetInjectedOffset                    0x08001df7   Thumb Code    20  stm32f10x_adc.o(.text)
    ADC_GetInjectedConversionValue           0x08001e0b   Thumb Code    28  stm32f10x_adc.o(.text)
    ADC_AnalogWatchdogCmd                    0x08001e27   Thumb Code    16  stm32f10x_adc.o(.text)
    ADC_AnalogWatchdogThresholdsConfig       0x08001e37   Thumb Code     6  stm32f10x_adc.o(.text)
    ADC_AnalogWatchdogSingleChannelConfig    0x08001e3d   Thumb Code    16  stm32f10x_adc.o(.text)
    ADC_TempSensorVrefintCmd                 0x08001e4d   Thumb Code    64  stm32f10x_adc.o(.text)
    ADC_GetFlagStatus                        0x08001e8d   Thumb Code    18  stm32f10x_adc.o(.text)
    ADC_ClearFlag                            0x08001e9f   Thumb Code     6  stm32f10x_adc.o(.text)
    ADC_GetITStatus                          0x08001ea5   Thumb Code    36  stm32f10x_adc.o(.text)
    ADC_ClearITPendingBit                    0x08001ec9   Thumb Code    10  stm32f10x_adc.o(.text)
    BKP_DeInit                               0x08001ed5   Thumb Code    16  stm32f10x_bkp.o(.text)
    BKP_TamperPinLevelConfig                 0x08001ee5   Thumb Code     6  stm32f10x_bkp.o(.text)
    BKP_TamperPinCmd                         0x08001eeb   Thumb Code     8  stm32f10x_bkp.o(.text)
    BKP_ITConfig                             0x08001ef3   Thumb Code     8  stm32f10x_bkp.o(.text)
    BKP_RTCOutputConfig                      0x08001efb   Thumb Code    22  stm32f10x_bkp.o(.text)
    BKP_SetRTCCalibrationValue               0x08001f11   Thumb Code    22  stm32f10x_bkp.o(.text)
    BKP_WriteBackupRegister                  0x08001f27   Thumb Code    24  stm32f10x_bkp.o(.text)
    BKP_ReadBackupRegister                   0x08001f3f   Thumb Code    26  stm32f10x_bkp.o(.text)
    BKP_GetFlagStatus                        0x08001f59   Thumb Code    10  stm32f10x_bkp.o(.text)
    BKP_ClearFlag                            0x08001f63   Thumb Code    18  stm32f10x_bkp.o(.text)
    BKP_GetITStatus                          0x08001f75   Thumb Code    10  stm32f10x_bkp.o(.text)
    BKP_ClearITPendingBit                    0x08001f7f   Thumb Code    18  stm32f10x_bkp.o(.text)
    CAN_DeInit                               0x08001f99   Thumb Code    50  stm32f10x_can.o(.text)
    CAN_Init                                 0x08001fcb   Thumb Code   276  stm32f10x_can.o(.text)
    CAN_FilterInit                           0x080020df   Thumb Code   258  stm32f10x_can.o(.text)
    CAN_StructInit                           0x080021e1   Thumb Code    32  stm32f10x_can.o(.text)
    CAN_SlaveStartBank                       0x08002201   Thumb Code    48  stm32f10x_can.o(.text)
    CAN_DBGFreeze                            0x08002231   Thumb Code    22  stm32f10x_can.o(.text)
    CAN_TTComModeCmd                         0x08002247   Thumb Code   118  stm32f10x_can.o(.text)
    CAN_Transmit                             0x080022bd   Thumb Code   304  stm32f10x_can.o(.text)
    CAN_TransmitStatus                       0x080023ed   Thumb Code   136  stm32f10x_can.o(.text)
    CAN_CancelTransmit                       0x08002475   Thumb Code    48  stm32f10x_can.o(.text)
    CAN_Receive                              0x080024a5   Thumb Code   240  stm32f10x_can.o(.text)
    CAN_FIFORelease                          0x08002595   Thumb Code    22  stm32f10x_can.o(.text)
    CAN_MessagePending                       0x080025ab   Thumb Code    30  stm32f10x_can.o(.text)
    CAN_OperatingModeRequest                 0x080025c9   Thumb Code   162  stm32f10x_can.o(.text)
    CAN_Sleep                                0x0800266b   Thumb Code    30  stm32f10x_can.o(.text)
    CAN_WakeUp                               0x08002689   Thumb Code    48  stm32f10x_can.o(.text)
    CAN_GetLastErrorCode                     0x080026b9   Thumb Code    12  stm32f10x_can.o(.text)
    CAN_GetReceiveErrorCounter               0x080026c5   Thumb Code    10  stm32f10x_can.o(.text)
    CAN_GetLSBTransmitErrorCounter           0x080026cf   Thumb Code    12  stm32f10x_can.o(.text)
    CAN_ITConfig                             0x080026db   Thumb Code    18  stm32f10x_can.o(.text)
    CAN_GetFlagStatus                        0x080026ed   Thumb Code   120  stm32f10x_can.o(.text)
    CAN_ClearFlag                            0x08002765   Thumb Code    52  stm32f10x_can.o(.text)
    CAN_GetITStatus                          0x080027a9   Thumb Code   306  stm32f10x_can.o(.text)
    CAN_ClearITPendingBit                    0x080028db   Thumb Code   162  stm32f10x_can.o(.text)
    DMA_DeInit                               0x08002981   Thumb Code   324  stm32f10x_dma.o(.text)
    DMA_Init                                 0x08002ac5   Thumb Code    60  stm32f10x_dma.o(.text)
    DMA_StructInit                           0x08002b01   Thumb Code    26  stm32f10x_dma.o(.text)
    DMA_Cmd                                  0x08002b1b   Thumb Code    24  stm32f10x_dma.o(.text)
    DMA_ITConfig                             0x08002b33   Thumb Code    18  stm32f10x_dma.o(.text)
    DMA_SetCurrDataCounter                   0x08002b45   Thumb Code     4  stm32f10x_dma.o(.text)
    DMA_GetCurrDataCounter                   0x08002b49   Thumb Code     8  stm32f10x_dma.o(.text)
    DMA_GetFlagStatus                        0x08002b51   Thumb Code    38  stm32f10x_dma.o(.text)
    DMA_ClearFlag                            0x08002b77   Thumb Code    22  stm32f10x_dma.o(.text)
    DMA_GetITStatus                          0x08002b8d   Thumb Code    38  stm32f10x_dma.o(.text)
    DMA_ClearITPendingBit                    0x08002bb3   Thumb Code    22  stm32f10x_dma.o(.text)
    EXTI_DeInit                              0x08002bd1   Thumb Code    28  stm32f10x_exti.o(.text)
    EXTI_Init                                0x08002bed   Thumb Code   142  stm32f10x_exti.o(.text)
    EXTI_StructInit                          0x08002c7b   Thumb Code    16  stm32f10x_exti.o(.text)
    EXTI_GenerateSWInterrupt                 0x08002c8b   Thumb Code    16  stm32f10x_exti.o(.text)
    EXTI_GetFlagStatus                       0x08002c9b   Thumb Code    22  stm32f10x_exti.o(.text)
    EXTI_ClearFlag                           0x08002cb1   Thumb Code     8  stm32f10x_exti.o(.text)
    EXTI_GetITStatus                         0x08002cb9   Thumb Code    34  stm32f10x_exti.o(.text)
    EXTI_ClearITPendingBit                   0x08002cdb   Thumb Code     8  stm32f10x_exti.o(.text)
    FLASH_SetLatency                         0x08002ced   Thumb Code    18  stm32f10x_flash.o(.text)
    FLASH_HalfCycleAccessCmd                 0x08002cff   Thumb Code    22  stm32f10x_flash.o(.text)
    FLASH_PrefetchBufferCmd                  0x08002d15   Thumb Code    22  stm32f10x_flash.o(.text)
    FLASH_Unlock                             0x08002d2b   Thumb Code    12  stm32f10x_flash.o(.text)
    FLASH_UnlockBank1                        0x08002d37   Thumb Code    12  stm32f10x_flash.o(.text)
    FLASH_Lock                               0x08002d43   Thumb Code    14  stm32f10x_flash.o(.text)
    FLASH_LockBank1                          0x08002d51   Thumb Code    14  stm32f10x_flash.o(.text)
    FLASH_GetBank1Status                     0x08002d5f   Thumb Code    48  stm32f10x_flash.o(.text)
    FLASH_WaitForLastOperation               0x08002d8f   Thumb Code    38  stm32f10x_flash.o(.text)
    FLASH_ErasePage                          0x08002db5   Thumb Code    72  stm32f10x_flash.o(.text)
    FLASH_EraseAllPages                      0x08002dfd   Thumb Code    68  stm32f10x_flash.o(.text)
    FLASH_WaitForLastBank1Operation          0x08002e41   Thumb Code    38  stm32f10x_flash.o(.text)
    FLASH_EraseAllBank1Pages                 0x08002e67   Thumb Code    68  stm32f10x_flash.o(.text)
    FLASH_GetReadOutProtectionStatus         0x08002eab   Thumb Code    20  stm32f10x_flash.o(.text)
    FLASH_EraseOptionBytes                   0x08002ebf   Thumb Code   150  stm32f10x_flash.o(.text)
    FLASH_ProgramWord                        0x08002f55   Thumb Code   102  stm32f10x_flash.o(.text)
    FLASH_ProgramHalfWord                    0x08002fbb   Thumb Code    60  stm32f10x_flash.o(.text)
    FLASH_ProgramOptionByteData              0x08002ff7   Thumb Code    72  stm32f10x_flash.o(.text)
    FLASH_EnableWriteProtection              0x0800303f   Thumb Code   200  stm32f10x_flash.o(.text)
    FLASH_ReadOutProtection                  0x08003107   Thumb Code   156  stm32f10x_flash.o(.text)
    FLASH_UserOptionByteConfig               0x080031a3   Thumb Code    88  stm32f10x_flash.o(.text)
    FLASH_GetUserOptionByte                  0x080031fb   Thumb Code     8  stm32f10x_flash.o(.text)
    FLASH_GetWriteProtectionOptionByte       0x08003203   Thumb Code     6  stm32f10x_flash.o(.text)
    FLASH_GetPrefetchBufferStatus            0x08003209   Thumb Code    20  stm32f10x_flash.o(.text)
    FLASH_ITConfig                           0x0800321d   Thumb Code    26  stm32f10x_flash.o(.text)
    FLASH_GetFlagStatus                      0x08003237   Thumb Code    42  stm32f10x_flash.o(.text)
    FLASH_ClearFlag                          0x08003261   Thumb Code     6  stm32f10x_flash.o(.text)
    FLASH_GetStatus                          0x08003267   Thumb Code    48  stm32f10x_flash.o(.text)
    GPIO_DeInit                              0x080032a9   Thumb Code   172  stm32f10x_gpio.o(.text)
    GPIO_AFIODeInit                          0x08003355   Thumb Code    20  stm32f10x_gpio.o(.text)
    GPIO_Init                                0x08003369   Thumb Code   274  stm32f10x_gpio.o(.text)
    GPIO_StructInit                          0x0800347b   Thumb Code    16  stm32f10x_gpio.o(.text)
    GPIO_ReadInputDataBit                    0x0800348b   Thumb Code    18  stm32f10x_gpio.o(.text)
    GPIO_ReadInputData                       0x0800349d   Thumb Code     8  stm32f10x_gpio.o(.text)
    GPIO_ReadOutputDataBit                   0x080034a5   Thumb Code    18  stm32f10x_gpio.o(.text)
    GPIO_ReadOutputData                      0x080034b7   Thumb Code     8  stm32f10x_gpio.o(.text)
    GPIO_SetBits                             0x080034bf   Thumb Code     4  stm32f10x_gpio.o(.text)
    GPIO_ResetBits                           0x080034c3   Thumb Code     4  stm32f10x_gpio.o(.text)
    GPIO_WriteBit                            0x080034c7   Thumb Code    10  stm32f10x_gpio.o(.text)
    GPIO_Write                               0x080034d1   Thumb Code     4  stm32f10x_gpio.o(.text)
    GPIO_PinLockConfig                       0x080034d5   Thumb Code    18  stm32f10x_gpio.o(.text)
    GPIO_EventOutputConfig                   0x080034e7   Thumb Code    26  stm32f10x_gpio.o(.text)
    GPIO_EventOutputCmd                      0x08003501   Thumb Code     6  stm32f10x_gpio.o(.text)
    GPIO_PinRemapConfig                      0x08003507   Thumb Code   138  stm32f10x_gpio.o(.text)
    GPIO_EXTILineConfig                      0x08003591   Thumb Code    66  stm32f10x_gpio.o(.text)
    GPIO_ETH_MediaInterfaceConfig            0x080035d3   Thumb Code     6  stm32f10x_gpio.o(.text)
    IWDG_WriteAccessCmd                      0x08003601   Thumb Code     6  stm32f10x_iwdg.o(.text)
    IWDG_SetPrescaler                        0x08003607   Thumb Code     6  stm32f10x_iwdg.o(.text)
    IWDG_SetReload                           0x0800360d   Thumb Code     6  stm32f10x_iwdg.o(.text)
    IWDG_ReloadCounter                       0x08003613   Thumb Code    10  stm32f10x_iwdg.o(.text)
    IWDG_Enable                              0x0800361d   Thumb Code    10  stm32f10x_iwdg.o(.text)
    IWDG_GetFlagStatus                       0x08003627   Thumb Code    20  stm32f10x_iwdg.o(.text)
    PWR_DeInit                               0x08003641   Thumb Code    22  stm32f10x_pwr.o(.text)
    PWR_BackupAccessCmd                      0x08003657   Thumb Code     6  stm32f10x_pwr.o(.text)
    PWR_PVDCmd                               0x0800365d   Thumb Code     6  stm32f10x_pwr.o(.text)
    PWR_PVDLevelConfig                       0x08003663   Thumb Code    18  stm32f10x_pwr.o(.text)
    PWR_WakeUpPinCmd                         0x08003675   Thumb Code     6  stm32f10x_pwr.o(.text)
    PWR_EnterSTOPMode                        0x0800367b   Thumb Code    54  stm32f10x_pwr.o(.text)
    PWR_EnterSTANDBYMode                     0x080036b1   Thumb Code    42  stm32f10x_pwr.o(.text)
    PWR_GetFlagStatus                        0x080036db   Thumb Code    20  stm32f10x_pwr.o(.text)
    PWR_ClearFlag                            0x080036ef   Thumb Code    14  stm32f10x_pwr.o(.text)
    RCC_DeInit                               0x0800370d   Thumb Code    64  stm32f10x_rcc.o(.text)
    RCC_HSEConfig                            0x0800374d   Thumb Code    70  stm32f10x_rcc.o(.text)
    RCC_GetFlagStatus                        0x08003793   Thumb Code    56  stm32f10x_rcc.o(.text)
    RCC_WaitForHSEStartUp                    0x080037cb   Thumb Code    56  stm32f10x_rcc.o(.text)
    RCC_AdjustHSICalibrationValue            0x08003803   Thumb Code    20  stm32f10x_rcc.o(.text)
    RCC_HSICmd                               0x08003817   Thumb Code     6  stm32f10x_rcc.o(.text)
    RCC_PLLConfig                            0x0800381d   Thumb Code    24  stm32f10x_rcc.o(.text)
    RCC_PLLCmd                               0x08003835   Thumb Code     6  stm32f10x_rcc.o(.text)
    RCC_SYSCLKConfig                         0x0800383b   Thumb Code    18  stm32f10x_rcc.o(.text)
    RCC_GetSYSCLKSource                      0x0800384d   Thumb Code    10  stm32f10x_rcc.o(.text)
    RCC_HCLKConfig                           0x08003857   Thumb Code    18  stm32f10x_rcc.o(.text)
    RCC_PCLK1Config                          0x08003869   Thumb Code    18  stm32f10x_rcc.o(.text)
    RCC_PCLK2Config                          0x0800387b   Thumb Code    20  stm32f10x_rcc.o(.text)
    RCC_ITConfig                             0x0800388f   Thumb Code    26  stm32f10x_rcc.o(.text)
    RCC_USBCLKConfig                         0x080038a9   Thumb Code     6  stm32f10x_rcc.o(.text)
    RCC_ADCCLKConfig                         0x080038af   Thumb Code    18  stm32f10x_rcc.o(.text)
    RCC_LSEConfig                            0x080038c1   Thumb Code    44  stm32f10x_rcc.o(.text)
    RCC_LSICmd                               0x080038ed   Thumb Code     6  stm32f10x_rcc.o(.text)
    RCC_RTCCLKConfig                         0x080038f3   Thumb Code    12  stm32f10x_rcc.o(.text)
    RCC_RTCCLKCmd                            0x080038ff   Thumb Code     8  stm32f10x_rcc.o(.text)
    RCC_GetClocksFreq                        0x08003907   Thumb Code   192  stm32f10x_rcc.o(.text)
    RCC_AHBPeriphClockCmd                    0x080039c7   Thumb Code    26  stm32f10x_rcc.o(.text)
    RCC_APB2PeriphClockCmd                   0x080039e1   Thumb Code    26  stm32f10x_rcc.o(.text)
    RCC_APB1PeriphClockCmd                   0x080039fb   Thumb Code    26  stm32f10x_rcc.o(.text)
    RCC_APB2PeriphResetCmd                   0x08003a15   Thumb Code    26  stm32f10x_rcc.o(.text)
    RCC_APB1PeriphResetCmd                   0x08003a2f   Thumb Code    26  stm32f10x_rcc.o(.text)
    RCC_BackupResetCmd                       0x08003a49   Thumb Code     8  stm32f10x_rcc.o(.text)
    RCC_ClockSecuritySystemCmd               0x08003a51   Thumb Code     6  stm32f10x_rcc.o(.text)
    RCC_MCOConfig                            0x08003a57   Thumb Code     6  stm32f10x_rcc.o(.text)
    RCC_ClearFlag                            0x08003a5d   Thumb Code    14  stm32f10x_rcc.o(.text)
    RCC_GetITStatus                          0x08003a6b   Thumb Code    20  stm32f10x_rcc.o(.text)
    RCC_ClearITPendingBit                    0x08003a7f   Thumb Code     6  stm32f10x_rcc.o(.text)
    TIM_DeInit                               0x08003ab1   Thumb Code   424  stm32f10x_tim.o(.text)
    TIM_TimeBaseInit                         0x08003c59   Thumb Code   122  stm32f10x_tim.o(.text)
    TIM_OC1Init                              0x08003cd3   Thumb Code   132  stm32f10x_tim.o(.text)
    TIM_OC2Init                              0x08003d57   Thumb Code   154  stm32f10x_tim.o(.text)
    TIM_OC3Init                              0x08003df1   Thumb Code   150  stm32f10x_tim.o(.text)
    TIM_OC4Init                              0x08003e87   Thumb Code   182  stm32f10x_tim.o(.text)
    TIM_SetIC4Prescaler                      0x08003f3d   Thumb Code    26  stm32f10x_tim.o(.text)
    TIM_SetIC3Prescaler                      0x08003fd9   Thumb Code    18  stm32f10x_tim.o(.text)
    TIM_SetIC2Prescaler                      0x08004065   Thumb Code    26  stm32f10x_tim.o(.text)
    TIM_SetIC1Prescaler                      0x08004101   Thumb Code    18  stm32f10x_tim.o(.text)
    TIM_ICInit                               0x0800417f   Thumb Code   150  stm32f10x_tim.o(.text)
    TIM_PWMIConfig                           0x08004215   Thumb Code   124  stm32f10x_tim.o(.text)
    TIM_BDTRConfig                           0x08004291   Thumb Code    32  stm32f10x_tim.o(.text)
    TIM_TimeBaseStructInit                   0x080042b1   Thumb Code    18  stm32f10x_tim.o(.text)
    TIM_OCStructInit                         0x080042c3   Thumb Code    20  stm32f10x_tim.o(.text)
    TIM_ICStructInit                         0x080042d7   Thumb Code    18  stm32f10x_tim.o(.text)
    TIM_BDTRStructInit                       0x080042e9   Thumb Code    40  stm32f10x_tim.o(.text)
    TIM_Cmd                                  0x08004311   Thumb Code    24  stm32f10x_tim.o(.text)
    TIM_CtrlPWMOutputs                       0x08004329   Thumb Code    30  stm32f10x_tim.o(.text)
    TIM_ITConfig                             0x08004347   Thumb Code    18  stm32f10x_tim.o(.text)
    TIM_GenerateEvent                        0x08004359   Thumb Code     4  stm32f10x_tim.o(.text)
    TIM_DMAConfig                            0x0800435d   Thumb Code    10  stm32f10x_tim.o(.text)
    TIM_DMACmd                               0x08004367   Thumb Code    18  stm32f10x_tim.o(.text)
    TIM_InternalClockConfig                  0x08004379   Thumb Code    12  stm32f10x_tim.o(.text)
    TIM_SelectInputTrigger                   0x08004385   Thumb Code    18  stm32f10x_tim.o(.text)
    TIM_ITRxExternalClockConfig              0x08004397   Thumb Code    24  stm32f10x_tim.o(.text)
    TIM_TIxExternalClockConfig               0x080043af   Thumb Code    62  stm32f10x_tim.o(.text)
    TIM_ETRConfig                            0x080043ed   Thumb Code    28  stm32f10x_tim.o(.text)
    TIM_ETRClockMode1Config                  0x08004409   Thumb Code    54  stm32f10x_tim.o(.text)
    TIM_ETRClockMode2Config                  0x0800443f   Thumb Code    32  stm32f10x_tim.o(.text)
    TIM_PrescalerConfig                      0x0800445f   Thumb Code     6  stm32f10x_tim.o(.text)
    TIM_CounterModeConfig                    0x08004465   Thumb Code    18  stm32f10x_tim.o(.text)
    TIM_EncoderInterfaceConfig               0x08004477   Thumb Code    66  stm32f10x_tim.o(.text)
    TIM_ForcedOC1Config                      0x080044b9   Thumb Code    18  stm32f10x_tim.o(.text)
    TIM_ForcedOC2Config                      0x080044cb   Thumb Code    26  stm32f10x_tim.o(.text)
    TIM_ForcedOC3Config                      0x080044e5   Thumb Code    18  stm32f10x_tim.o(.text)
    TIM_ForcedOC4Config                      0x080044f7   Thumb Code    26  stm32f10x_tim.o(.text)
    TIM_ARRPreloadConfig                     0x08004511   Thumb Code    24  stm32f10x_tim.o(.text)
    TIM_SelectCOM                            0x08004529   Thumb Code    24  stm32f10x_tim.o(.text)
    TIM_SelectCCDMA                          0x08004541   Thumb Code    24  stm32f10x_tim.o(.text)
    TIM_CCPreloadControl                     0x08004559   Thumb Code    24  stm32f10x_tim.o(.text)
    TIM_OC1PreloadConfig                     0x08004571   Thumb Code    18  stm32f10x_tim.o(.text)
    TIM_OC2PreloadConfig                     0x08004583   Thumb Code    26  stm32f10x_tim.o(.text)
    TIM_OC3PreloadConfig                     0x0800459d   Thumb Code    18  stm32f10x_tim.o(.text)
    TIM_OC4PreloadConfig                     0x080045af   Thumb Code    26  stm32f10x_tim.o(.text)
    TIM_OC1FastConfig                        0x080045c9   Thumb Code    18  stm32f10x_tim.o(.text)
    TIM_OC2FastConfig                        0x080045db   Thumb Code    26  stm32f10x_tim.o(.text)
    TIM_OC3FastConfig                        0x080045f5   Thumb Code    18  stm32f10x_tim.o(.text)
    TIM_OC4FastConfig                        0x08004607   Thumb Code    26  stm32f10x_tim.o(.text)
    TIM_ClearOC1Ref                          0x08004621   Thumb Code    18  stm32f10x_tim.o(.text)
    TIM_ClearOC2Ref                          0x08004633   Thumb Code    24  stm32f10x_tim.o(.text)
    TIM_ClearOC3Ref                          0x0800464b   Thumb Code    18  stm32f10x_tim.o(.text)
    TIM_ClearOC4Ref                          0x0800465d   Thumb Code    24  stm32f10x_tim.o(.text)
    TIM_OC1PolarityConfig                    0x08004675   Thumb Code    18  stm32f10x_tim.o(.text)
    TIM_OC1NPolarityConfig                   0x08004687   Thumb Code    18  stm32f10x_tim.o(.text)
    TIM_OC2PolarityConfig                    0x08004699   Thumb Code    26  stm32f10x_tim.o(.text)
    TIM_OC2NPolarityConfig                   0x080046b3   Thumb Code    26  stm32f10x_tim.o(.text)
    TIM_OC3PolarityConfig                    0x080046cd   Thumb Code    26  stm32f10x_tim.o(.text)
    TIM_OC3NPolarityConfig                   0x080046e7   Thumb Code    26  stm32f10x_tim.o(.text)
    TIM_OC4PolarityConfig                    0x08004701   Thumb Code    26  stm32f10x_tim.o(.text)
    TIM_CCxCmd                               0x0800471b   Thumb Code    30  stm32f10x_tim.o(.text)
    TIM_CCxNCmd                              0x08004739   Thumb Code    30  stm32f10x_tim.o(.text)
    TIM_SelectOCxM                           0x08004757   Thumb Code    82  stm32f10x_tim.o(.text)
    TIM_UpdateDisableConfig                  0x080047a9   Thumb Code    24  stm32f10x_tim.o(.text)
    TIM_UpdateRequestConfig                  0x080047c1   Thumb Code    24  stm32f10x_tim.o(.text)
    TIM_SelectHallSensor                     0x080047d9   Thumb Code    24  stm32f10x_tim.o(.text)
    TIM_SelectOnePulseMode                   0x080047f1   Thumb Code    18  stm32f10x_tim.o(.text)
    TIM_SelectOutputTrigger                  0x08004803   Thumb Code    18  stm32f10x_tim.o(.text)
    TIM_SelectSlaveMode                      0x08004815   Thumb Code    18  stm32f10x_tim.o(.text)
    TIM_SelectMasterSlaveMode                0x08004827   Thumb Code    18  stm32f10x_tim.o(.text)
    TIM_SetCounter                           0x08004839   Thumb Code     4  stm32f10x_tim.o(.text)
    TIM_SetAutoreload                        0x0800483d   Thumb Code     4  stm32f10x_tim.o(.text)
    TIM_SetCompare1                          0x08004841   Thumb Code     4  stm32f10x_tim.o(.text)
    TIM_SetCompare2                          0x08004845   Thumb Code     4  stm32f10x_tim.o(.text)
    TIM_SetCompare3                          0x08004849   Thumb Code     4  stm32f10x_tim.o(.text)
    TIM_SetCompare4                          0x0800484d   Thumb Code     6  stm32f10x_tim.o(.text)
    TIM_SetClockDivision                     0x08004853   Thumb Code    18  stm32f10x_tim.o(.text)
    TIM_GetCapture1                          0x08004865   Thumb Code     6  stm32f10x_tim.o(.text)
    TIM_GetCapture2                          0x0800486b   Thumb Code     6  stm32f10x_tim.o(.text)
    TIM_GetCapture3                          0x08004871   Thumb Code     6  stm32f10x_tim.o(.text)
    TIM_GetCapture4                          0x08004877   Thumb Code     8  stm32f10x_tim.o(.text)
    TIM_GetCounter                           0x0800487f   Thumb Code     6  stm32f10x_tim.o(.text)
    TIM_GetPrescaler                         0x08004885   Thumb Code     6  stm32f10x_tim.o(.text)
    TIM_GetFlagStatus                        0x0800488b   Thumb Code    18  stm32f10x_tim.o(.text)
    TIM_ClearFlag                            0x0800489d   Thumb Code     6  stm32f10x_tim.o(.text)
    TIM_GetITStatus                          0x080048a3   Thumb Code    34  stm32f10x_tim.o(.text)
    TIM_ClearITPendingBit                    0x080048c5   Thumb Code     6  stm32f10x_tim.o(.text)
    CAN_hw_setup                             0x08004953   Thumb Code   136  can_stm32f103.o(.text)
    CAN_hw_init                              0x080049db   Thumb Code    40  can_stm32f103.o(.text)
    CAN_hw_start                             0x08004a03   Thumb Code    32  can_stm32f103.o(.text)
    CAN_hw_testmode                          0x08004a23   Thumb Code    30  can_stm32f103.o(.text)
    CAN_hw_tx_empty                          0x08004a41   Thumb Code    62  can_stm32f103.o(.text)
    CAN_hw_wr                                0x08004a7f   Thumb Code   184  can_stm32f103.o(.text)
    CAN_hw_set                               0x08004be1   Thumb Code     6  can_stm32f103.o(.text)
    CAN_hw_rx_object                         0x08004e61   Thumb Code   168  can_stm32f103.o(.text)
    CAN_hw_tx_object                         0x08004f09   Thumb Code     6  can_stm32f103.o(.text)
    USB_HP_CAN1_TX_IRQHandler                0x08004f0f   Thumb Code    76  can_stm32f103.o(.text)
    USB_LP_CAN1_RX0_IRQHandler               0x08004f5b   Thumb Code    68  can_stm32f103.o(.text)
    CAN_init                                 0x08004fd5   Thumb Code   120  rtx_can.o(.text)
    CAN_start                                0x0800504d   Thumb Code    12  rtx_can.o(.text)
    CAN_send                                 0x08005117   Thumb Code    24  rtx_can.o(.text)
    CAN_request                              0x0800512f   Thumb Code    24  rtx_can.o(.text)
    CAN_set                                  0x08005147   Thumb Code    80  rtx_can.o(.text)
    CAN_receive                              0x080051d9   Thumb Code    20  rtx_can.o(.text)
    CAN_rx_object                            0x080051ed   Thumb Code    28  rtx_can.o(.text)
    CAN_tx_object                            0x08005209   Thumb Code    20  rtx_can.o(.text)
    __scatterload                            0x0800524d   Thumb Code    28  init.o(.text)
    __scatterload_rt2                        0x0800524d   Thumb Code     0  init.o(.text)
    SVC_Count                                0x08005270   Data           4  SVC_Table.o(SVC_TABLE)
    SVC_Table                                0x08005274   Data           0  SVC_Table.o(SVC_TABLE)
    __scatterload_copy                       0x08005275   Thumb Code    14  handlers.o(i.__scatterload_copy)
    __scatterload_null                       0x08005283   Thumb Code     2  handlers.o(i.__scatterload_null)
    __scatterload_zeroinit                   0x08005285   Thumb Code    14  handlers.o(i.__scatterload_zeroinit)
    _init_box                                0x08005293   Thumb Code    70  rt_membox.o(i._init_box)
    dbg_init                                 0x080052d9   Thumb Code    34  hal_cm3.o(i.dbg_init)
    dbg_task_notify                          0x08005309   Thumb Code    32  hal_cm3.o(i.dbg_task_notify)
    dbg_task_switch                          0x08005329   Thumb Code    16  hal_cm3.o(i.dbg_task_switch)
    isr_evt_set                              0x08005339   Thumb Code    34  rt_event.o(i.isr_evt_set)
    isr_mbx_receive                          0x08005361   Thumb Code    84  rt_mailbox.o(i.isr_mbx_receive)
    isr_mbx_send                             0x080053b5   Thumb Code    14  rt_mailbox.o(i.isr_mbx_send)
    isr_sem_send                             0x080053c3   Thumb Code    16  rt_semaphore.o(i.isr_sem_send)
    os_tick_init                             0x080053d5   Thumb Code    32  rt_system.o(i.os_tick_init)
    os_tick_irqack                           0x080053fd   Thumb Code     2  rt_system.o(i.os_tick_irqack)
    rt_alloc_box                             0x080053ff   Thumb Code    26  rt_membox.o(i.rt_alloc_box)
    rt_block                                 0x08005419   Thumb Code    48  rt_task.o(i.rt_block)
    rt_chk_robin                             0x08005451   Thumb Code    60  rt_robin.o(i.rt_chk_robin)
    rt_dec_dly                               0x08005499   Thumb Code   106  rt_list.o(i.rt_dec_dly)
    rt_dispatch                              0x0800550d   Thumb Code    60  rt_task.o(i.rt_dispatch)
    rt_dly_wait                              0x08005551   Thumb Code     6  rt_time.o(i.rt_dly_wait)
    rt_evt_clr                               0x08005559   Thumb Code    22  rt_event.o(i.rt_evt_clr)
    rt_evt_psh                               0x08005575   Thumb Code    72  rt_event.o(i.rt_evt_psh)
    rt_evt_set                               0x080055c1   Thumb Code    90  rt_event.o(i.rt_evt_set)
    rt_evt_wait                              0x08005621   Thumb Code    56  rt_event.o(i.rt_evt_wait)
    rt_free_box                              0x0800565d   Thumb Code    32  rt_membox.o(i.rt_free_box)
    rt_get_first                             0x0800567d   Thumb Code    40  rt_list.o(i.rt_get_first)
    rt_init_robin                            0x080056e9   Thumb Code    14  rt_robin.o(i.rt_init_robin)
    rt_init_stack                            0x08005701   Thumb Code    70  hal_cm3.o(i.rt_init_stack)
    rt_itv_set                               0x08005751   Thumb Code    16  rt_time.o(i.rt_itv_set)
    rt_itv_wait                              0x08005769   Thumb Code    34  rt_time.o(i.rt_itv_wait)
    rt_mbx_check                             0x08005795   Thumb Code     8  rt_mailbox.o(i.rt_mbx_check)
    rt_mbx_init                              0x0800579d   Thumb Code    26  rt_mailbox.o(i.rt_mbx_init)
    rt_mbx_psh                               0x080057b9   Thumb Code   188  rt_mailbox.o(i.rt_mbx_psh)
    rt_mbx_send                              0x08005879   Thumb Code   154  rt_mailbox.o(i.rt_mbx_send)
    rt_mbx_wait                              0x08005919   Thumb Code   178  rt_mailbox.o(i.rt_mbx_wait)
    rt_pop_req                               0x080059d1   Thumb Code   106  rt_system.o(i.rt_pop_req)
    rt_psh_req                               0x08005a49   Thumb Code    22  rt_system.o(i.rt_psh_req)
    rt_psq_enq                               0x08005a69   Thumb Code    82  rt_list.o(i.rt_psq_enq)
    rt_put_dly                               0x08005ac1   Thumb Code    68  rt_list.o(i.rt_put_dly)
    rt_put_prio                              0x08005b09   Thumb Code    54  rt_list.o(i.rt_put_prio)
    rt_put_rdy_first                         0x08005b41   Thumb Code    14  rt_list.o(i.rt_put_rdy_first)
    rt_rmv_dly                               0x08005b55   Thumb Code    40  rt_list.o(i.rt_rmv_dly)
    rt_rmv_list                              0x08005b7d   Thumb Code    44  rt_list.o(i.rt_rmv_list)
    rt_sem_init                              0x08005bad   Thumb Code    12  rt_semaphore.o(i.rt_sem_init)
    rt_sem_psh                               0x08005bb9   Thumb Code    46  rt_semaphore.o(i.rt_sem_psh)
    rt_sem_send                              0x08005bed   Thumb Code    52  rt_semaphore.o(i.rt_sem_send)
    rt_sem_wait                              0x08005c25   Thumb Code    56  rt_semaphore.o(i.rt_sem_wait)
    rt_stk_check                             0x08005c61   Thumb Code    28  rt_system.o(i.rt_stk_check)
    rt_switch_req                            0x08005c85   Thumb Code    30  rt_task.o(i.rt_switch_req)
    rt_sys_init                              0x08005cad   Thumb Code   266  rt_task.o(i.rt_sys_init)
    rt_systick                               0x08005e05   Thumb Code    48  rt_system.o(i.rt_systick)
    rt_tmr_tick                              0x08005e41   Thumb Code    56  rt_timer.o(i.rt_tmr_tick)
    rt_tsk_create                            0x08005e81   Thumb Code   126  rt_task.o(i.rt_tsk_create)
    rt_tsk_delete                            0x08005f15   Thumb Code   162  rt_task.o(i.rt_tsk_delete)
    os_maxtaskrun                            0x08005fd0   Data           2  rtx_config.o(.constdata)
    os_stackinfo                             0x08005fd4   Data           4  rtx_config.o(.constdata)
    os_rrobin                                0x08005fd8   Data           4  rtx_config.o(.constdata)
    os_trv                                   0x08005fdc   Data           4  rtx_config.o(.constdata)
    os_flags                                 0x08005fe0   Data           1  rtx_config.o(.constdata)
    os_clockrate                             0x08005fe4   Data           4  rtx_config.o(.constdata)
    os_timernum                              0x08005fe8   Data           4  rtx_config.o(.constdata)
    mp_tcb_size                              0x08005fec   Data           2  rtx_config.o(.constdata)
    mp_stk_size                              0x08005ff0   Data           4  rtx_config.o(.constdata)
    os_fifo_size                             0x08005ff4   Data           1  rtx_config.o(.constdata)
    mp_tmr_size                              0x08005ff6   Data           2  rtx_config.o(.constdata)
    Region$$Table$$Base                      0x08006028   Number         0  anon$$obj.o(Region$$Table)
    Region$$Table$$Limit                     0x08006048   Number         0  anon$$obj.o(Region$$Table)
    m_tmr                                    0x20000000   Data           4  rtx_config.o(.data)
    Lights_status_1                          0x20000004   Data           3  main.o(.data)
    Lights_status_2                          0x20000007   Data           3  main.o(.data)
    Channels_enabled                         0x2000000a   Data           1  main.o(.data)
    Walker_channels                          0x2000000b   Data           1  main.o(.data)
    ID_Num                                   0x2000000c   Data           1  main.o(.data)
    Work_normal                              0x2000000d   Data           1  main.o(.data)
    tid_send_CAN                             0x20000010   Data           4  main.o(.data)
    tid_recv_CAN                             0x20000014   Data           4  main.o(.data)
    tid_lamp_ctl                             0x20000018   Data           4  main.o(.data)
    tid_green_led_flash                      0x2000001c   Data           4  main.o(.data)
    tid_red_led_flash                        0x20000020   Data           4  main.o(.data)
    tid_conflict_monitor                     0x20000024   Data           4  main.o(.data)
    tid_conflict_analysis                    0x20000028   Data           4  main.o(.data)
    tid_heart_beat                           0x2000002c   Data           4  main.o(.data)
    Picked_lights_status_map                 0x20000030   Data           2  main.o(.data)
    conflict_map                             0x20000032   Data           2  main.o(.data)
    ADC_status_map                           0x20000034   Data           2  main.o(.data)
    SystemCoreClock                          0x20000038   Data           4  system_stm32f10x.o(.data)
    AHBPrescTable                            0x2000003c   Data          16  system_stm32f10x.o(.data)
    CAN_CTRL                                 0x20000060   Data           4  can_stm32f103.o(.data)
    os_tsk                                   0x2000006c   Data           8  rt_task.o(.data)
    os_time                                  0x20000074   Data           4  rt_time.o(.data)
    dbg_msg                                  0x20000078   Data           1  hal_cm3.o(.data)
    os_tick_irqn                             0x20000080   Data           4  rt_system.o(.data)
    os_robin                                 0x20000084   Data           8  rt_robin.o(.data)
    os_tmr                                   0x2000008c   Data           8  rt_timer.o(.data)
    mp_tcb                                   0x20000098   Data         780  rtx_config.o(.bss)
    mp_stk                                   0x200003a8   Data        6016  rtx_config.o(.bss)
    os_fifo                                  0x20001b28   Data         132  rtx_config.o(.bss)
    os_active_TCB                            0x20001bac   Data          64  rtx_config.o(.bss)
    mp_tmr                                   0x20001bec   Data          52  rtx_config.o(.bss)
    test_n                                   0x20001c20   Data          64  main.o(.bss)
    Picked_lights_status                     0x20001c60   Data          12  main.o(.bss)
    CAN_send_mailbox                         0x20001c6c   Data          96  main.o(.bss)
    ADC_buffer                               0x20001ccc   Data          24  main.o(.bss)
    ADC_BUFFER                               0x20001ce4   Data         140  init.o(.bss)
    DMA_InitStructure                        0x20001d70   Data          44  init.o(.bss)
    CAN_mpool                                0x20001d9c   Data        1292  rtx_can.o(.bss)
    MBX_tx_ctrl                              0x200022a8   Data         192  rtx_can.o(.bss)
    MBX_rx_ctrl                              0x20002368   Data         192  rtx_can.o(.bss)
    wr_sem                                   0x20002428   Data          16  rtx_can.o(.bss)
    os_idle_TCB                              0x20002438   Data          48  rt_task.o(.bss)
    os_rdy                                   0x20002468   Data          24  rt_list.o(.bss)
    os_dly                                   0x20002480   Data          24  rt_list.o(.bss)
    __initial_sp                             0x20002898   Data           0  startup_stm32f10x_md.o(STACK)



==============================================================================

Memory Map of the image

  Image Entry point : 0x08000255

  Load Region LR_1 (Base: 0x08000000, Size: 0x000060dc, Max: 0xffffffff, ABSOLUTE)

    Execution Region ER_RO (Base: 0x08000000, Size: 0x00006048, Max: 0xffffffff, ABSOLUTE)

    Base Addr    Size         Type   Attr      Idx    E Section Name        Object

    0x08000000   0x000000ec   Data   RO            3    RESET               startup_stm32f10x_md.o
    0x080000ec   0x00000000   Code   RO         1262  * .ARM.Collect$$$$00000000  mc_w.l(entry.o)
    0x080000ec   0x00000004   Code   RO         1265    .ARM.Collect$$$$00000001  mc_w.l(entry2.o)
    0x080000f0   0x00000004   Code   RO         1268    .ARM.Collect$$$$00000004  mc_w.l(entry5.o)
    0x080000f4   0x00000000   Code   RO         1270    .ARM.Collect$$$$00000008  mc_w.l(entry7b.o)
    0x080000f4   0x00000000   Code   RO         1272    .ARM.Collect$$$$0000000A  mc_w.l(entry8b.o)
    0x080000f4   0x00000008   Code   RO         1273    .ARM.Collect$$$$0000000B  mc_w.l(entry9a.o)
    0x080000fc   0x00000000   Code   RO         1275    .ARM.Collect$$$$0000000D  mc_w.l(entry10a.o)
    0x080000fc   0x00000000   Code   RO         1277    .ARM.Collect$$$$0000000F  mc_w.l(entry11a.o)
    0x080000fc   0x00000004   Code   RO         1266    .ARM.Collect$$$$00002712  mc_w.l(entry2.o)
    0x08000100   0x00000154   Code   RO         1007    .emb_text           RTX_CM3.LIB(hal_cm3.o)
    0x08000254   0x00000024   Code   RO            4  * .text               startup_stm32f10x_md.o
    0x08000278   0x0000001c   Code   RO           10    .text               rtx_config.o
    0x08000294   0x00000858   Code   RO           38    .text               main.o
    0x08000aec   0x00000b2a   Code   RO          148    .text               init.o
    0x08001616   0x00000002   PAD
    0x08001618   0x000001dc   Code   RO          247    .text               system_stm32f10x.o
    0x080017f4   0x000001b4   Code   RO          344    .text               stm32f10x_it.o
    0x080019a8   0x000000dc   Code   RO          373    .text               misc.o
    0x08001a84   0x0000044e   Code   RO          389    .text               stm32f10x_adc.o
    0x08001ed2   0x00000002   PAD
    0x08001ed4   0x000000c4   Code   RO          401    .text               stm32f10x_bkp.o
    0x08001f98   0x000009e8   Code   RO          413    .text               stm32f10x_can.o
    0x08002980   0x00000250   Code   RO          473    .text               stm32f10x_dma.o
    0x08002bd0   0x0000011c   Code   RO          485    .text               stm32f10x_exti.o
    0x08002cec   0x000005bc   Code   RO          497    .text               stm32f10x_flash.o
    0x080032a8   0x00000358   Code   RO          521    .text               stm32f10x_gpio.o
    0x08003600   0x00000040   Code   RO          545    .text               stm32f10x_iwdg.o
    0x08003640   0x000000cc   Code   RO          557    .text               stm32f10x_pwr.o
    0x0800370c   0x000003a4   Code   RO          569    .text               stm32f10x_rcc.o
    0x08003ab0   0x00000e1a   Code   RO          619    .text               stm32f10x_tim.o
    0x080048ca   0x00000002   PAD
    0x080048cc   0x00000708   Code   RO          655    .text               can_stm32f103.o
    0x08004fd4   0x00000278   Code   RO          692    .text               rtx_can.o
    0x0800524c   0x00000024   Code   RO         1279    .text               mc_w.l(init.o)
    0x08005270   0x00000004   Code   RO         1232    SVC_TABLE           RTX_CM3.LIB(SVC_Table.o)
    0x08005274   0x0000000e   Code   RO         1283    i.__scatterload_copy  mc_w.l(handlers.o)
    0x08005282   0x00000002   Code   RO         1284    i.__scatterload_null  mc_w.l(handlers.o)
    0x08005284   0x0000000e   Code   RO         1285    i.__scatterload_zeroinit  mc_w.l(handlers.o)
    0x08005292   0x00000046   Code   RO          978    i._init_box         RTX_CM3.LIB(rt_membox.o)
    0x080052d8   0x00000030   Code   RO         1008    i.dbg_init          RTX_CM3.LIB(hal_cm3.o)
    0x08005308   0x00000020   Code   RO         1009    i.dbg_task_notify   RTX_CM3.LIB(hal_cm3.o)
    0x08005328   0x00000010   Code   RO         1010    i.dbg_task_switch   RTX_CM3.LIB(hal_cm3.o)
    0x08005338   0x00000028   Code   RO          810    i.isr_evt_set       RTX_CM3.LIB(rt_event.o)
    0x08005360   0x00000054   Code   RO          856    i.isr_mbx_receive   RTX_CM3.LIB(rt_mailbox.o)
    0x080053b4   0x0000000e   Code   RO          857    i.isr_mbx_send      RTX_CM3.LIB(rt_mailbox.o)
    0x080053c2   0x00000010   Code   RO          908    i.isr_sem_send      RTX_CM3.LIB(rt_semaphore.o)
    0x080053d2   0x00000002   PAD
    0x080053d4   0x00000028   Code   RO         1049    i.os_tick_init      RTX_CM3.LIB(rt_system.o)
    0x080053fc   0x00000002   Code   RO         1050    i.os_tick_irqack    RTX_CM3.LIB(rt_system.o)
    0x080053fe   0x0000001a   Code   RO          979    i.rt_alloc_box      RTX_CM3.LIB(rt_membox.o)
    0x08005418   0x00000038   Code   RO          711    i.rt_block          RTX_CM3.LIB(rt_task.o)
    0x08005450   0x00000048   Code   RO         1211    i.rt_chk_robin      RTX_CM3.LIB(rt_robin.o)
    0x08005498   0x00000074   Code   RO         1132    i.rt_dec_dly        RTX_CM3.LIB(rt_list.o)
    0x0800550c   0x00000044   Code   RO          712    i.rt_dispatch       RTX_CM3.LIB(rt_task.o)
    0x08005550   0x00000006   Code   RO          944    i.rt_dly_wait       RTX_CM3.LIB(rt_time.o)
    0x08005556   0x00000002   PAD
    0x08005558   0x0000001c   Code   RO          811    i.rt_evt_clr        RTX_CM3.LIB(rt_event.o)
    0x08005574   0x0000004c   Code   RO          813    i.rt_evt_psh        RTX_CM3.LIB(rt_event.o)
    0x080055c0   0x00000060   Code   RO          814    i.rt_evt_set        RTX_CM3.LIB(rt_event.o)
    0x08005620   0x0000003c   Code   RO          815    i.rt_evt_wait       RTX_CM3.LIB(rt_event.o)
    0x0800565c   0x00000020   Code   RO          980    i.rt_free_box       RTX_CM3.LIB(rt_membox.o)
    0x0800567c   0x00000028   Code   RO         1133    i.rt_get_first      RTX_CM3.LIB(rt_list.o)
    0x080056a4   0x00000044   Code   RO          713    i.rt_init_context   RTX_CM3.LIB(rt_task.o)
    0x080056e8   0x00000018   Code   RO         1212    i.rt_init_robin     RTX_CM3.LIB(rt_robin.o)
    0x08005700   0x00000050   Code   RO         1011    i.rt_init_stack     RTX_CM3.LIB(hal_cm3.o)
    0x08005750   0x00000018   Code   RO          945    i.rt_itv_set        RTX_CM3.LIB(rt_time.o)
    0x08005768   0x0000002c   Code   RO          946    i.rt_itv_wait       RTX_CM3.LIB(rt_time.o)
    0x08005794   0x00000008   Code   RO          858    i.rt_mbx_check      RTX_CM3.LIB(rt_mailbox.o)
    0x0800579c   0x0000001a   Code   RO          859    i.rt_mbx_init       RTX_CM3.LIB(rt_mailbox.o)
    0x080057b6   0x00000002   PAD
    0x080057b8   0x000000c0   Code   RO          860    i.rt_mbx_psh        RTX_CM3.LIB(rt_mailbox.o)
    0x08005878   0x000000a0   Code   RO          861    i.rt_mbx_send       RTX_CM3.LIB(rt_mailbox.o)
    0x08005918   0x000000b8   Code   RO          862    i.rt_mbx_wait       RTX_CM3.LIB(rt_mailbox.o)
    0x080059d0   0x00000078   Code   RO         1051    i.rt_pop_req        RTX_CM3.LIB(rt_system.o)
    0x08005a48   0x00000020   Code   RO         1052    i.rt_psh_req        RTX_CM3.LIB(rt_system.o)
    0x08005a68   0x00000058   Code   RO         1135    i.rt_psq_enq        RTX_CM3.LIB(rt_list.o)
    0x08005ac0   0x00000048   Code   RO         1136    i.rt_put_dly        RTX_CM3.LIB(rt_list.o)
    0x08005b08   0x00000036   Code   RO         1137    i.rt_put_prio       RTX_CM3.LIB(rt_list.o)
    0x08005b3e   0x00000002   PAD
    0x08005b40   0x00000014   Code   RO         1138    i.rt_put_rdy_first  RTX_CM3.LIB(rt_list.o)
    0x08005b54   0x00000028   Code   RO         1140    i.rt_rmv_dly        RTX_CM3.LIB(rt_list.o)
    0x08005b7c   0x00000030   Code   RO         1141    i.rt_rmv_list       RTX_CM3.LIB(rt_list.o)
    0x08005bac   0x0000000c   Code   RO          909    i.rt_sem_init       RTX_CM3.LIB(rt_semaphore.o)
    0x08005bb8   0x00000034   Code   RO          910    i.rt_sem_psh        RTX_CM3.LIB(rt_semaphore.o)
    0x08005bec   0x00000038   Code   RO          911    i.rt_sem_send       RTX_CM3.LIB(rt_semaphore.o)
    0x08005c24   0x0000003c   Code   RO          912    i.rt_sem_wait       RTX_CM3.LIB(rt_semaphore.o)
    0x08005c60   0x00000024   Code   RO         1054    i.rt_stk_check      RTX_CM3.LIB(rt_system.o)
    0x08005c84   0x00000028   Code   RO          714    i.rt_switch_req     RTX_CM3.LIB(rt_task.o)
    0x08005cac   0x00000158   Code   RO          715    i.rt_sys_init       RTX_CM3.LIB(rt_task.o)
    0x08005e04   0x0000003c   Code   RO         1056    i.rt_systick        RTX_CM3.LIB(rt_system.o)
    0x08005e40   0x00000040   Code   RO         1237    i.rt_tmr_tick       RTX_CM3.LIB(rt_timer.o)
    0x08005e80   0x00000094   Code   RO          716    i.rt_tsk_create     RTX_CM3.LIB(rt_task.o)
    0x08005f14   0x000000bc   Code   RO          717    i.rt_tsk_delete     RTX_CM3.LIB(rt_task.o)
    0x08005fd0   0x00000028   Data   RO           12    .constdata          rtx_config.o
    0x08005ff8   0x00000030   Data   RO           40    .constdata          main.o
    0x08006028   0x00000020   Data   RO         1281    Region$$Table       anon$$obj.o


    Execution Region ER_RW (Base: 0x20000000, Size: 0x00000094, Max: 0xffffffff, ABSOLUTE)

    Base Addr    Size         Type   Attr      Idx    E Section Name        Object

    0x20000000   0x00000004   Data   RW           13    .data               rtx_config.o
    0x20000004   0x00000032   Data   RW           41    .data               main.o
    0x20000036   0x00000002   PAD
    0x20000038   0x00000014   Data   RW          248    .data               system_stm32f10x.o
    0x2000004c   0x00000014   Data   RW          570    .data               stm32f10x_rcc.o
    0x20000060   0x00000008   Data   RW          656    .data               can_stm32f103.o
    0x20000068   0x00000001   Data   RW          694    .data               rtx_can.o
    0x20000069   0x00000003   PAD
    0x2000006c   0x00000008   Data   RW          722    .data               RTX_CM3.LIB(rt_task.o)
    0x20000074   0x00000004   Data   RW          948    .data               RTX_CM3.LIB(rt_time.o)
    0x20000078   0x00000001   Data   RW         1012    .data               RTX_CM3.LIB(hal_cm3.o)
    0x20000079   0x00000003   PAD
    0x2000007c   0x00000008   Data   RW         1059    .data               RTX_CM3.LIB(rt_system.o)
    0x20000084   0x00000008   Data   RW         1213    .data               RTX_CM3.LIB(rt_robin.o)
    0x2000008c   0x00000008   Data   RW         1238    .data               RTX_CM3.LIB(rt_timer.o)


    Execution Region ER_ZI (Base: 0x20000094, Size: 0x00002804, Max: 0xffffffff, ABSOLUTE)

    Base Addr    Size         Type   Attr      Idx    E Section Name        Object

    0x20000094   0x00000004   PAD
    0x20000098   0x00001b88   Zero   RW           11    .bss                rtx_config.o
    0x20001c20   0x000000c4   Zero   RW           39    .bss                main.o
    0x20001ce4   0x000000b8   Zero   RW          149    .bss                init.o
    0x20001d9c   0x0000069c   Zero   RW          693    .bss                rtx_can.o
    0x20002438   0x00000030   Zero   RW          721    .bss                RTX_CM3.LIB(rt_task.o)
    0x20002468   0x00000030   Zero   RW         1142    .bss                RTX_CM3.LIB(rt_list.o)
    0x20002498   0x00000400   Zero   RW            1    STACK               startup_stm32f10x_md.o


==============================================================================

Image component sizes


      Code (inc. data)   RO Data    RW Data    ZI Data      Debug   Object Name

      1800         78          0          8          0     222878   can_stm32f103.o
      2858         78          0          0        184     267579   init.o
      2136        200         48         50        196     218968   main.o
       220         20          0          0          0       1861   misc.o
       632         48          0          1       1692       5081   rtx_can.o
        28          0         40          4       7048      10095   rtx_config.o
        36          8        236          0       1024        888   startup_stm32f10x_md.o
      1102         26          0          0          0      10897   stm32f10x_adc.o
       196          8          0          0          0       3524   stm32f10x_bkp.o
      2536         36          0          0          0       7916   stm32f10x_can.o
       592          8          0          0          0       4390   stm32f10x_dma.o
       284         10          0          0          0       2299   stm32f10x_exti.o
      1468         34          0          0          0       8090   stm32f10x_flash.o
       856         40          0          0          0       5705   stm32f10x_gpio.o
       436         10          0          0          0       1794   stm32f10x_it.o
        64          6          0          0          0       1285   stm32f10x_iwdg.o
       204         16          0          0          0       1935   stm32f10x_pwr.o
       932         44          0         20          0       8876   stm32f10x_rcc.o
      3610         88          0          0          0      22196   stm32f10x_tim.o
       476         36          0         20          0     278939   system_stm32f10x.o

    ----------------------------------------------------------------------
     20472        794        356        108      10144    1085196   Object Totals
         0          0         32          0          0          0   (incl. Generated)
         6          0          0          5          0          0   (incl. Padding)

    ----------------------------------------------------------------------

      Code (inc. data)   RO Data    RW Data    ZI Data      Debug   Library Member Name

         4          4          0          0          0        140   SVC_Table.o
       516         56          0          1          0       2477   hal_cm3.o
       300         26          0          0          0       2459   rt_event.o
       478         30          0          0         48       6348   rt_list.o
       668         16          0          0          0       3711   rt_mailbox.o
       128          0          0          0          0       1497   rt_membox.o
        96         22          0          8          0        974   rt_robin.o
       196         14          0          0          0       2282   rt_semaphore.o
       290         52          0          8          0       3343   rt_system.o
       912        156          0          8         48       6290   rt_task.o
        74         18          0          4          0       1251   rt_time.o
        64          8          0          8          0        583   rt_timer.o
         0          0          0          0          0          0   entry.o
         0          0          0          0          0          0   entry10a.o
         0          0          0          0          0          0   entry11a.o
         8          4          0          0          0          0   entry2.o
         4          0          0          0          0          0   entry5.o
         0          0          0          0          0          0   entry7b.o
         0          0          0          0          0          0   entry8b.o
         8          4          0          0          0          0   entry9a.o
        30          0          0          0          0          0   handlers.o
        36          8          0          0          0         68   init.o

    ----------------------------------------------------------------------
      3820        418          0         40        100      31423   Library Totals
         8          0          0          3          4          0   (incl. Padding)

    ----------------------------------------------------------------------

      Code (inc. data)   RO Data    RW Data    ZI Data      Debug   Library Name

      3726        402          0         37         96      31355   RTX_CM3.LIB
        86         16          0          0          0         68   mc_w.l

    ----------------------------------------------------------------------
      3820        418          0         40        100      31423   Library Totals

    ----------------------------------------------------------------------

==============================================================================


      Code (inc. data)   RO Data    RW Data    ZI Data      Debug   

     24292       1212        356        148      10244    1111783   Grand Totals
     24292       1212        356        148      10244    1111783   ELF Image Totals
     24292       1212        356        148          0          0   ROM Totals

==============================================================================

    Total RO  Size (Code + RO Data)                24648 (  24.07kB)
    Total RW  Size (RW Data + ZI Data)             10392 (  10.15kB)
    Total ROM Size (Code + RO Data + RW Data)      24796 (  24.21kB)

==============================================================================

