ARM Linker, 5.03 [Build 24] [MDK-ARM Professional]

==============================================================================

Section Cross References

    startup_stm32f10x_md.o(RESET) refers to startup_stm32f10x_md.o(STACK) for __initial_sp
    startup_stm32f10x_md.o(RESET) refers to startup_stm32f10x_md.o(.text) for Reset_Handler
    startup_stm32f10x_md.o(RESET) refers to stm32f10x_it.o(.text) for NMI_Handler
    startup_stm32f10x_md.o(RESET) refers to hal_cm3.o(.emb_text) for SVC_Handler
    startup_stm32f10x_md.o(RESET) refers to can_stm32f103.o(.text) for USB_HP_CAN1_TX_IRQHandler
    startup_stm32f10x_md.o(.text) refers to system_stm32f10x.o(.text) for SystemInit
    startup_stm32f10x_md.o(.text) refers to entry.o(.ARM.Collect$$$$00000000) for __main
    rtx_config.o(.data) refers to rtx_config.o(.bss) for mp_tmr
    main.o(.text) refers to stm32f10x_gpio.o(.text) for GPIO_ReadInputData
    main.o(.text) refers to rtx_can.o(.text) for CAN_receive
    main.o(.text) refers to hal_cm3.o(.emb_text) for _free_box
    main.o(.text) refers to init.o(.text) for AC_Detect_Enable
    main.o(.text) refers to memseta.o(.text) for __aeabi_memclr4
    main.o(.text) refers to rt_membox.o(i._calloc_box) for _calloc_box
    main.o(.text) refers to rt_time.o(i.rt_itv_set) for rt_itv_set
    main.o(.text) refers to rt_time.o(i.rt_itv_wait) for rt_itv_wait
    main.o(.text) refers to main.o(.data) for Lights_status_1
    main.o(.text) refers to rt_event.o(i.rt_evt_clr) for rt_evt_clr
    main.o(.text) refers to rt_event.o(i.rt_evt_set) for rt_evt_set
    main.o(.text) refers to main.o(.bss) for CAN_send_mailbox
    main.o(.text) refers to rt_mailbox.o(i.rt_mbx_wait) for rt_mbx_wait
    main.o(.text) refers to rt_time.o(i.rt_dly_wait) for rt_dly_wait
    main.o(.text) refers to rt_mutex.o(i.rt_mut_wait) for rt_mut_wait
    main.o(.text) refers to rt_mutex.o(i.rt_mut_release) for rt_mut_release
    main.o(.text) refers to rt_mailbox.o(i.rt_mbx_send) for rt_mbx_send
    main.o(.text) refers to rt_event.o(i.rt_evt_wait) for rt_evt_wait
    main.o(.text) refers to rt_membox.o(i._init_box) for _init_box
    main.o(.text) refers to rt_mailbox.o(i.rt_mbx_init) for rt_mbx_init
    main.o(.text) refers to rt_mutex.o(i.rt_mut_init) for rt_mut_init
    main.o(.text) refers to rt_task.o(i.rt_tsk_create) for rt_tsk_create
    main.o(.text) refers to rt_task.o(i.rt_tsk_delete) for rt_tsk_delete
    main.o(.text) refers to rt_task.o(i.rt_sys_init) for rt_sys_init
    init.o(.text) refers to stm32f10x_rcc.o(.text) for RCC_DeInit
    init.o(.text) refers to stm32f10x_flash.o(.text) for FLASH_PrefetchBufferCmd
    init.o(.text) refers to misc.o(.text) for NVIC_SetVectorTable
    init.o(.text) refers to stm32f10x_gpio.o(.text) for GPIO_Init
    init.o(.text) refers to stm32f10x_can.o(.text) for CAN_DeInit
    init.o(.text) refers to stm32f10x_dma.o(.text) for DMA_DeInit
    init.o(.text) refers to stm32f10x_adc.o(.text) for ADC_Init
    init.o(.text) refers to init.o(.bss) for ADC_BUFFER
    init.o(.text) refers to main.o(.bss) for ADC_buffer
    init.o(.text) refers to stm32f10x_tim.o(.text) for TIM_DeInit
    init.o(.text) refers to stm32f10x_iwdg.o(.text) for IWDG_WriteAccessCmd
    init.o(.text) refers to stm32f10x_exti.o(.text) for EXTI_Init
    init.o(.text) refers to stm32f10x_pwr.o(.text) for PWR_BackupAccessCmd
    init.o(.text) refers to stm32f10x_bkp.o(.text) for BKP_ClearFlag
    system_stm32f10x.o(.text) refers to system_stm32f10x.o(.data) for SystemCoreClock
    stm32f10x_it.o(.text) refers to stm32f10x_exti.o(.text) for EXTI_GetITStatus
    stm32f10x_it.o(.text) refers to stm32f10x_dma.o(.text) for DMA_GetITStatus
    stm32f10x_it.o(.text) refers to rt_event.o(i.isr_evt_set) for isr_evt_set
    stm32f10x_it.o(.text) refers to main.o(.bss) for test_n
    stm32f10x_it.o(.text) refers to main.o(.data) for tid_conflict_monitor
    stm32f10x_adc.o(.text) refers to stm32f10x_rcc.o(.text) for RCC_APB2PeriphResetCmd
    stm32f10x_bkp.o(.text) refers to stm32f10x_rcc.o(.text) for RCC_BackupResetCmd
    stm32f10x_can.o(.text) refers to stm32f10x_rcc.o(.text) for RCC_APB1PeriphResetCmd
    stm32f10x_cec.o(.text) refers to stm32f10x_rcc.o(.text) for RCC_APB1PeriphResetCmd
    stm32f10x_dac.o(.text) refers to stm32f10x_rcc.o(.text) for RCC_APB1PeriphResetCmd
    stm32f10x_gpio.o(.text) refers to stm32f10x_rcc.o(.text) for RCC_APB2PeriphResetCmd
    stm32f10x_i2c.o(.text) refers to stm32f10x_rcc.o(.text) for RCC_APB1PeriphResetCmd
    stm32f10x_pwr.o(.text) refers to stm32f10x_rcc.o(.text) for RCC_APB1PeriphResetCmd
    stm32f10x_rcc.o(.text) refers to stm32f10x_rcc.o(.data) for APBAHBPrescTable
    stm32f10x_spi.o(.text) refers to stm32f10x_rcc.o(.text) for RCC_APB2PeriphResetCmd
    stm32f10x_tim.o(.text) refers to stm32f10x_rcc.o(.text) for RCC_APB2PeriphResetCmd
    stm32f10x_usart.o(.text) refers to stm32f10x_rcc.o(.text) for RCC_APB2PeriphResetCmd
[...]
    Removing core_cm3.o(.emb_text), (32 bytes).
    Removing stm32f10x_cec.o(.text), (288 bytes).
    Removing stm32f10x_crc.o(.text), (72 bytes).
    Removing stm32f10x_dac.o(.text), (396 bytes).
    Removing stm32f10x_dbgmcu.o(.text), (48 bytes).
    Removing stm32f10x_fsmc.o(.text), (1560 bytes).
    Removing stm32f10x_i2c.o(.text), (1028 bytes).
    Removing stm32f10x_rtc.o(.text), (324 bytes).
    Removing stm32f10x_sdio.o(.text), (472 bytes).
    Removing stm32f10x_spi.o(.text), (780 bytes).
    Removing stm32f10x_usart.o(.text), (1032 bytes).
    Removing stm32f10x_wwdg.o(.text), (136 bytes).
    Removing rt_task.o(i.rt_tsk_pass), (48 bytes).
    Removing rt_task.o(i.rt_tsk_prio), (128 bytes).
    Removing rt_task.o(i.rt_tsk_self), (16 bytes).
    Removing rt_event.o(i.rt_evt_get), (12 bytes).
    Removing rt_time.o(i.rt_time_get), (12 bytes).
    Removing rt_system.o(.emb_text), (0 bytes).
    Removing rt_system.o(i.rt_resume), (176 bytes).
    Removing rt_system.o(i.rt_suspend), (44 bytes).
    Removing rt_system.o(i.rt_tsk_lock), (80 bytes).
    Removing rt_system.o(i.rt_tsk_unlock), (80 bytes).
    Removing rt_list.o(i.rt_get_same_rdy_prio), (36 bytes).
    Removing rt_timer.o(i.rt_tmr_create), (80 bytes).
    Removing rt_timer.o(i.rt_tmr_kill), (52 bytes).

27 unused section(s) (total 7448 bytes) removed from the image.

==============================================================================

Image Symbol Table

    Local Symbols

    Symbol Name                              Value     Ov Type        Size  Object(Section)

    ../clib/microlib/init/entry.s            0x00000000   Number         0  entry7b.o ABSOLUTE
    ../clib/microlib/init/entry.s            0x00000000   Number         0  entry8b.o ABSOLUTE
    ../clib/microlib/init/entry.s            0x00000000   Number         0  entry11a.o ABSOLUTE
    ../clib/microlib/init/entry.s            0x00000000   Number         0  entry10b.o ABSOLUTE
    ../clib/microlib/init/entry.s            0x00000000   Number         0  entry10a.o ABSOLUTE
    ../clib/microlib/init/entry.s            0x00000000   Number         0  entry9b.o ABSOLUTE
    ../clib/microlib/init/entry.s            0x00000000   Number         0  entry8a.o ABSOLUTE
    ../clib/microlib/init/entry.s            0x00000000   Number         0  entry7a.o ABSOLUTE
    ../clib/microlib/init/entry.s            0x00000000   Number         0  entry2.o ABSOLUTE
    ../clib/microlib/init/entry.s            0x00000000   Number         0  entry9a.o ABSOLUTE
    ../clib/microlib/init/entry.s            0x00000000   Number         0  entry5.o ABSOLUTE
    ../clib/microlib/init/entry.s            0x00000000   Number         0  entry11b.o ABSOLUTE
    ../clib/microlib/init/entry.s            0x00000000   Number         0  entry.o ABSOLUTE
    ../clib/microlib/string/memset.c         0x00000000   Number         0  memseta.o ABSOLUTE
    ..\CAN_Core\RTX_CAN.c                    0x00000000   Number         0  rtx_can.o ABSOLUTE
    ..\CAN_Driver\CAN_STM32F103.c            0x00000000   Number         0  can_stm32f103.o ABSOLUTE
    ..\Libraries\CMSIS\CM3\CoreSupport\core_cm3.c 0x00000000   Number         0  core_cm3.o ABSOLUTE
    ..\Libraries\CMSIS\CM3\DeviceSupport\ST\STM32F10x\startup\arm\startup_stm32f10x_md.s 0x00000000   Number         0  startup_stm32f10x_md.o ABSOLUTE
    ..\Libraries\STM32F10x_StdPeriph_Driver\src\misc.c 0x00000000   Number         0  misc.o ABSOLUTE
    ..\Libraries\STM32F10x_StdPeriph_Driver\src\stm32f10x_adc.c 0x00000000   Number         0  stm32f10x_adc.o ABSOLUTE
    ..\Libraries\STM32F10x_StdPeriph_Driver\src\stm32f10x_bkp.c 0x00000000   Number         0  stm32f10x_bkp.o ABSOLUTE
    ..\Libraries\STM32F10x_StdPeriph_Driver\src\stm32f10x_can.c 0x00000000   Number         0  stm32f10x_can.o ABSOLUTE
    ..\Libraries\STM32F10x_StdPeriph_Driver\src\stm32f10x_cec.c 0x00000000   Number         0  stm32f10x_cec.o ABSOLUTE
    ..\Libraries\STM32F10x_StdPeriph_Driver\src\stm32f10x_crc.c 0x00000000   Number         0  stm32f10x_crc.o ABSOLUTE
    ..\Libraries\STM32F10x_StdPeriph_Driver\src\stm32f10x_dac.c 0x00000000   Number         0  stm32f10x_dac.o ABSOLUTE
    ..\Libraries\STM32F10x_StdPeriph_Driver\src\stm32f10x_dbgmcu.c 0x00000000   Number         0  stm32f10x_dbgmcu.o ABSOLUTE
    ..\Libraries\STM32F10x_StdPeriph_Driver\src\stm32f10x_dma.c 0x00000000   Number         0  stm32f10x_dma.o ABSOLUTE
    ..\Libraries\STM32F10x_StdPeriph_Driver\src\stm32f10x_exti.c 0x00000000   Number         0  stm32f10x_exti.o ABSOLUTE
    ..\Libraries\STM32F10x_StdPeriph_Driver\src\stm32f10x_flash.c 0x00000000   Number         0  stm32f10x_flash.o ABSOLUTE
    ..\Libraries\STM32F10x_StdPeriph_Driver\src\stm32f10x_fsmc.c 0x00000000   Number         0  stm32f10x_fsmc.o ABSOLUTE
    ..\Libraries\STM32F10x_StdPeriph_Driver\src\stm32f10x_gpio.c 0x00000000   Number         0  stm32f10x_gpio.o ABSOLUTE
    ..\Libraries\STM32F10x_StdPeriph_Driver\src\stm32f10x_i2c.c 0x00000000   Number         0  stm32f10x_i2c.o ABSOLUTE
    ..\Libraries\STM32F10x_StdPeriph_Driver\src\stm32f10x_iwdg.c 0x00000000   Number         0  stm32f10x_iwdg.o ABSOLUTE
    ..\Libraries\STM32F10x_StdPeriph_Driver\src\stm32f10x_pwr.c 0x00000000   Number         0  stm32f10x_pwr.o ABSOLUTE
    ..\Libraries\STM32F10x_StdPeriph_Driver\src\stm32f10x_rcc.c 0x00000000   Number         0  stm32f10x_rcc.o ABSOLUTE
    ..\Libraries\STM32F10x_StdPeriph_Driver\src\stm32f10x_rtc.c 0x00000000   Number         0  stm32f10x_rtc.o ABSOLUTE
    ..\Libraries\STM32F10x_StdPeriph_Driver\src\stm32f10x_sdio.c 0x00000000   Number         0  stm32f10x_sdio.o ABSOLUTE
    ..\Libraries\STM32F10x_StdPeriph_Driver\src\stm32f10x_spi.c 0x00000000   Number         0  stm32f10x_spi.o ABSOLUTE
    ..\Libraries\STM32F10x_StdPeriph_Driver\src\stm32f10x_tim.c 0x00000000   Number         0  stm32f10x_tim.o ABSOLUTE
    ..\Libraries\STM32F10x_StdPeriph_Driver\src\stm32f10x_usart.c 0x00000000   Number         0  stm32f10x_usart.o ABSOLUTE
    ..\Libraries\STM32F10x_StdPeriph_Driver\src\stm32f10x_wwdg.c 0x00000000   Number         0  stm32f10x_wwdg.o ABSOLUTE
    ..\RTXConfig\RTX_Config.c                0x00000000   Number         0  rtx_config.o ABSOLUTE
    ..\User\Init.c                           0x00000000   Number         0  init.o ABSOLUTE
    ..\User\main.c                           0x00000000   Number         0  main.o ABSOLUTE
    ..\User\stm32f10x_it.c                   0x00000000   Number         0  stm32f10x_it.o ABSOLUTE
    ..\User\system_stm32f10x.c               0x00000000   Number         0  system_stm32f10x.o ABSOLUTE
    ..\\Libraries\\CMSIS\\CM3\\CoreSupport\\core_cm3.c 0x00000000   Number         0  core_cm3.o ABSOLUTE
    SRC\CM\HAL_CM3.c                         0x00000000   Number         0  hal_cm3.o ABSOLUTE
    SRC\CM\SVC_Table.s                       0x00000000   Number         0  SVC_Table.o ABSOLUTE
    SRC\CM\rt_Event.c                        0x00000000   Number         0  rt_event.o ABSOLUTE
    SRC\CM\rt_List.c                         0x00000000   Number         0  rt_list.o ABSOLUTE
    SRC\CM\rt_Mailbox.c                      0x00000000   Number         0  rt_mailbox.o ABSOLUTE
    SRC\CM\rt_MemBox.c                       0x00000000   Number         0  rt_membox.o ABSOLUTE
    SRC\CM\rt_Mutex.c                        0x00000000   Number         0  rt_mutex.o ABSOLUTE
    SRC\CM\rt_Robin.c                        0x00000000   Number         0  rt_robin.o ABSOLUTE
    SRC\CM\rt_Semaphore.c                    0x00000000   Number         0  rt_semaphore.o ABSOLUTE
    SRC\CM\rt_System.c                       0x00000000   Number         0  rt_system.o ABSOLUTE
    SRC\CM\rt_Task.c                         0x00000000   Number         0  rt_task.o ABSOLUTE
    SRC\CM\rt_Time.c                         0x00000000   Number         0  rt_time.o ABSOLUTE
    SRC\CM\rt_Timer.c                        0x00000000   Number         0  rt_timer.o ABSOLUTE
    SRC\\CM\\HAL_CM3.c                       0x00000000   Number         0  hal_cm3.o ABSOLUTE
    SRC\\CM\\rt_System.c                     0x00000000   Number         0  rt_system.o ABSOLUTE
    dc.s                                     0x00000000   Number         0  dc.o ABSOLUTE
    handlers.s                               0x00000000   Number         0  handlers.o ABSOLUTE
    init.s                                   0x00000000   Number         0  init.o ABSOLUTE
    RESET                                    0x08000000   Section      236  startup_stm32f10x_md.o(RESET)
    .ARM.Collect$$$$00000000                 0x080000ec   Section        0  entry.o(.ARM.Collect$$$$00000000)
    .ARM.Collect$$$$00000001                 0x080000ec   Section        4  entry2.o(.ARM.Collect$$$$00000001)
    .ARM.Collect$$$$00000004                 0x080000f0   Section        4  entry5.o(.ARM.Collect$$$$00000004)
    .ARM.Collect$$$$00000008                 0x080000f4   Section        0  entry7b.o(.ARM.Collect$$$$00000008)
    .ARM.Collect$$$$0000000A                 0x080000f4   Section        0  entry8b.o(.ARM.Collect$$$$0000000A)
    .ARM.Collect$$$$0000000B                 0x080000f4   Section        8  entry9a.o(.ARM.Collect$$$$0000000B)
    .ARM.Collect$$$$0000000D                 0x080000fc   Section        0  entry10a.o(.ARM.Collect$$$$0000000D)
    .ARM.Collect$$$$0000000F                 0x080000fc   Section        0  entry11a.o(.ARM.Collect$$$$0000000F)
    .ARM.Collect$$$$00002712                 0x080000fc   Section        4  entry2.o(.ARM.Collect$$$$00002712)
    __lit__00000000                          0x080000fc   Data           4  entry2.o(.ARM.Collect$$$$00002712)
    .emb_text                                0x08000100   Section      340  hal_cm3.o(.emb_text)
    .text                                    0x08000254   Section       36  startup_stm32f10x_md.o(.text)
    .text                                    0x08000278   Section        0  rtx_config.o(.text)
    .text                                    0x08000294   Section        0  main.o(.text)
    .text                                    0x08000fa8   Section        0  init.o(.text)
    .text                                    0x08001b10   Section        0  system_stm32f10x.o(.text)
    SetSysClockTo72                          0x08001b11   Thumb Code   212  system_stm32f10x.o(.text)
    SetSysClock                              0x08001be5   Thumb Code     8  system_stm32f10x.o(.text)
    .text                                    0x08001cec   Section        0  stm32f10x_it.o(.text)
    .text                                    0x08001ea0   Section        0  misc.o(.text)
    .text                                    0x08001f7c   Section        0  stm32f10x_adc.o(.text)
    .text                                    0x080023cc   Section        0  stm32f10x_bkp.o(.text)
    .text                                    0x08002490   Section        0  stm32f10x_can.o(.text)
    CheckITStatus                            0x08002c91   Thumb Code    16  stm32f10x_can.o(.text)
    .text                                    0x08002e78   Section        0  stm32f10x_dma.o(.text)
    .text                                    0x080030c8   Section        0  stm32f10x_exti.o(.text)
    .text                                    0x080031e4   Section        0  stm32f10x_flash.o(.text)
    .text                                    0x080037a0   Section        0  stm32f10x_gpio.o(.text)
    .text                                    0x08003af8   Section        0  stm32f10x_iwdg.o(.text)
    .text                                    0x08003b38   Section        0  stm32f10x_pwr.o(.text)
    .text                                    0x08003c04   Section        0  stm32f10x_rcc.o(.text)
    .text                                    0x08003fa8   Section        0  stm32f10x_tim.o(.text)
    TI4_Config                               0x0800444f   Thumb Code   130  stm32f10x_tim.o(.text)
    TI3_Config                               0x080044e3   Thumb Code   122  stm32f10x_tim.o(.text)
    TI2_Config                               0x08004577   Thumb Code   130  stm32f10x_tim.o(.text)
    TI1_Config                               0x0800460b   Thumb Code   108  stm32f10x_tim.o(.text)
    .text                                    0x08004dc4   Section        0  can_stm32f103.o(.text)
    CAN_set_timing                           0x08004dc5   Thumb Code    64  can_stm32f103.o(.text)
    CAN_hw_set_baudrate                      0x08004e05   Thumb Code    70  can_stm32f103.o(.text)
    CAN_hw_rd                                0x0800502f   Thumb Code   170  can_stm32f103.o(.text)
    CAN_hw_rx_object_chk                     0x080050df   Thumb Code   140  can_stm32f103.o(.text)
    CAN_hw_rx_object_add                     0x0800516b   Thumb Code   494  can_stm32f103.o(.text)
    NVIC_EnableIRQ                           0x08005497   Thumb Code    24  can_stm32f103.o(.text)
    .text                                    0x080054cc   Section        0  rtx_can.o(.text)
    CAN_push                                 0x08005551   Thumb Code   190  rtx_can.o(.text)
    CAN_pull                                 0x0800568f   Thumb Code    66  rtx_can.o(.text)
    .text                                    0x08005744   Section        0  memseta.o(.text)
    .text                                    0x08005768   Section       36  init.o(.text)
    SVC_TABLE                                0x0800578c   Section        4  SVC_Table.o(SVC_TABLE)
    i.__scatterload_copy                     0x08005790   Section       14  handlers.o(i.__scatterload_copy)
    i.__scatterload_null                     0x0800579e   Section        2  handlers.o(i.__scatterload_null)
    i.__scatterload_zeroinit                 0x080057a0   Section       14  handlers.o(i.__scatterload_zeroinit)
    i._calloc_box                            0x080057ae   Section        0  rt_membox.o(i._calloc_box)
    i._init_box                              0x080057cc   Section        0  rt_membox.o(i._init_box)
    i.dbg_init                               0x08005814   Section        0  hal_cm3.o(i.dbg_init)
    i.dbg_task_notify                        0x08005844   Section        0  hal_cm3.o(i.dbg_task_notify)
    i.dbg_task_switch                        0x08005864   Section        0  hal_cm3.o(i.dbg_task_switch)
    i.isr_evt_set                            0x08005874   Section        0  rt_event.o(i.isr_evt_set)
    i.isr_mbx_receive                        0x0800589c   Section        0  rt_mailbox.o(i.isr_mbx_receive)
    i.isr_mbx_send                           0x080058f0   Section        0  rt_mailbox.o(i.isr_mbx_send)
    i.isr_sem_send                           0x080058fe   Section        0  rt_semaphore.o(i.isr_sem_send)
    i.os_tick_init                           0x08005910   Section        0  rt_system.o(i.os_tick_init)
    i.os_tick_irqack                         0x08005938   Section        0  rt_system.o(i.os_tick_irqack)
    i.rt_alloc_box                           0x0800593a   Section        0  rt_membox.o(i.rt_alloc_box)
    i.rt_block                               0x08005954   Section        0  rt_task.o(i.rt_block)
    i.rt_chk_robin                           0x0800598c   Section        0  rt_robin.o(i.rt_chk_robin)
    i.rt_dec_dly                             0x080059d4   Section        0  rt_list.o(i.rt_dec_dly)
    i.rt_dispatch                            0x08005a48   Section        0  rt_task.o(i.rt_dispatch)
    i.rt_dly_wait                            0x08005a8c   Section        0  rt_time.o(i.rt_dly_wait)
    i.rt_evt_clr                             0x08005a94   Section        0  rt_event.o(i.rt_evt_clr)
    i.rt_evt_psh                             0x08005ab0   Section        0  rt_event.o(i.rt_evt_psh)
    i.rt_evt_set                             0x08005afc   Section        0  rt_event.o(i.rt_evt_set)
    i.rt_evt_wait                            0x08005b5c   Section        0  rt_event.o(i.rt_evt_wait)
    i.rt_free_box                            0x08005b98   Section        0  rt_membox.o(i.rt_free_box)
    i.rt_get_first                           0x08005bb8   Section        0  rt_list.o(i.rt_get_first)
    i.rt_init_context                        0x08005be0   Section        0  rt_task.o(i.rt_init_context)
    rt_init_context                          0x08005be1   Thumb Code    64  rt_task.o(i.rt_init_context)
    i.rt_init_robin                          0x08005c24   Section        0  rt_robin.o(i.rt_init_robin)
    i.rt_init_stack                          0x08005c3c   Section        0  hal_cm3.o(i.rt_init_stack)
    i.rt_itv_set                             0x08005c8c   Section        0  rt_time.o(i.rt_itv_set)
    i.rt_itv_wait                            0x08005ca4   Section        0  rt_time.o(i.rt_itv_wait)
    i.rt_mbx_check                           0x08005cd0   Section        0  rt_mailbox.o(i.rt_mbx_check)
    i.rt_mbx_init                            0x08005cd8   Section        0  rt_mailbox.o(i.rt_mbx_init)
    i.rt_mbx_psh                             0x08005cf4   Section        0  rt_mailbox.o(i.rt_mbx_psh)
    i.rt_mbx_send                            0x08005db4   Section        0  rt_mailbox.o(i.rt_mbx_send)
    i.rt_mbx_wait                            0x08005e54   Section        0  rt_mailbox.o(i.rt_mbx_wait)
    i.rt_mut_init                            0x08005f0c   Section        0  rt_mutex.o(i.rt_mut_init)
    i.rt_mut_release                         0x08005f1c   Section        0  rt_mutex.o(i.rt_mut_release)
    i.rt_mut_wait                            0x08005fc8   Section        0  rt_mutex.o(i.rt_mut_wait)
    i.rt_pop_req                             0x0800602c   Section        0  rt_system.o(i.rt_pop_req)
    i.rt_psh_req                             0x080060a4   Section        0  rt_system.o(i.rt_psh_req)
    i.rt_psq_enq                             0x080060c4   Section        0  rt_list.o(i.rt_psq_enq)
    i.rt_put_dly                             0x0800611c   Section        0  rt_list.o(i.rt_put_dly)
    i.rt_put_prio                            0x08006164   Section        0  rt_list.o(i.rt_put_prio)
    i.rt_put_rdy_first                       0x0800619c   Section        0  rt_list.o(i.rt_put_rdy_first)
    i.rt_resort_prio                         0x080061b0   Section        0  rt_list.o(i.rt_resort_prio)
    i.rt_rmv_dly                             0x080061e4   Section        0  rt_list.o(i.rt_rmv_dly)
    i.rt_rmv_list                            0x0800620c   Section        0  rt_list.o(i.rt_rmv_list)
    i.rt_sem_init                            0x0800623c   Section        0  rt_semaphore.o(i.rt_sem_init)
    i.rt_sem_psh                             0x08006248   Section        0  rt_semaphore.o(i.rt_sem_psh)
    i.rt_sem_send                            0x0800627c   Section        0  rt_semaphore.o(i.rt_sem_send)
    i.rt_sem_wait                            0x080062b4   Section        0  rt_semaphore.o(i.rt_sem_wait)
    i.rt_stk_check                           0x080062f0   Section        0  rt_system.o(i.rt_stk_check)
    i.rt_switch_req                          0x08006314   Section        0  rt_task.o(i.rt_switch_req)
    i.rt_sys_init                            0x0800633c   Section        0  rt_task.o(i.rt_sys_init)
    i.rt_systick                             0x08006494   Section        0  rt_system.o(i.rt_systick)
    i.rt_tmr_tick                            0x080064d0   Section        0  rt_timer.o(i.rt_tmr_tick)
    i.rt_tsk_create                          0x08006510   Section        0  rt_task.o(i.rt_tsk_create)
    i.rt_tsk_delete                          0x080065a4   Section        0  rt_task.o(i.rt_tsk_delete)
    .constdata                               0x08006660   Section       40  rtx_config.o(.constdata)
    __tagsym$$used                           0x08006674   Number         0  rtx_config.o(.constdata)
    __tagsym$$used                           0x08006678   Number         0  rtx_config.o(.constdata)
    .data                                    0x20000000   Section        4  rtx_config.o(.data)
    .data                                    0x20000004   Section       66  main.o(.data)
    .data                                    0x20000048   Section       20  system_stm32f10x.o(.data)
    .data                                    0x2000005c   Section       20  stm32f10x_rcc.o(.data)
    APBAHBPrescTable                         0x2000005c   Data          16  stm32f10x_rcc.o(.data)
    ADCPrescTable                            0x2000006c   Data           4  stm32f10x_rcc.o(.data)
    .data                                    0x20000070   Section        8  can_stm32f103.o(.data)
    CAN1_filterIdx                           0x20000074   Data           2  can_stm32f103.o(.data)
    CAN2_filterIdx                           0x20000076   Data           2  can_stm32f103.o(.data)
    .data                                    0x20000078   Section        1  rtx_can.o(.data)
    first_run_flag                           0x20000078   Data           1  rtx_can.o(.data)
    .data                                    0x2000007c   Section        8  rt_task.o(.data)
    .data                                    0x20000084   Section        4  rt_time.o(.data)
    .data                                    0x20000088   Section        1  hal_cm3.o(.data)
    .data                                    0x2000008c   Section        8  rt_system.o(.data)
    os_lock                                  0x2000008c   Data           1  rt_system.o(.data)
    os_psh_flag                              0x2000008d   Data           1  rt_system.o(.data)
    pend_flags                               0x2000008e   Data           1  rt_system.o(.data)
    .data                                    0x20000094   Section        8  rt_robin.o(.data)
    .data                                    0x2000009c   Section        8  rt_timer.o(.data)
    .bss                                     0x200000a8   Section     7048  rtx_config.o(.bss)
    .bss                                     0x20001c30   Section      804  main.o(.bss)
    .bss                                     0x20001f54   Section      184  init.o(.bss)
    .bss                                     0x2000200c   Section     1692  rtx_can.o(.bss)
    .bss                                     0x200026a8   Section       48  rt_task.o(.bss)
    .bss                                     0x200026d8   Section       48  rt_list.o(.bss)
    STACK                                    0x20002708   Section     1024  startup_stm32f10x_md.o(STACK)

    Global Symbols

    Symbol Name                              Value     Ov Type        Size  Object(Section)

    BuildAttributes$$THM_ISAv4$P$D$K$B$S$PE$A:L22UL41UL21$X:L11$S22US41US21$IEEE1$IW$USESV6$~STKCKD$USESV7$~SHL$OSPACE$EBA8$MICROLIB$REQ8$PRES8$EABIv2 0x00000000   Number         0  anon$$obj.o ABSOLUTE
    __ARM_use_no_argv                        0x00000000   Number         0  main.o ABSOLUTE
    __cpp_initialize__aeabi_                  - Undefined Weak Reference
    __cxa_finalize                            - Undefined Weak Reference
    __decompress                              - Undefined Weak Reference
    _clock_init                               - Undefined Weak Reference
    _microlib_exit                            - Undefined Weak Reference
    __Vectors_Size                           0x000000ec   Number         0  startup_stm32f10x_md.o ABSOLUTE
    __RL_RTX_VER                             0x00000470   Number         0  rt_system.o ABSOLUTE
    __Vectors                                0x08000000   Data           4  startup_stm32f10x_md.o(RESET)
    __Vectors_End                            0x080000ec   Data           0  startup_stm32f10x_md.o(RESET)
    __main                                   0x080000ed   Thumb Code     0  entry.o(.ARM.Collect$$$$00000000)
    _main_stk                                0x080000ed   Thumb Code     0  entry2.o(.ARM.Collect$$$$00000001)
    _main_scatterload                        0x080000f1   Thumb Code     0  entry5.o(.ARM.Collect$$$$00000004)
    __main_after_scatterload                 0x080000f5   Thumb Code     0  entry5.o(.ARM.Collect$$$$00000004)
    _main_clock                              0x080000f5   Thumb Code     0  entry7b.o(.ARM.Collect$$$$00000008)
    _main_cpp_init                           0x080000f5   Thumb Code     0  entry8b.o(.ARM.Collect$$$$0000000A)
    _main_init                               0x080000f5   Thumb Code     0  entry9a.o(.ARM.Collect$$$$0000000B)
    __rt_final_cpp                           0x080000fd   Thumb Code     0  entry10a.o(.ARM.Collect$$$$0000000D)
    __rt_final_exit                          0x080000fd   Thumb Code     0  entry11a.o(.ARM.Collect$$$$0000000F)
    rt_set_PSP                               0x08000101   Thumb Code     6  hal_cm3.o(.emb_text)
    rt_get_PSP                               0x08000107   Thumb Code     6  hal_cm3.o(.emb_text)
    os_set_env                               0x0800010d   Thumb Code    24  hal_cm3.o(.emb_text)
    _alloc_box                               0x08000129   Thumb Code    28  hal_cm3.o(.emb_text)
    _free_box                                0x08000149   Thumb Code    28  hal_cm3.o(.emb_text)
    SVC_Handler                              0x08000169   Thumb Code   124  hal_cm3.o(.emb_text)
    PendSV_Handler                           0x080001f1   Thumb Code    76  hal_cm3.o(.emb_text)
    SysTick_Handler                          0x08000241   Thumb Code     8  hal_cm3.o(.emb_text)
    OS_Tick_Handler                          0x08000249   Thumb Code    12  hal_cm3.o(.emb_text)
    Reset_Handler                            0x08000255   Thumb Code     8  startup_stm32f10x_md.o(.text)
    ADC1_2_IRQHandler                        0x0800026f   Thumb Code     0  startup_stm32f10x_md.o(.text)
    CAN1_RX1_IRQHandler                      0x0800026f   Thumb Code     0  startup_stm32f10x_md.o(.text)
    CAN1_SCE_IRQHandler                      0x0800026f   Thumb Code     0  startup_stm32f10x_md.o(.text)
    DMA1_Channel2_IRQHandler                 0x0800026f   Thumb Code     0  startup_stm32f10x_md.o(.text)
    DMA1_Channel3_IRQHandler                 0x0800026f   Thumb Code     0  startup_stm32f10x_md.o(.text)
    DMA1_Channel4_IRQHandler                 0x0800026f   Thumb Code     0  startup_stm32f10x_md.o(.text)
    DMA1_Channel5_IRQHandler                 0x0800026f   Thumb Code     0  startup_stm32f10x_md.o(.text)
    DMA1_Channel6_IRQHandler                 0x0800026f   Thumb Code     0  startup_stm32f10x_md.o(.text)
    DMA1_Channel7_IRQHandler                 0x0800026f   Thumb Code     0  startup_stm32f10x_md.o(.text)
    EXTI1_IRQHandler                         0x0800026f   Thumb Code     0  startup_stm32f10x_md.o(.text)
    EXTI2_IRQHandler                         0x0800026f   Thumb Code     0  startup_stm32f10x_md.o(.text)
    EXTI3_IRQHandler                         0x0800026f   Thumb Code     0  startup_stm32f10x_md.o(.text)
    FLASH_IRQHandler                         0x0800026f   Thumb Code     0  startup_stm32f10x_md.o(.text)
    I2C1_ER_IRQHandler                       0x0800026f   Thumb Code     0  startup_stm32f10x_md.o(.text)
    I2C1_EV_IRQHandler                       0x0800026f   Thumb Code     0  startup_stm32f10x_md.o(.text)
    I2C2_ER_IRQHandler                       0x0800026f   Thumb Code     0  startup_stm32f10x_md.o(.text)
    I2C2_EV_IRQHandler                       0x0800026f   Thumb Code     0  startup_stm32f10x_md.o(.text)
    PVD_IRQHandler                           0x0800026f   Thumb Code     0  startup_stm32f10x_md.o(.text)
    RCC_IRQHandler                           0x0800026f   Thumb Code     0  startup_stm32f10x_md.o(.text)
    RTCAlarm_IRQHandler                      0x0800026f   Thumb Code     0  startup_stm32f10x_md.o(.text)
    RTC_IRQHandler                           0x0800026f   Thumb Code     0  startup_stm32f10x_md.o(.text)
    SPI1_IRQHandler                          0x0800026f   Thumb Code     0  startup_stm32f10x_md.o(.text)
    SPI2_IRQHandler                          0x0800026f   Thumb Code     0  startup_stm32f10x_md.o(.text)
    TAMPER_IRQHandler                        0x0800026f   Thumb Code     0  startup_stm32f10x_md.o(.text)
    TIM1_BRK_IRQHandler                      0x0800026f   Thumb Code     0  startup_stm32f10x_md.o(.text)
    TIM1_CC_IRQHandler                       0x0800026f   Thumb Code     0  startup_stm32f10x_md.o(.text)
    TIM1_TRG_COM_IRQHandler                  0x0800026f   Thumb Code     0  startup_stm32f10x_md.o(.text)
    TIM1_UP_IRQHandler                       0x0800026f   Thumb Code     0  startup_stm32f10x_md.o(.text)
    TIM2_IRQHandler                          0x0800026f   Thumb Code     0  startup_stm32f10x_md.o(.text)
    TIM3_IRQHandler                          0x0800026f   Thumb Code     0  startup_stm32f10x_md.o(.text)
    TIM4_IRQHandler                          0x0800026f   Thumb Code     0  startup_stm32f10x_md.o(.text)
    USART1_IRQHandler                        0x0800026f   Thumb Code     0  startup_stm32f10x_md.o(.text)
    USART2_IRQHandler                        0x0800026f   Thumb Code     0  startup_stm32f10x_md.o(.text)
    USART3_IRQHandler                        0x0800026f   Thumb Code     0  startup_stm32f10x_md.o(.text)
    USBWakeUp_IRQHandler                     0x0800026f   Thumb Code     0  startup_stm32f10x_md.o(.text)
    WWDG_IRQHandler                          0x0800026f   Thumb Code     0  startup_stm32f10x_md.o(.text)
    os_idle_demon                            0x08000279   Thumb Code     4  rtx_config.o(.text)
    os_tmr_call                              0x0800027d   Thumb Code    20  rtx_config.o(.text)
    os_error                                 0x08000291   Thumb Code     4  rtx_config.o(.text)
    read_ID_addr                             0x08000295   Thumb Code    14  main.o(.text)
    poll_sleep                               0x080002a3   Thumb Code    18  main.o(.text)
    task_watchdog                            0x080002b5   Thumb Code    44  main.o(.text)
    task_recv_CAN                            0x080002e1   Thumb Code   252  main.o(.text)
    task_send_CAN                            0x080003dd   Thumb Code    66  main.o(.text)
    task_AC_detector                         0x0800041f   Thumb Code    66  main.o(.text)
    task_current_report                      0x08000461   Thumb Code   524  main.o(.text)
    task_heart_beat                          0x0800066d   Thumb Code   216  main.o(.text)
    task_conflict_analysis                   0x08000745   Thumb Code   304  main.o(.text)
    task_conflict_monitor                    0x08000875   Thumb Code   366  main.o(.text)
    task_red_led_flash                       0x080009e3   Thumb Code    72  main.o(.text)
    task_green_led_flash                     0x08000a2b   Thumb Code    54  main.o(.text)
    Update_lights                            0x08000a61   Thumb Code   284  main.o(.text)
    Pick_channels                            0x08000b7d   Thumb Code   446  main.o(.text)
    task_lamp_ctl                            0x08000d3b   Thumb Code   164  main.o(.text)
    init                                     0x08000ddf   Thumb Code   304  main.o(.text)
    main                                     0x08000f0f   Thumb Code    24  main.o(.text)
    RCC_Configuration                        0x08000fa9   Thumb Code   112  init.o(.text)
    NVIC_Configuration                       0x08001019   Thumb Code   170  init.o(.text)
    GPIO_Configuration                       0x080010c3   Thumb Code   298  init.o(.text)
    CAN_Configuration                        0x080011ed   Thumb Code   166  init.o(.text)
    Light_Drive_Configuration                0x08001293   Thumb Code    66  init.o(.text)
    Light_Detect_Configuration               0x080012d5   Thumb Code    74  init.o(.text)
    Button_Detect_Configuration              0x0800131f   Thumb Code    40  init.o(.text)
    DMA_Configuration                        0x08001347   Thumb Code    94  init.o(.text)
    ADC_GPIO_Configuration                   0x080013a5   Thumb Code    62  init.o(.text)
    ADC_Configuration_lxb                    0x080013e3   Thumb Code   466  init.o(.text)
    DMAReConfig                              0x080015b5   Thumb Code    46  init.o(.text)
    ADC_Configuration                        0x080015e3   Thumb Code   174  init.o(.text)
    Timer_Configuration                      0x08001691   Thumb Code   338  init.o(.text)
    IWDG_Configuration                       0x080017e3   Thumb Code    32  init.o(.text)
    EXTI_configuration                       0x08001803   Thumb Code   554  init.o(.text)
    BKP_Configuration                        0x08001a2d   Thumb Code    24  init.o(.text)
    Device_Init                              0x08001a45   Thumb Code    32  init.o(.text)
    SWITs_Enable                             0x08001a65   Thumb Code   126  init.o(.text)
    AC_Detect_Enable                         0x08001ae3   Thumb Code    46  init.o(.text)
    SystemInit                               0x08001bed   Thumb Code    78  system_stm32f10x.o(.text)
    SystemCoreClockUpdate                    0x08001c3b   Thumb Code   142  system_stm32f10x.o(.text)
    NMI_Handler                              0x08001ced   Thumb Code     2  stm32f10x_it.o(.text)
    HardFault_Handler                        0x08001cef   Thumb Code     4  stm32f10x_it.o(.text)
    MemManage_Handler                        0x08001cf3   Thumb Code     4  stm32f10x_it.o(.text)
    BusFault_Handler                         0x08001cf7   Thumb Code     4  stm32f10x_it.o(.text)
    UsageFault_Handler                       0x08001cfb   Thumb Code     4  stm32f10x_it.o(.text)
    DebugMon_Handler                         0x08001cff   Thumb Code     2  stm32f10x_it.o(.text)
    EXTI0_IRQHandler                         0x08001d01   Thumb Code    28  stm32f10x_it.o(.text)
    EXTI4_IRQHandler                         0x08001d1d   Thumb Code    28  stm32f10x_it.o(.text)
    EXTI9_5_IRQHandler                       0x08001d39   Thumb Code   140  stm32f10x_it.o(.text)
    EXTI15_10_IRQHandler                     0x08001dc5   Thumb Code   182  stm32f10x_it.o(.text)
    DMA1_Channel1_IRQHandler                 0x08001e7b   Thumb Code    28  stm32f10x_it.o(.text)
    NVIC_PriorityGroupConfig                 0x08001ea1   Thumb Code    10  misc.o(.text)
    NVIC_Init                                0x08001eab   Thumb Code   102  misc.o(.text)
    NVIC_SetVectorTable                      0x08001f11   Thumb Code    14  misc.o(.text)
    NVIC_SystemLPConfig                      0x08001f1f   Thumb Code    34  misc.o(.text)
    SysTick_CLKSourceConfig                  0x08001f41   Thumb Code    40  misc.o(.text)
    ADC_DeInit                               0x08001f7d   Thumb Code    78  stm32f10x_adc.o(.text)
    ADC_Init                                 0x08001fcb   Thumb Code    70  stm32f10x_adc.o(.text)
    ADC_StructInit                           0x08002011   Thumb Code    18  stm32f10x_adc.o(.text)
    ADC_Cmd                                  0x08002023   Thumb Code    22  stm32f10x_adc.o(.text)
    ADC_DMACmd                               0x08002039   Thumb Code    22  stm32f10x_adc.o(.text)
    ADC_ITConfig                             0x0800204f   Thumb Code    24  stm32f10x_adc.o(.text)
    ADC_ResetCalibration                     0x08002067   Thumb Code    10  stm32f10x_adc.o(.text)
    ADC_GetResetCalibrationStatus            0x08002071   Thumb Code    20  stm32f10x_adc.o(.text)
    ADC_StartCalibration                     0x08002085   Thumb Code    10  stm32f10x_adc.o(.text)
    ADC_GetCalibrationStatus                 0x0800208f   Thumb Code    20  stm32f10x_adc.o(.text)
    ADC_SoftwareStartConvCmd                 0x080020a3   Thumb Code    22  stm32f10x_adc.o(.text)
    ADC_GetSoftwareStartConvStatus           0x080020b9   Thumb Code    20  stm32f10x_adc.o(.text)
    ADC_DiscModeChannelCountConfig           0x080020cd   Thumb Code    24  stm32f10x_adc.o(.text)
    ADC_DiscModeCmd                          0x080020e5   Thumb Code    22  stm32f10x_adc.o(.text)
    ADC_RegularChannelConfig                 0x080020fb   Thumb Code   184  stm32f10x_adc.o(.text)
    ADC_ExternalTrigConvCmd                  0x080021b3   Thumb Code    22  stm32f10x_adc.o(.text)
    ADC_GetConversionValue                   0x080021c9   Thumb Code     8  stm32f10x_adc.o(.text)
    ADC_GetDualModeConversionValue           0x080021d1   Thumb Code     8  stm32f10x_adc.o(.text)
    ADC_AutoInjectedConvCmd                  0x080021d9   Thumb Code    22  stm32f10x_adc.o(.text)
    ADC_InjectedDiscModeCmd                  0x080021ef   Thumb Code    22  stm32f10x_adc.o(.text)
    ADC_ExternalTrigInjectedConvConfig       0x08002205   Thumb Code    16  stm32f10x_adc.o(.text)
    ADC_ExternalTrigInjectedConvCmd          0x08002215   Thumb Code    22  stm32f10x_adc.o(.text)
    ADC_SoftwareStartInjectedConvCmd         0x0800222b   Thumb Code    22  stm32f10x_adc.o(.text)
    ADC_GetSoftwareStartInjectedConvCmdStatus 0x08002241   Thumb Code    20  stm32f10x_adc.o(.text)
    ADC_InjectedChannelConfig                0x08002255   Thumb Code   130  stm32f10x_adc.o(.text)
    ADC_InjectedSequencerLengthConfig        0x080022d7   Thumb Code    24  stm32f10x_adc.o(.text)
    ADC_SetInjectedOffset                    0x080022ef   Thumb Code    20  stm32f10x_adc.o(.text)
    ADC_GetInjectedConversionValue           0x08002303   Thumb Code    28  stm32f10x_adc.o(.text)
    ADC_AnalogWatchdogCmd                    0x0800231f   Thumb Code    16  stm32f10x_adc.o(.text)
    ADC_AnalogWatchdogThresholdsConfig       0x0800232f   Thumb Code     6  stm32f10x_adc.o(.text)
    ADC_AnalogWatchdogSingleChannelConfig    0x08002335   Thumb Code    16  stm32f10x_adc.o(.text)
    ADC_TempSensorVrefintCmd                 0x08002345   Thumb Code    64  stm32f10x_adc.o(.text)
    ADC_GetFlagStatus                        0x08002385   Thumb Code    18  stm32f10x_adc.o(.text)
    ADC_ClearFlag                            0x08002397   Thumb Code     6  stm32f10x_adc.o(.text)
    ADC_GetITStatus                          0x0800239d   Thumb Code    36  stm32f10x_adc.o(.text)
    ADC_ClearITPendingBit                    0x080023c1   Thumb Code    10  stm32f10x_adc.o(.text)
    BKP_DeInit                               0x080023cd   Thumb Code    16  stm32f10x_bkp.o(.text)
    BKP_TamperPinLevelConfig                 0x080023dd   Thumb Code     6  stm32f10x_bkp.o(.text)
    BKP_TamperPinCmd                         0x080023e3   Thumb Code     8  stm32f10x_bkp.o(.text)
    BKP_ITConfig                             0x080023eb   Thumb Code     8  stm32f10x_bkp.o(.text)
    BKP_RTCOutputConfig                      0x080023f3   Thumb Code    22  stm32f10x_bkp.o(.text)
    BKP_SetRTCCalibrationValue               0x08002409   Thumb Code    22  stm32f10x_bkp.o(.text)
    BKP_WriteBackupRegister                  0x0800241f   Thumb Code    24  stm32f10x_bkp.o(.text)
    BKP_ReadBackupRegister                   0x08002437   Thumb Code    26  stm32f10x_bkp.o(.text)
    BKP_GetFlagStatus                        0x08002451   Thumb Code    10  stm32f10x_bkp.o(.text)
    BKP_ClearFlag                            0x0800245b   Thumb Code    18  stm32f10x_bkp.o(.text)
    BKP_GetITStatus                          0x0800246d   Thumb Code    10  stm32f10x_bkp.o(.text)
    BKP_ClearITPendingBit                    0x08002477   Thumb Code    18  stm32f10x_bkp.o(.text)
    CAN_DeInit                               0x08002491   Thumb Code    50  stm32f10x_can.o(.text)
    CAN_Init                                 0x080024c3   Thumb Code   276  stm32f10x_can.o(.text)
    CAN_FilterInit                           0x080025d7   Thumb Code   258  stm32f10x_can.o(.text)
    CAN_StructInit                           0x080026d9   Thumb Code    32  stm32f10x_can.o(.text)
    CAN_SlaveStartBank                       0x080026f9   Thumb Code    48  stm32f10x_can.o(.text)
    CAN_DBGFreeze                            0x08002729   Thumb Code    22  stm32f10x_can.o(.text)
    CAN_TTComModeCmd                         0x0800273f   Thumb Code   118  stm32f10x_can.o(.text)
    CAN_Transmit                             0x080027b5   Thumb Code   304  stm32f10x_can.o(.text)
    CAN_TransmitStatus                       0x080028e5   Thumb Code   136  stm32f10x_can.o(.text)
    CAN_CancelTransmit                       0x0800296d   Thumb Code    48  stm32f10x_can.o(.text)
    CAN_Receive                              0x0800299d   Thumb Code   240  stm32f10x_can.o(.text)
    CAN_FIFORelease                          0x08002a8d   Thumb Code    22  stm32f10x_can.o(.text)
    CAN_MessagePending                       0x08002aa3   Thumb Code    30  stm32f10x_can.o(.text)
    CAN_OperatingModeRequest                 0x08002ac1   Thumb Code   162  stm32f10x_can.o(.text)
    CAN_Sleep                                0x08002b63   Thumb Code    30  stm32f10x_can.o(.text)
    CAN_WakeUp                               0x08002b81   Thumb Code    48  stm32f10x_can.o(.text)
    CAN_GetLastErrorCode                     0x08002bb1   Thumb Code    12  stm32f10x_can.o(.text)
    CAN_GetReceiveErrorCounter               0x08002bbd   Thumb Code    10  stm32f10x_can.o(.text)
    CAN_GetLSBTransmitErrorCounter           0x08002bc7   Thumb Code    12  stm32f10x_can.o(.text)
    CAN_ITConfig                             0x08002bd3   Thumb Code    18  stm32f10x_can.o(.text)
    CAN_GetFlagStatus                        0x08002be5   Thumb Code   120  stm32f10x_can.o(.text)
    CAN_ClearFlag                            0x08002c5d   Thumb Code    52  stm32f10x_can.o(.text)
    CAN_GetITStatus                          0x08002ca1   Thumb Code   306  stm32f10x_can.o(.text)
    CAN_ClearITPendingBit                    0x08002dd3   Thumb Code   162  stm32f10x_can.o(.text)
    DMA_DeInit                               0x08002e79   Thumb Code   324  stm32f10x_dma.o(.text)
    DMA_Init                                 0x08002fbd   Thumb Code    60  stm32f10x_dma.o(.text)
    DMA_StructInit                           0x08002ff9   Thumb Code    26  stm32f10x_dma.o(.text)
    DMA_Cmd                                  0x08003013   Thumb Code    24  stm32f10x_dma.o(.text)
    DMA_ITConfig                             0x0800302b   Thumb Code    18  stm32f10x_dma.o(.text)
    DMA_SetCurrDataCounter                   0x0800303d   Thumb Code     4  stm32f10x_dma.o(.text)
    DMA_GetCurrDataCounter                   0x08003041   Thumb Code     8  stm32f10x_dma.o(.text)
    DMA_GetFlagStatus                        0x08003049   Thumb Code    38  stm32f10x_dma.o(.text)
    DMA_ClearFlag                            0x0800306f   Thumb Code    22  stm32f10x_dma.o(.text)
    DMA_GetITStatus                          0x08003085   Thumb Code    38  stm32f10x_dma.o(.text)
    DMA_ClearITPendingBit                    0x080030ab   Thumb Code    22  stm32f10x_dma.o(.text)
    EXTI_DeInit                              0x080030c9   Thumb Code    28  stm32f10x_exti.o(.text)
    EXTI_Init                                0x080030e5   Thumb Code   142  stm32f10x_exti.o(.text)
    EXTI_StructInit                          0x08003173   Thumb Code    16  stm32f10x_exti.o(.text)
    EXTI_GenerateSWInterrupt                 0x08003183   Thumb Code    16  stm32f10x_exti.o(.text)
    EXTI_GetFlagStatus                       0x08003193   Thumb Code    22  stm32f10x_exti.o(.text)
    EXTI_ClearFlag                           0x080031a9   Thumb Code     8  stm32f10x_exti.o(.text)
    EXTI_GetITStatus                         0x080031b1   Thumb Code    34  stm32f10x_exti.o(.text)
    EXTI_ClearITPendingBit                   0x080031d3   Thumb Code     8  stm32f10x_exti.o(.text)
    FLASH_SetLatency                         0x080031e5   Thumb Code    18  stm32f10x_flash.o(.text)
    FLASH_HalfCycleAccessCmd                 0x080031f7   Thumb Code    22  stm32f10x_flash.o(.text)
    FLASH_PrefetchBufferCmd                  0x0800320d   Thumb Code    22  stm32f10x_flash.o(.text)
    FLASH_Unlock                             0x08003223   Thumb Code    12  stm32f10x_flash.o(.text)
    FLASH_UnlockBank1                        0x0800322f   Thumb Code    12  stm32f10x_flash.o(.text)
    FLASH_Lock                               0x0800323b   Thumb Code    14  stm32f10x_flash.o(.text)
    FLASH_LockBank1                          0x08003249   Thumb Code    14  stm32f10x_flash.o(.text)
    FLASH_GetBank1Status                     0x08003257   Thumb Code    48  stm32f10x_flash.o(.text)
    FLASH_WaitForLastOperation               0x08003287   Thumb Code    38  stm32f10x_flash.o(.text)
    FLASH_ErasePage                          0x080032ad   Thumb Code    72  stm32f10x_flash.o(.text)
    FLASH_EraseAllPages                      0x080032f5   Thumb Code    68  stm32f10x_flash.o(.text)
    FLASH_WaitForLastBank1Operation          0x08003339   Thumb Code    38  stm32f10x_flash.o(.text)
    FLASH_EraseAllBank1Pages                 0x0800335f   Thumb Code    68  stm32f10x_flash.o(.text)
    FLASH_GetReadOutProtectionStatus         0x080033a3   Thumb Code    20  stm32f10x_flash.o(.text)
    FLASH_EraseOptionBytes                   0x080033b7   Thumb Code   150  stm32f10x_flash.o(.text)
    FLASH_ProgramWord                        0x0800344d   Thumb Code   102  stm32f10x_flash.o(.text)
    FLASH_ProgramHalfWord                    0x080034b3   Thumb Code    60  stm32f10x_flash.o(.text)
    FLASH_ProgramOptionByteData              0x080034ef   Thumb Code    72  stm32f10x_flash.o(.text)
    FLASH_EnableWriteProtection              0x08003537   Thumb Code   200  stm32f10x_flash.o(.text)
    FLASH_ReadOutProtection                  0x080035ff   Thumb Code   156  stm32f10x_flash.o(.text)
    FLASH_UserOptionByteConfig               0x0800369b   Thumb Code    88  stm32f10x_flash.o(.text)
    FLASH_GetUserOptionByte                  0x080036f3   Thumb Code     8  stm32f10x_flash.o(.text)
    FLASH_GetWriteProtectionOptionByte       0x080036fb   Thumb Code     6  stm32f10x_flash.o(.text)
    FLASH_GetPrefetchBufferStatus            0x08003701   Thumb Code    20  stm32f10x_flash.o(.text)
    FLASH_ITConfig                           0x08003715   Thumb Code    26  stm32f10x_flash.o(.text)
    FLASH_GetFlagStatus                      0x0800372f   Thumb Code    42  stm32f10x_flash.o(.text)
    FLASH_ClearFlag                          0x08003759   Thumb Code     6  stm32f10x_flash.o(.text)
    FLASH_GetStatus                          0x0800375f   Thumb Code    48  stm32f10x_flash.o(.text)
    GPIO_DeInit                              0x080037a1   Thumb Code   172  stm32f10x_gpio.o(.text)
    GPIO_AFIODeInit                          0x0800384d   Thumb Code    20  stm32f10x_gpio.o(.text)
    GPIO_Init                                0x08003861   Thumb Code   274  stm32f10x_gpio.o(.text)
    GPIO_StructInit                          0x08003973   Thumb Code    16  stm32f10x_gpio.o(.text)
    GPIO_ReadInputDataBit                    0x08003983   Thumb Code    18  stm32f10x_gpio.o(.text)
    GPIO_ReadInputData                       0x08003995   Thumb Code     8  stm32f10x_gpio.o(.text)
    GPIO_ReadOutputDataBit                   0x0800399d   Thumb Code    18  stm32f10x_gpio.o(.text)
    GPIO_ReadOutputData                      0x080039af   Thumb Code     8  stm32f10x_gpio.o(.text)
    GPIO_SetBits                             0x080039b7   Thumb Code     4  stm32f10x_gpio.o(.text)
    GPIO_ResetBits                           0x080039bb   Thumb Code     4  stm32f10x_gpio.o(.text)
    GPIO_WriteBit                            0x080039bf   Thumb Code    10  stm32f10x_gpio.o(.text)
    GPIO_Write                               0x080039c9   Thumb Code     4  stm32f10x_gpio.o(.text)
    GPIO_PinLockConfig                       0x080039cd   Thumb Code    18  stm32f10x_gpio.o(.text)
    GPIO_EventOutputConfig                   0x080039df   Thumb Code    26  stm32f10x_gpio.o(.text)
    GPIO_EventOutputCmd                      0x080039f9   Thumb Code     6  stm32f10x_gpio.o(.text)
    GPIO_PinRemapConfig                      0x080039ff   Thumb Code   138  stm32f10x_gpio.o(.text)
    GPIO_EXTILineConfig                      0x08003a89   Thumb Code    66  stm32f10x_gpio.o(.text)
    GPIO_ETH_MediaInterfaceConfig            0x08003acb   Thumb Code     6  stm32f10x_gpio.o(.text)
    IWDG_WriteAccessCmd                      0x08003af9   Thumb Code     6  stm32f10x_iwdg.o(.text)
    IWDG_SetPrescaler                        0x08003aff   Thumb Code     6  stm32f10x_iwdg.o(.text)
    IWDG_SetReload                           0x08003b05   Thumb Code     6  stm32f10x_iwdg.o(.text)
    IWDG_ReloadCounter                       0x08003b0b   Thumb Code    10  stm32f10x_iwdg.o(.text)
    IWDG_Enable                              0x08003b15   Thumb Code    10  stm32f10x_iwdg.o(.text)
    IWDG_GetFlagStatus                       0x08003b1f   Thumb Code    20  stm32f10x_iwdg.o(.text)
    PWR_DeInit                               0x08003b39   Thumb Code    22  stm32f10x_pwr.o(.text)
    PWR_BackupAccessCmd                      0x08003b4f   Thumb Code     6  stm32f10x_pwr.o(.text)
    PWR_PVDCmd                               0x08003b55   Thumb Code     6  stm32f10x_pwr.o(.text)
    PWR_PVDLevelConfig                       0x08003b5b   Thumb Code    18  stm32f10x_pwr.o(.text)
    PWR_WakeUpPinCmd                         0x08003b6d   Thumb Code     6  stm32f10x_pwr.o(.text)
    PWR_EnterSTOPMode                        0x08003b73   Thumb Code    54  stm32f10x_pwr.o(.text)
    PWR_EnterSTANDBYMode                     0x08003ba9   Thumb Code    42  stm32f10x_pwr.o(.text)
    PWR_GetFlagStatus                        0x08003bd3   Thumb Code    20  stm32f10x_pwr.o(.text)
    PWR_ClearFlag                            0x08003be7   Thumb Code    14  stm32f10x_pwr.o(.text)
    RCC_DeInit                               0x08003c05   Thumb Code    64  stm32f10x_rcc.o(.text)
    RCC_HSEConfig                            0x08003c45   Thumb Code    70  stm32f10x_rcc.o(.text)
    RCC_GetFlagStatus                        0x08003c8b   Thumb Code    56  stm32f10x_rcc.o(.text)
    RCC_WaitForHSEStartUp                    0x08003cc3   Thumb Code    56  stm32f10x_rcc.o(.text)
    RCC_AdjustHSICalibrationValue            0x08003cfb   Thumb Code    20  stm32f10x_rcc.o(.text)
    RCC_HSICmd                               0x08003d0f   Thumb Code     6  stm32f10x_rcc.o(.text)
    RCC_PLLConfig                            0x08003d15   Thumb Code    24  stm32f10x_rcc.o(.text)
    RCC_PLLCmd                               0x08003d2d   Thumb Code     6  stm32f10x_rcc.o(.text)
    RCC_SYSCLKConfig                         0x08003d33   Thumb Code    18  stm32f10x_rcc.o(.text)
    RCC_GetSYSCLKSource                      0x08003d45   Thumb Code    10  stm32f10x_rcc.o(.text)
    RCC_HCLKConfig                           0x08003d4f   Thumb Code    18  stm32f10x_rcc.o(.text)
    RCC_PCLK1Config                          0x08003d61   Thumb Code    18  stm32f10x_rcc.o(.text)
    RCC_PCLK2Config                          0x08003d73   Thumb Code    20  stm32f10x_rcc.o(.text)
    RCC_ITConfig                             0x08003d87   Thumb Code    26  stm32f10x_rcc.o(.text)
    RCC_USBCLKConfig                         0x08003da1   Thumb Code     6  stm32f10x_rcc.o(.text)
    RCC_ADCCLKConfig                         0x08003da7   Thumb Code    18  stm32f10x_rcc.o(.text)
    RCC_LSEConfig                            0x08003db9   Thumb Code    44  stm32f10x_rcc.o(.text)
    RCC_LSICmd                               0x08003de5   Thumb Code     6  stm32f10x_rcc.o(.text)
    RCC_RTCCLKConfig                         0x08003deb   Thumb Code    12  stm32f10x_rcc.o(.text)
    RCC_RTCCLKCmd                            0x08003df7   Thumb Code     8  stm32f10x_rcc.o(.text)
    RCC_GetClocksFreq                        0x08003dff   Thumb Code   192  stm32f10x_rcc.o(.text)
    RCC_AHBPeriphClockCmd                    0x08003ebf   Thumb Code    26  stm32f10x_rcc.o(.text)
    RCC_APB2PeriphClockCmd                   0x08003ed9   Thumb Code    26  stm32f10x_rcc.o(.text)
    RCC_APB1PeriphClockCmd                   0x08003ef3   Thumb Code    26  stm32f10x_rcc.o(.text)
    RCC_APB2PeriphResetCmd                   0x08003f0d   Thumb Code    26  stm32f10x_rcc.o(.text)
    RCC_APB1PeriphResetCmd                   0x08003f27   Thumb Code    26  stm32f10x_rcc.o(.text)
    RCC_BackupResetCmd                       0x08003f41   Thumb Code     8  stm32f10x_rcc.o(.text)
    RCC_ClockSecuritySystemCmd               0x08003f49   Thumb Code     6  stm32f10x_rcc.o(.text)
    RCC_MCOConfig                            0x08003f4f   Thumb Code     6  stm32f10x_rcc.o(.text)
    RCC_ClearFlag                            0x08003f55   Thumb Code    14  stm32f10x_rcc.o(.text)
    RCC_GetITStatus                          0x08003f63   Thumb Code    20  stm32f10x_rcc.o(.text)
    RCC_ClearITPendingBit                    0x08003f77   Thumb Code     6  stm32f10x_rcc.o(.text)
    TIM_DeInit                               0x08003fa9   Thumb Code   424  stm32f10x_tim.o(.text)
    TIM_TimeBaseInit                         0x08004151   Thumb Code   122  stm32f10x_tim.o(.text)
    TIM_OC1Init                              0x080041cb   Thumb Code   132  stm32f10x_tim.o(.text)
    TIM_OC2Init                              0x0800424f   Thumb Code   154  stm32f10x_tim.o(.text)
    TIM_OC3Init                              0x080042e9   Thumb Code   150  stm32f10x_tim.o(.text)
    TIM_OC4Init                              0x0800437f   Thumb Code   182  stm32f10x_tim.o(.text)
    TIM_SetIC4Prescaler                      0x08004435   Thumb Code    26  stm32f10x_tim.o(.text)
    TIM_SetIC3Prescaler                      0x080044d1   Thumb Code    18  stm32f10x_tim.o(.text)
    TIM_SetIC2Prescaler                      0x0800455d   Thumb Code    26  stm32f10x_tim.o(.text)
    TIM_SetIC1Prescaler                      0x080045f9   Thumb Code    18  stm32f10x_tim.o(.text)
    TIM_ICInit                               0x08004677   Thumb Code   150  stm32f10x_tim.o(.text)
    TIM_PWMIConfig                           0x0800470d   Thumb Code   124  stm32f10x_tim.o(.text)
    TIM_BDTRConfig                           0x08004789   Thumb Code    32  stm32f10x_tim.o(.text)
    TIM_TimeBaseStructInit                   0x080047a9   Thumb Code    18  stm32f10x_tim.o(.text)
    TIM_OCStructInit                         0x080047bb   Thumb Code    20  stm32f10x_tim.o(.text)
    TIM_ICStructInit                         0x080047cf   Thumb Code    18  stm32f10x_tim.o(.text)
    TIM_BDTRStructInit                       0x080047e1   Thumb Code    40  stm32f10x_tim.o(.text)
    TIM_Cmd                                  0x08004809   Thumb Code    24  stm32f10x_tim.o(.text)
    TIM_CtrlPWMOutputs                       0x08004821   Thumb Code    30  stm32f10x_tim.o(.text)
    TIM_ITConfig                             0x0800483f   Thumb Code    18  stm32f10x_tim.o(.text)
    TIM_GenerateEvent                        0x08004851   Thumb Code     4  stm32f10x_tim.o(.text)
    TIM_DMAConfig                            0x08004855   Thumb Code    10  stm32f10x_tim.o(.text)
    TIM_DMACmd                               0x0800485f   Thumb Code    18  stm32f10x_tim.o(.text)
    TIM_InternalClockConfig                  0x08004871   Thumb Code    12  stm32f10x_tim.o(.text)
    TIM_SelectInputTrigger                   0x0800487d   Thumb Code    18  stm32f10x_tim.o(.text)
    TIM_ITRxExternalClockConfig              0x0800488f   Thumb Code    24  stm32f10x_tim.o(.text)
    TIM_TIxExternalClockConfig               0x080048a7   Thumb Code    62  stm32f10x_tim.o(.text)
    TIM_ETRConfig                            0x080048e5   Thumb Code    28  stm32f10x_tim.o(.text)
    TIM_ETRClockMode1Config                  0x08004901   Thumb Code    54  stm32f10x_tim.o(.text)
    TIM_ETRClockMode2Config                  0x08004937   Thumb Code    32  stm32f10x_tim.o(.text)
    TIM_PrescalerConfig                      0x08004957   Thumb Code     6  stm32f10x_tim.o(.text)
    TIM_CounterModeConfig                    0x0800495d   Thumb Code    18  stm32f10x_tim.o(.text)
    TIM_EncoderInterfaceConfig               0x0800496f   Thumb Code    66  stm32f10x_tim.o(.text)
    TIM_ForcedOC1Config                      0x080049b1   Thumb Code    18  stm32f10x_tim.o(.text)
    TIM_ForcedOC2Config                      0x080049c3   Thumb Code    26  stm32f10x_tim.o(.text)
    TIM_ForcedOC3Config                      0x080049dd   Thumb Code    18  stm32f10x_tim.o(.text)
    TIM_ForcedOC4Config                      0x080049ef   Thumb Code    26  stm32f10x_tim.o(.text)
    TIM_ARRPreloadConfig                     0x08004a09   Thumb Code    24  stm32f10x_tim.o(.text)
    TIM_SelectCOM                            0x08004a21   Thumb Code    24  stm32f10x_tim.o(.text)
    TIM_SelectCCDMA                          0x08004a39   Thumb Code    24  stm32f10x_tim.o(.text)
    TIM_CCPreloadControl                     0x08004a51   Thumb Code    24  stm32f10x_tim.o(.text)
    TIM_OC1PreloadConfig                     0x08004a69   Thumb Code    18  stm32f10x_tim.o(.text)
    TIM_OC2PreloadConfig                     0x08004a7b   Thumb Code    26  stm32f10x_tim.o(.text)
    TIM_OC3PreloadConfig                     0x08004a95   Thumb Code    18  stm32f10x_tim.o(.text)
    TIM_OC4PreloadConfig                     0x08004aa7   Thumb Code    26  stm32f10x_tim.o(.text)
    TIM_OC1FastConfig                        0x08004ac1   Thumb Code    18  stm32f10x_tim.o(.text)
    TIM_OC2FastConfig                        0x08004ad3   Thumb Code    26  stm32f10x_tim.o(.text)
    TIM_OC3FastConfig                        0x08004aed   Thumb Code    18  stm32f10x_tim.o(.text)
    TIM_OC4FastConfig                        0x08004aff   Thumb Code    26  stm32f10x_tim.o(.text)
    TIM_ClearOC1Ref                          0x08004b19   Thumb Code    18  stm32f10x_tim.o(.text)
    TIM_ClearOC2Ref                          0x08004b2b   Thumb Code    24  stm32f10x_tim.o(.text)
    TIM_ClearOC3Ref                          0x08004b43   Thumb Code    18  stm32f10x_tim.o(.text)
    TIM_ClearOC4Ref                          0x08004b55   Thumb Code    24  stm32f10x_tim.o(.text)
    TIM_OC1PolarityConfig                    0x08004b6d   Thumb Code    18  stm32f10x_tim.o(.text)
    TIM_OC1NPolarityConfig                   0x08004b7f   Thumb Code    18  stm32f10x_tim.o(.text)
    TIM_OC2PolarityConfig                    0x08004b91   Thumb Code    26  stm32f10x_tim.o(.text)
    TIM_OC2NPolarityConfig                   0x08004bab   Thumb Code    26  stm32f10x_tim.o(.text)
    TIM_OC3PolarityConfig                    0x08004bc5   Thumb Code    26  stm32f10x_tim.o(.text)
    TIM_OC3NPolarityConfig                   0x08004bdf   Thumb Code    26  stm32f10x_tim.o(.text)
    TIM_OC4PolarityConfig                    0x08004bf9   Thumb Code    26  stm32f10x_tim.o(.text)
    TIM_CCxCmd                               0x08004c13   Thumb Code    30  stm32f10x_tim.o(.text)
    TIM_CCxNCmd                              0x08004c31   Thumb Code    30  stm32f10x_tim.o(.text)
    TIM_SelectOCxM                           0x08004c4f   Thumb Code    82  stm32f10x_tim.o(.text)
    TIM_UpdateDisableConfig                  0x08004ca1   Thumb Code    24  stm32f10x_tim.o(.text)
    TIM_UpdateRequestConfig                  0x08004cb9   Thumb Code    24  stm32f10x_tim.o(.text)
    TIM_SelectHallSensor                     0x08004cd1   Thumb Code    24  stm32f10x_tim.o(.text)
    TIM_SelectOnePulseMode                   0x08004ce9   Thumb Code    18  stm32f10x_tim.o(.text)
    TIM_SelectOutputTrigger                  0x08004cfb   Thumb Code    18  stm32f10x_tim.o(.text)
    TIM_SelectSlaveMode                      0x08004d0d   Thumb Code    18  stm32f10x_tim.o(.text)
    TIM_SelectMasterSlaveMode                0x08004d1f   Thumb Code    18  stm32f10x_tim.o(.text)
    TIM_SetCounter                           0x08004d31   Thumb Code     4  stm32f10x_tim.o(.text)
    TIM_SetAutoreload                        0x08004d35   Thumb Code     4  stm32f10x_tim.o(.text)
    TIM_SetCompare1                          0x08004d39   Thumb Code     4  stm32f10x_tim.o(.text)
    TIM_SetCompare2                          0x08004d3d   Thumb Code     4  stm32f10x_tim.o(.text)
    TIM_SetCompare3                          0x08004d41   Thumb Code     4  stm32f10x_tim.o(.text)
    TIM_SetCompare4                          0x08004d45   Thumb Code     6  stm32f10x_tim.o(.text)
    TIM_SetClockDivision                     0x08004d4b   Thumb Code    18  stm32f10x_tim.o(.text)
    TIM_GetCapture1                          0x08004d5d   Thumb Code     6  stm32f10x_tim.o(.text)
    TIM_GetCapture2                          0x08004d63   Thumb Code     6  stm32f10x_tim.o(.text)
    TIM_GetCapture3                          0x08004d69   Thumb Code     6  stm32f10x_tim.o(.text)
    TIM_GetCapture4                          0x08004d6f   Thumb Code     8  stm32f10x_tim.o(.text)
    TIM_GetCounter                           0x08004d77   Thumb Code     6  stm32f10x_tim.o(.text)
    TIM_GetPrescaler                         0x08004d7d   Thumb Code     6  stm32f10x_tim.o(.text)
    TIM_GetFlagStatus                        0x08004d83   Thumb Code    18  stm32f10x_tim.o(.text)
    TIM_ClearFlag                            0x08004d95   Thumb Code     6  stm32f10x_tim.o(.text)
    TIM_GetITStatus                          0x08004d9b   Thumb Code    34  stm32f10x_tim.o(.text)
    TIM_ClearITPendingBit                    0x08004dbd   Thumb Code     6  stm32f10x_tim.o(.text)
    CAN_hw_setup                             0x08004e4b   Thumb Code   136  can_stm32f103.o(.text)
    CAN_hw_init                              0x08004ed3   Thumb Code    40  can_stm32f103.o(.text)
    CAN_hw_start                             0x08004efb   Thumb Code    32  can_stm32f103.o(.text)
    CAN_hw_testmode                          0x08004f1b   Thumb Code    30  can_stm32f103.o(.text)
    CAN_hw_tx_empty                          0x08004f39   Thumb Code    62  can_stm32f103.o(.text)
    CAN_hw_wr                                0x08004f77   Thumb Code   184  can_stm32f103.o(.text)
    CAN_hw_set                               0x080050d9   Thumb Code     6  can_stm32f103.o(.text)
    CAN_hw_rx_object                         0x08005359   Thumb Code   168  can_stm32f103.o(.text)
    CAN_hw_tx_object                         0x08005401   Thumb Code     6  can_stm32f103.o(.text)
    USB_HP_CAN1_TX_IRQHandler                0x08005407   Thumb Code    76  can_stm32f103.o(.text)
    USB_LP_CAN1_RX0_IRQHandler               0x08005453   Thumb Code    68  can_stm32f103.o(.text)
    CAN_init                                 0x080054cd   Thumb Code   120  rtx_can.o(.text)
    CAN_start                                0x08005545   Thumb Code    12  rtx_can.o(.text)
    CAN_send                                 0x0800560f   Thumb Code    24  rtx_can.o(.text)
    CAN_request                              0x08005627   Thumb Code    24  rtx_can.o(.text)
    CAN_set                                  0x0800563f   Thumb Code    80  rtx_can.o(.text)
    CAN_receive                              0x080056d1   Thumb Code    20  rtx_can.o(.text)
    CAN_rx_object                            0x080056e5   Thumb Code    28  rtx_can.o(.text)
    CAN_tx_object                            0x08005701   Thumb Code    20  rtx_can.o(.text)
    __aeabi_memset                           0x08005745   Thumb Code    14  memseta.o(.text)
    __aeabi_memset4                          0x08005745   Thumb Code     0  memseta.o(.text)
    __aeabi_memset8                          0x08005745   Thumb Code     0  memseta.o(.text)
    __aeabi_memclr                           0x08005753   Thumb Code     4  memseta.o(.text)
    __aeabi_memclr4                          0x08005753   Thumb Code     0  memseta.o(.text)
    __aeabi_memclr8                          0x08005753   Thumb Code     0  memseta.o(.text)
    _memset$wrapper                          0x08005757   Thumb Code    18  memseta.o(.text)
    __scatterload                            0x08005769   Thumb Code    28  init.o(.text)
    __scatterload_rt2                        0x08005769   Thumb Code     0  init.o(.text)
    SVC_Count                                0x0800578c   Data           4  SVC_Table.o(SVC_TABLE)
    SVC_Table                                0x08005790   Data           0  SVC_Table.o(SVC_TABLE)
    __scatterload_copy                       0x08005791   Thumb Code    14  handlers.o(i.__scatterload_copy)
    __scatterload_null                       0x0800579f   Thumb Code     2  handlers.o(i.__scatterload_null)
    __scatterload_zeroinit                   0x080057a1   Thumb Code    14  handlers.o(i.__scatterload_zeroinit)
    _calloc_box                              0x080057af   Thumb Code    30  rt_membox.o(i._calloc_box)
    _init_box                                0x080057cd   Thumb Code    70  rt_membox.o(i._init_box)
    dbg_init                                 0x08005815   Thumb Code    34  hal_cm3.o(i.dbg_init)
    dbg_task_notify                          0x08005845   Thumb Code    32  hal_cm3.o(i.dbg_task_notify)
    dbg_task_switch                          0x08005865   Thumb Code    16  hal_cm3.o(i.dbg_task_switch)
    isr_evt_set                              0x08005875   Thumb Code    34  rt_event.o(i.isr_evt_set)
    isr_mbx_receive                          0x0800589d   Thumb Code    84  rt_mailbox.o(i.isr_mbx_receive)
    isr_mbx_send                             0x080058f1   Thumb Code    14  rt_mailbox.o(i.isr_mbx_send)
    isr_sem_send                             0x080058ff   Thumb Code    16  rt_semaphore.o(i.isr_sem_send)
    os_tick_init                             0x08005911   Thumb Code    32  rt_system.o(i.os_tick_init)
    os_tick_irqack                           0x08005939   Thumb Code     2  rt_system.o(i.os_tick_irqack)
    rt_alloc_box                             0x0800593b   Thumb Code    26  rt_membox.o(i.rt_alloc_box)
    rt_block                                 0x08005955   Thumb Code    48  rt_task.o(i.rt_block)
    rt_chk_robin                             0x0800598d   Thumb Code    60  rt_robin.o(i.rt_chk_robin)
    rt_dec_dly                               0x080059d5   Thumb Code   106  rt_list.o(i.rt_dec_dly)
    rt_dispatch                              0x08005a49   Thumb Code    60  rt_task.o(i.rt_dispatch)
    rt_dly_wait                              0x08005a8d   Thumb Code     6  rt_time.o(i.rt_dly_wait)
    rt_evt_clr                               0x08005a95   Thumb Code    22  rt_event.o(i.rt_evt_clr)
    rt_evt_psh                               0x08005ab1   Thumb Code    72  rt_event.o(i.rt_evt_psh)
    rt_evt_set                               0x08005afd   Thumb Code    90  rt_event.o(i.rt_evt_set)
    rt_evt_wait                              0x08005b5d   Thumb Code    56  rt_event.o(i.rt_evt_wait)
    rt_free_box                              0x08005b99   Thumb Code    32  rt_membox.o(i.rt_free_box)
    rt_get_first                             0x08005bb9   Thumb Code    40  rt_list.o(i.rt_get_first)
    rt_init_robin                            0x08005c25   Thumb Code    14  rt_robin.o(i.rt_init_robin)
    rt_init_stack                            0x08005c3d   Thumb Code    70  hal_cm3.o(i.rt_init_stack)
    rt_itv_set                               0x08005c8d   Thumb Code    16  rt_time.o(i.rt_itv_set)
    rt_itv_wait                              0x08005ca5   Thumb Code    34  rt_time.o(i.rt_itv_wait)
    rt_mbx_check                             0x08005cd1   Thumb Code     8  rt_mailbox.o(i.rt_mbx_check)
    rt_mbx_init                              0x08005cd9   Thumb Code    26  rt_mailbox.o(i.rt_mbx_init)
    rt_mbx_psh                               0x08005cf5   Thumb Code   188  rt_mailbox.o(i.rt_mbx_psh)
    rt_mbx_send                              0x08005db5   Thumb Code   154  rt_mailbox.o(i.rt_mbx_send)
    rt_mbx_wait                              0x08005e55   Thumb Code   178  rt_mailbox.o(i.rt_mbx_wait)
    rt_mut_init                              0x08005f0d   Thumb Code    16  rt_mutex.o(i.rt_mut_init)
    rt_mut_release                           0x08005f1d   Thumb Code   164  rt_mutex.o(i.rt_mut_release)
    rt_mut_wait                              0x08005fc9   Thumb Code    96  rt_mutex.o(i.rt_mut_wait)
    rt_pop_req                               0x0800602d   Thumb Code   106  rt_system.o(i.rt_pop_req)
    rt_psh_req                               0x080060a5   Thumb Code    22  rt_system.o(i.rt_psh_req)
    rt_psq_enq                               0x080060c5   Thumb Code    82  rt_list.o(i.rt_psq_enq)
    rt_put_dly                               0x0800611d   Thumb Code    68  rt_list.o(i.rt_put_dly)
    rt_put_prio                              0x08006165   Thumb Code    54  rt_list.o(i.rt_put_prio)
    rt_put_rdy_first                         0x0800619d   Thumb Code    14  rt_list.o(i.rt_put_rdy_first)
    rt_resort_prio                           0x080061b1   Thumb Code    46  rt_list.o(i.rt_resort_prio)
    rt_rmv_dly                               0x080061e5   Thumb Code    40  rt_list.o(i.rt_rmv_dly)
    rt_rmv_list                              0x0800620d   Thumb Code    44  rt_list.o(i.rt_rmv_list)
    rt_sem_init                              0x0800623d   Thumb Code    12  rt_semaphore.o(i.rt_sem_init)
    rt_sem_psh                               0x08006249   Thumb Code    46  rt_semaphore.o(i.rt_sem_psh)
    rt_sem_send                              0x0800627d   Thumb Code    52  rt_semaphore.o(i.rt_sem_send)
    rt_sem_wait                              0x080062b5   Thumb Code    56  rt_semaphore.o(i.rt_sem_wait)
    rt_stk_check                             0x080062f1   Thumb Code    28  rt_system.o(i.rt_stk_check)
    rt_switch_req                            0x08006315   Thumb Code    30  rt_task.o(i.rt_switch_req)
    rt_sys_init                              0x0800633d   Thumb Code   266  rt_task.o(i.rt_sys_init)
    rt_systick                               0x08006495   Thumb Code    48  rt_system.o(i.rt_systick)
    rt_tmr_tick                              0x080064d1   Thumb Code    56  rt_timer.o(i.rt_tmr_tick)
    rt_tsk_create                            0x08006511   Thumb Code   126  rt_task.o(i.rt_tsk_create)
    rt_tsk_delete                            0x080065a5   Thumb Code   162  rt_task.o(i.rt_tsk_delete)
    os_maxtaskrun                            0x08006660   Data           2  rtx_config.o(.constdata)
    os_stackinfo                             0x08006664   Data           4  rtx_config.o(.constdata)
    os_rrobin                                0x08006668   Data           4  rtx_config.o(.constdata)
    os_trv                                   0x0800666c   Data           4  rtx_config.o(.constdata)
    os_flags                                 0x08006670   Data           1  rtx_config.o(.constdata)
    os_clockrate                             0x08006674   Data           4  rtx_config.o(.constdata)
    os_timernum                              0x08006678   Data           4  rtx_config.o(.constdata)
    mp_tcb_size                              0x0800667c   Data           2  rtx_config.o(.constdata)
    mp_stk_size                              0x08006680   Data           4  rtx_config.o(.constdata)
    os_fifo_size                             0x08006684   Data           1  rtx_config.o(.constdata)
    mp_tmr_size                              0x08006686   Data           2  rtx_config.o(.constdata)
    Region$$Table$$Base                      0x08006688   Number         0  anon$$obj.o(Region$$Table)
    Region$$Table$$Limit                     0x080066a8   Number         0  anon$$obj.o(Region$$Table)
    m_tmr                                    0x20000000   Data           4  rtx_config.o(.data)
    Lights_status_1                          0x20000004   Data           3  main.o(.data)
    Lights_status_2                          0x20000007   Data           3  main.o(.data)
    Channels_enabled                         0x2000000a   Data           1  main.o(.data)
    Walker_channels                          0x2000000b   Data           1  main.o(.data)
    ID_Num                                   0x2000000c   Data           1  main.o(.data)
    Work_normal                              0x2000000d   Data           1  main.o(.data)
    Last_error                               0x2000000e   Data           2  main.o(.data)
    AC_power_exist                           0x20000010   Data           1  main.o(.data)
    timer_count                              0x20000012   Data           2  main.o(.data)
    tid_send_CAN                             0x20000014   Data           4  main.o(.data)
    tid_recv_CAN                             0x20000018   Data           4  main.o(.data)
    tid_lamp_ctl                             0x2000001c   Data           4  main.o(.data)
    tid_green_led_flash                      0x20000020   Data           4  main.o(.data)
    tid_red_led_flash                        0x20000024   Data           4  main.o(.data)
    tid_conflict_monitor                     0x20000028   Data           4  main.o(.data)
    tid_conflict_analysis                    0x2000002c   Data           4  main.o(.data)
    tid_heart_beat                           0x20000030   Data           4  main.o(.data)
    tid_current_report                       0x20000034   Data           4  main.o(.data)
    tid_AC_detector                          0x20000038   Data           4  main.o(.data)
    tid_watchdog                             0x2000003c   Data           4  main.o(.data)
    Picked_lights_status_map                 0x20000040   Data           2  main.o(.data)
    conflict_map                             0x20000042   Data           2  main.o(.data)
    ADC_status_map                           0x20000044   Data           2  main.o(.data)
    SystemCoreClock                          0x20000048   Data           4  system_stm32f10x.o(.data)
    AHBPrescTable                            0x2000004c   Data          16  system_stm32f10x.o(.data)
    CAN_CTRL                                 0x20000070   Data           4  can_stm32f103.o(.data)
    os_tsk                                   0x2000007c   Data           8  rt_task.o(.data)
    os_time                                  0x20000084   Data           4  rt_time.o(.data)
    dbg_msg                                  0x20000088   Data           1  hal_cm3.o(.data)
    os_tick_irqn                             0x20000090   Data           4  rt_system.o(.data)
    os_robin                                 0x20000094   Data           8  rt_robin.o(.data)
    os_tmr                                   0x2000009c   Data           8  rt_timer.o(.data)
    mp_tcb                                   0x200000a8   Data         780  rtx_config.o(.bss)
    mp_stk                                   0x200003b8   Data        6016  rtx_config.o(.bss)
    os_fifo                                  0x20001b38   Data         132  rtx_config.o(.bss)
    os_active_TCB                            0x20001bbc   Data          64  rtx_config.o(.bss)
    mp_tmr                                   0x20001bfc   Data          52  rtx_config.o(.bss)
    test_n                                   0x20001c30   Data          64  main.o(.bss)
    Picked_lights_status                     0x20001c70   Data          12  main.o(.bss)
    ADC_minute_sum                           0x20001c7c   Data          48  main.o(.bss)
    ADC_minute_count                         0x20001cac   Data          24  main.o(.bss)
    mutex_ADC_minute                         0x20001cc4   Data          12  main.o(.bss)
    CAN_send_mailbox                         0x20001cd0   Data          96  main.o(.bss)
    mpool                                    0x20001d30   Data         524  main.o(.bss)
    ADC_buffer                               0x20001f3c   Data          24  main.o(.bss)
    ADC_BUFFER                               0x20001f54   Data         140  init.o(.bss)
    DMA_InitStructure                        0x20001fe0   Data          44  init.o(.bss)
    CAN_mpool                                0x2000200c   Data        1292  rtx_can.o(.bss)
    MBX_tx_ctrl                              0x20002518   Data         192  rtx_can.o(.bss)
    MBX_rx_ctrl                              0x200025d8   Data         192  rtx_can.o(.bss)
    wr_sem                                   0x20002698   Data          16  rtx_can.o(.bss)
    os_idle_TCB                              0x200026a8   Data          48  rt_task.o(.bss)
    os_rdy                                   0x200026d8   Data          24  rt_list.o(.bss)
    os_dly                                   0x200026f0   Data          24  rt_list.o(.bss)
    __initial_sp                             0x20002b08   Data           0  startup_stm32f10x_md.o(STACK)



==============================================================================

Memory Map of the image

  Image Entry point : 0x08000255

  Load Region LR_1 (Base: 0x08000000, Size: 0x0000674c, Max: 0xffffffff, ABSOLUTE)

    Execution Region ER_RO (Base: 0x08000000, Size: 0x000066a8, Max: 0xffffffff, ABSOLUTE)

    Base Addr    Size         Type   Attr      Idx    E Section Name        Object

    0x08000000   0x000000ec   Data   RO            3    RESET               startup_stm32f10x_md.o
    0x080000ec   0x00000000   Code   RO         1116  * .ARM.Collect$$$$00000000  mc_w.l(entry.o)
    0x080000ec   0x00000004   Code   RO         1121    .ARM.Collect$$$$00000001  mc_w.l(entry2.o)
    0x080000f0   0x00000004   Code   RO         1124    .ARM.Collect$$$$00000004  mc_w.l(entry5.o)
    0x080000f4   0x00000000   Code   RO         1126    .ARM.Collect$$$$00000008  mc_w.l(entry7b.o)
    0x080000f4   0x00000000   Code   RO         1128    .ARM.Collect$$$$0000000A  mc_w.l(entry8b.o)
    0x080000f4   0x00000008   Code   RO         1129    .ARM.Collect$$$$0000000B  mc_w.l(entry9a.o)
    0x080000fc   0x00000000   Code   RO         1131    .ARM.Collect$$$$0000000D  mc_w.l(entry10a.o)
    0x080000fc   0x00000000   Code   RO         1133    .ARM.Collect$$$$0000000F  mc_w.l(entry11a.o)
    0x080000fc   0x00000004   Code   RO         1122    .ARM.Collect$$$$00002712  mc_w.l(entry2.o)
    0x08000100   0x00000154   Code   RO          861    .emb_text           RTX_CM3.LIB(hal_cm3.o)
    0x08000254   0x00000024   Code   RO            4  * .text               startup_stm32f10x_md.o
    0x08000278   0x0000001c   Code   RO           10    .text               rtx_config.o
    0x08000294   0x00000d14   Code   RO           38    .text               main.o
    0x08000fa8   0x00000b68   Code   RO          147    .text               init.o
    0x08001b10   0x000001dc   Code   RO          163    .text               system_stm32f10x.o
    0x08001cec   0x000001b4   Code   RO          181    .text               stm32f10x_it.o
    0x08001ea0   0x000000dc   Code   RO          210    .text               misc.o
    0x08001f7c   0x0000044e   Code   RO          222    .text               stm32f10x_adc.o
    0x080023ca   0x00000002   PAD
    0x080023cc   0x000000c4   Code   RO          234    .text               stm32f10x_bkp.o
    0x08002490   0x000009e8   Code   RO          246    .text               stm32f10x_can.o
    0x08002e78   0x00000250   Code   RO          306    .text               stm32f10x_dma.o
    0x080030c8   0x0000011c   Code   RO          318    .text               stm32f10x_exti.o
    0x080031e4   0x000005bc   Code   RO          330    .text               stm32f10x_flash.o
    0x080037a0   0x00000358   Code   RO          354    .text               stm32f10x_gpio.o
    0x08003af8   0x00000040   Code   RO          378    .text               stm32f10x_iwdg.o
    0x08003b38   0x000000cc   Code   RO          390    .text               stm32f10x_pwr.o
    0x08003c04   0x000003a4   Code   RO          402    .text               stm32f10x_rcc.o
    0x08003fa8   0x00000e1a   Code   RO          452    .text               stm32f10x_tim.o
    0x08004dc2   0x00000002   PAD
    0x08004dc4   0x00000708   Code   RO          488    .text               can_stm32f103.o
    0x080054cc   0x00000278   Code   RO          522    .text               rtx_can.o
    0x08005744   0x00000024   Code   RO         1119    .text               mc_w.l(memseta.o)
    0x08005768   0x00000024   Code   RO         1135    .text               mc_w.l(init.o)
    0x0800578c   0x00000004   Code   RO         1086    SVC_TABLE           RTX_CM3.LIB(SVC_Table.o)
    0x08005790   0x0000000e   Code   RO         1139    i.__scatterload_copy  mc_w.l(handlers.o)
    0x0800579e   0x00000002   Code   RO         1140    i.__scatterload_null  mc_w.l(handlers.o)
    0x080057a0   0x0000000e   Code   RO         1141    i.__scatterload_zeroinit  mc_w.l(handlers.o)
    0x080057ae   0x0000001e   Code   RO          831    i._calloc_box       RTX_CM3.LIB(rt_membox.o)
    0x080057cc   0x00000046   Code   RO          832    i._init_box         RTX_CM3.LIB(rt_membox.o)
    0x08005812   0x00000002   PAD
    0x08005814   0x00000030   Code   RO          862    i.dbg_init          RTX_CM3.LIB(hal_cm3.o)
    0x08005844   0x00000020   Code   RO          863    i.dbg_task_notify   RTX_CM3.LIB(hal_cm3.o)
    0x08005864   0x00000010   Code   RO          864    i.dbg_task_switch   RTX_CM3.LIB(hal_cm3.o)
    0x08005874   0x00000028   Code   RO          640    i.isr_evt_set       RTX_CM3.LIB(rt_event.o)
    0x0800589c   0x00000054   Code   RO          686    i.isr_mbx_receive   RTX_CM3.LIB(rt_mailbox.o)
    0x080058f0   0x0000000e   Code   RO          687    i.isr_mbx_send      RTX_CM3.LIB(rt_mailbox.o)
    0x080058fe   0x00000010   Code   RO          738    i.isr_sem_send      RTX_CM3.LIB(rt_semaphore.o)
    0x0800590e   0x00000002   PAD
    0x08005910   0x00000028   Code   RO          903    i.os_tick_init      RTX_CM3.LIB(rt_system.o)
    0x08005938   0x00000002   Code   RO          904    i.os_tick_irqack    RTX_CM3.LIB(rt_system.o)
    0x0800593a   0x0000001a   Code   RO          833    i.rt_alloc_box      RTX_CM3.LIB(rt_membox.o)
    0x08005954   0x00000038   Code   RO          541    i.rt_block          RTX_CM3.LIB(rt_task.o)
    0x0800598c   0x00000048   Code   RO         1065    i.rt_chk_robin      RTX_CM3.LIB(rt_robin.o)
    0x080059d4   0x00000074   Code   RO          986    i.rt_dec_dly        RTX_CM3.LIB(rt_list.o)
    0x08005a48   0x00000044   Code   RO          542    i.rt_dispatch       RTX_CM3.LIB(rt_task.o)
    0x08005a8c   0x00000006   Code   RO          774    i.rt_dly_wait       RTX_CM3.LIB(rt_time.o)
    0x08005a92   0x00000002   PAD
    0x08005a94   0x0000001c   Code   RO          641    i.rt_evt_clr        RTX_CM3.LIB(rt_event.o)
    0x08005ab0   0x0000004c   Code   RO          643    i.rt_evt_psh        RTX_CM3.LIB(rt_event.o)
    0x08005afc   0x00000060   Code   RO          644    i.rt_evt_set        RTX_CM3.LIB(rt_event.o)
    0x08005b5c   0x0000003c   Code   RO          645    i.rt_evt_wait       RTX_CM3.LIB(rt_event.o)
    0x08005b98   0x00000020   Code   RO          834    i.rt_free_box       RTX_CM3.LIB(rt_membox.o)
    0x08005bb8   0x00000028   Code   RO          987    i.rt_get_first      RTX_CM3.LIB(rt_list.o)
    0x08005be0   0x00000044   Code   RO          543    i.rt_init_context   RTX_CM3.LIB(rt_task.o)
    0x08005c24   0x00000018   Code   RO         1066    i.rt_init_robin     RTX_CM3.LIB(rt_robin.o)
    0x08005c3c   0x00000050   Code   RO          865    i.rt_init_stack     RTX_CM3.LIB(hal_cm3.o)
    0x08005c8c   0x00000018   Code   RO          775    i.rt_itv_set        RTX_CM3.LIB(rt_time.o)
    0x08005ca4   0x0000002c   Code   RO          776    i.rt_itv_wait       RTX_CM3.LIB(rt_time.o)
    0x08005cd0   0x00000008   Code   RO          688    i.rt_mbx_check      RTX_CM3.LIB(rt_mailbox.o)
    0x08005cd8   0x0000001a   Code   RO          689    i.rt_mbx_init       RTX_CM3.LIB(rt_mailbox.o)
    0x08005cf2   0x00000002   PAD
    0x08005cf4   0x000000c0   Code   RO          690    i.rt_mbx_psh        RTX_CM3.LIB(rt_mailbox.o)
    0x08005db4   0x000000a0   Code   RO          691    i.rt_mbx_send       RTX_CM3.LIB(rt_mailbox.o)
    0x08005e54   0x000000b8   Code   RO          692    i.rt_mbx_wait       RTX_CM3.LIB(rt_mailbox.o)
    0x08005f0c   0x00000010   Code   RO          807    i.rt_mut_init       RTX_CM3.LIB(rt_mutex.o)
    0x08005f1c   0x000000ac   Code   RO          808    i.rt_mut_release    RTX_CM3.LIB(rt_mutex.o)
    0x08005fc8   0x00000064   Code   RO          809    i.rt_mut_wait       RTX_CM3.LIB(rt_mutex.o)
    0x0800602c   0x00000078   Code   RO          905    i.rt_pop_req        RTX_CM3.LIB(rt_system.o)
    0x080060a4   0x00000020   Code   RO          906    i.rt_psh_req        RTX_CM3.LIB(rt_system.o)
    0x080060c4   0x00000058   Code   RO          989    i.rt_psq_enq        RTX_CM3.LIB(rt_list.o)
    0x0800611c   0x00000048   Code   RO          990    i.rt_put_dly        RTX_CM3.LIB(rt_list.o)
    0x08006164   0x00000036   Code   RO          991    i.rt_put_prio       RTX_CM3.LIB(rt_list.o)
    0x0800619a   0x00000002   PAD
    0x0800619c   0x00000014   Code   RO          992    i.rt_put_rdy_first  RTX_CM3.LIB(rt_list.o)
    0x080061b0   0x00000034   Code   RO          993    i.rt_resort_prio    RTX_CM3.LIB(rt_list.o)
    0x080061e4   0x00000028   Code   RO          994    i.rt_rmv_dly        RTX_CM3.LIB(rt_list.o)
    0x0800620c   0x00000030   Code   RO          995    i.rt_rmv_list       RTX_CM3.LIB(rt_list.o)
    0x0800623c   0x0000000c   Code   RO          739    i.rt_sem_init       RTX_CM3.LIB(rt_semaphore.o)
    0x08006248   0x00000034   Code   RO          740    i.rt_sem_psh        RTX_CM3.LIB(rt_semaphore.o)
    0x0800627c   0x00000038   Code   RO          741    i.rt_sem_send       RTX_CM3.LIB(rt_semaphore.o)
    0x080062b4   0x0000003c   Code   RO          742    i.rt_sem_wait       RTX_CM3.LIB(rt_semaphore.o)
    0x080062f0   0x00000024   Code   RO          908    i.rt_stk_check      RTX_CM3.LIB(rt_system.o)
    0x08006314   0x00000028   Code   RO          544    i.rt_switch_req     RTX_CM3.LIB(rt_task.o)
    0x0800633c   0x00000158   Code   RO          545    i.rt_sys_init       RTX_CM3.LIB(rt_task.o)
    0x08006494   0x0000003c   Code   RO          910    i.rt_systick        RTX_CM3.LIB(rt_system.o)
    0x080064d0   0x00000040   Code   RO         1091    i.rt_tmr_tick       RTX_CM3.LIB(rt_timer.o)
    0x08006510   0x00000094   Code   RO          546    i.rt_tsk_create     RTX_CM3.LIB(rt_task.o)
    0x080065a4   0x000000bc   Code   RO          547    i.rt_tsk_delete     RTX_CM3.LIB(rt_task.o)
    0x08006660   0x00000028   Data   RO           12    .constdata          rtx_config.o
    0x08006688   0x00000020   Data   RO         1137    Region$$Table       anon$$obj.o


    Execution Region ER_RW (Base: 0x20000000, Size: 0x000000a4, Max: 0xffffffff, ABSOLUTE)

    Base Addr    Size         Type   Attr      Idx    E Section Name        Object

    0x20000000   0x00000004   Data   RW           13    .data               rtx_config.o
    0x20000004   0x00000042   Data   RW           40    .data               main.o
    0x20000046   0x00000002   PAD
    0x20000048   0x00000014   Data   RW          164    .data               system_stm32f10x.o
    0x2000005c   0x00000014   Data   RW          403    .data               stm32f10x_rcc.o
    0x20000070   0x00000008   Data   RW          489    .data               can_stm32f103.o
    0x20000078   0x00000001   Data   RW          524    .data               rtx_can.o
    0x20000079   0x00000003   PAD
    0x2000007c   0x00000008   Data   RW          552    .data               RTX_CM3.LIB(rt_task.o)
    0x20000084   0x00000004   Data   RW          778    .data               RTX_CM3.LIB(rt_time.o)
    0x20000088   0x00000001   Data   RW          866    .data               RTX_CM3.LIB(hal_cm3.o)
    0x20000089   0x00000003   PAD
    0x2000008c   0x00000008   Data   RW          913    .data               RTX_CM3.LIB(rt_system.o)
    0x20000094   0x00000008   Data   RW         1067    .data               RTX_CM3.LIB(rt_robin.o)
    0x2000009c   0x00000008   Data   RW         1092    .data               RTX_CM3.LIB(rt_timer.o)


    Execution Region ER_ZI (Base: 0x200000a4, Size: 0x00002a64, Max: 0xffffffff, ABSOLUTE)

    Base Addr    Size         Type   Attr      Idx    E Section Name        Object

    0x200000a4   0x00000004   PAD
    0x200000a8   0x00001b88   Zero   RW           11    .bss                rtx_config.o
    0x20001c30   0x00000324   Zero   RW           39    .bss                main.o
    0x20001f54   0x000000b8   Zero   RW          148    .bss                init.o
    0x2000200c   0x0000069c   Zero   RW          523    .bss                rtx_can.o
    0x200026a8   0x00000030   Zero   RW          551    .bss                RTX_CM3.LIB(rt_task.o)
    0x200026d8   0x00000030   Zero   RW          996    .bss                RTX_CM3.LIB(rt_list.o)
    0x20002708   0x00000400   Zero   RW            1    STACK               startup_stm32f10x_md.o


==============================================================================

Image component sizes


      Code (inc. data)   RO Data    RW Data    ZI Data      Debug   Object Name

      1800         78          0          8          0     222766   can_stm32f103.o
      2920         78          0          0        184       5768   init.o
      3348        350          0         66        804     287892   main.o
       220         20          0          0          0       1817   misc.o
       632         48          0          1       1692       5013   rtx_can.o
        28          0         40          4       7048      10095   rtx_config.o
        36          8        236          0       1024        880   startup_stm32f10x_md.o
      1102         26          0          0          0      10849   stm32f10x_adc.o
       196          8          0          0          0       3480   stm32f10x_bkp.o
      2536         36          0          0          0       7868   stm32f10x_can.o
       592          8          0          0          0       4346   stm32f10x_dma.o
       284         10          0          0          0       2251   stm32f10x_exti.o
      1468         34          0          0          0       8046   stm32f10x_flash.o
       856         40          0          0          0       5661   stm32f10x_gpio.o
       436         10          0          0          0       1794   stm32f10x_it.o
        64          6          0          0          0       1261   stm32f10x_iwdg.o
       204         16          0          0          0       1915   stm32f10x_pwr.o
       932         44          0         20          0       8808   stm32f10x_rcc.o
      3610         88          0          0          0      22148   stm32f10x_tim.o
       476         36          0         20          0       1695   system_stm32f10x.o

    ----------------------------------------------------------------------
     21744        944        308        124      10752     614353   Object Totals
         0          0         32          0          0          0   (incl. Generated)
         4          0          0          5          0          0   (incl. Padding)

    ----------------------------------------------------------------------

      Code (inc. data)   RO Data    RW Data    ZI Data      Debug   Library Member Name

         4          4          0          0          0        140   SVC_Table.o
       516         56          0          1          0       2477   hal_cm3.o
       300         26          0          0          0       2459   rt_event.o
       530         36          0          0         48       6805   rt_list.o
       668         16          0          0          0       3711   rt_mailbox.o
       158          0          0          0          0       1971   rt_membox.o
       288         12          0          0          0       1569   rt_mutex.o
        96         22          0          8          0        974   rt_robin.o
       196         14          0          0          0       2282   rt_semaphore.o
       290         52          0          8          0       3343   rt_system.o
       912        156          0          8         48       6290   rt_task.o
        74         18          0          4          0       1251   rt_time.o
        64          8          0          8          0        583   rt_timer.o
         0          0          0          0          0          0   entry.o
         0          0          0          0          0          0   entry10a.o
         0          0          0          0          0          0   entry11a.o
         8          4          0          0          0          0   entry2.o
         4          0          0          0          0          0   entry5.o
         0          0          0          0          0          0   entry7b.o
         0          0          0          0          0          0   entry8b.o
         8          4          0          0          0          0   entry9a.o
        30          0          0          0          0          0   handlers.o
        36          8          0          0          0         68   init.o
        36          0          0          0          0        108   memseta.o

    ----------------------------------------------------------------------
      4228        436          0         40        100      34031   Library Totals
        10          0          0          3          4          0   (incl. Padding)

    ----------------------------------------------------------------------

      Code (inc. data)   RO Data    RW Data    ZI Data      Debug   Library Name

      4096        420          0         37         96      33855   RTX_CM3.LIB
       122         16          0          0          0        176   mc_w.l

    ----------------------------------------------------------------------
      4228        436          0         40        100      34031   Library Totals

    ----------------------------------------------------------------------

==============================================================================


      Code (inc. data)   RO Data    RW Data    ZI Data      Debug   

     25972       1380        308        164      10852     643184   Grand Totals
     25972       1380        308        164      10852     643184   ELF Image Totals
     25972       1380        308        164          0          0   ROM Totals

==============================================================================

    Total RO  Size (Code + RO Data)                26280 (  25.66kB)
    Total RW  Size (RW Data + ZI Data)             11016 (  10.76kB)
    Total ROM Size (Code + RO Data + RW Data)      26444 (  25.82kB)

==============================================================================

